CxlResult:/ihp/departments/D-SYA/work/miglioranza/Symbol_mapper/Symbol_mapper.cache/compile_simlib/xcelium/axis_switch_sc_v1_1/.cxl.systemc.axis_switch_sc_v1_1.axis_switch_sc_v1_1.lin64.rpt =
	ExecutionPlatform = lin64 ,
	SourceLibrary = axis_switch_sc_v1_1 ,
	SourcePath = /ihpusr/xilinx/vivado2021.2/Vivado/2021.2/data/systemc/simlibs/axis_switch_sc/axis_switch_sc_v1_1 ,
	Simulator = xcelium ,
	SimulatorVersion = 20.09-s007 ,
	CompiledLibrary = axis_switch_sc_v1_1 ,
	CompiledPath = /ihp/departments/D-SYA/work/miglioranza/Symbol_mapper/Symbol_mapper.cache/compile_simlib/xcelium/axis_switch_sc_v1_1 ,
	Timestamp = Wed Jul 16 13:24:36 2025 ,
	Time = 1752665075 ,
	Language = systemc ,
	XilinxVersion = 2021.2 ,
	LogFile = /ihp/departments/D-SYA/work/miglioranza/Symbol_mapper/Symbol_mapper.cache/compile_simlib/xcelium/axis_switch_sc_v1_1/.cxl.systemc.axis_switch_sc_v1_1.axis_switch_sc_v1_1.lin64.log ,
	NumOfErrors = 1 ,
	NumOfWarnings = 0 ,
	Error = /usr/bin/g++ -m64 /ihp/departments/D-SYA/work/miglioranza/Symbol_mapper/Symbol_mapper.cache/compile_simlib/xcelium/axis_switch_sc_v1_1/xsc_axis_switch.o  /ihp/ihpusr/cadence/xcelium/20.09/systemc/lib/64bit/gnu/libscBootstrap_sh.so /ihp/ihpusr/cadence/xcelium/20.09/systemc/lib/64bit/gnu/libxmscCoroutines_sh.so /ihp/ihpusr/cadence/xcelium/20.09/systemc/lib/64bit/gnu/libsystemc_sh.so -Wl,-G -L/ihp/departments/D-SYA/work/miglioranza/Symbol_mapper/Symbol_mapper.cache/compile_simlib/xcelium/xtlm -lxtlm -L/ihp/departments/D-SYA/work/miglioranza/Symbol_mapper/Symbol_mapper.cache/compile_simlib/xcelium/common_cpp_v1_0 -lcommon_cpp_v1_0  -shared -o /ihp/departments/D-SYA/work/miglioranza/Symbol_mapper/Symbol_mapper.cache/compile_simlib/xcelium/axis_switch_sc_v1_1/libaxis_switch_sc_v1_1.so ,
