
*** Running vivado
    with args -log Design_2_Control_unit_top_0_0.vds -m64 -product Vivado -mode batch -messageDb vivado.pb -notrace -source Design_2_Control_unit_top_0_0.tcl


****** Vivado v2021.2 (64-bit)
  **** SW Build 3367213 on Tue Oct 19 02:47:39 MDT 2021
  **** IP Build 3369179 on Thu Oct 21 08:25:16 MDT 2021
    ** Copyright 1986-2021 Xilinx, Inc. All Rights Reserved.

source Design_2_Control_unit_top_0_0.tcl -notrace
create_project: Time (s): cpu = 00:00:05 ; elapsed = 00:00:06 . Memory (MB): peak = 3066.770 ; gain = 2.016 ; free physical = 51156 ; free virtual = 115354
INFO: [IP_Flow 19-234] Refreshing IP repositories
INFO: [IP_Flow 19-1700] Loaded user IP repository '/home/miglioranza/Scrambler_32bits'.
INFO: [IP_Flow 19-1700] Loaded user IP repository '/home/miglioranza/Control_unit_transmitter'.
INFO: [IP_Flow 19-1700] Loaded user IP repository '/home/miglioranza/Mapper'.
INFO: [IP_Flow 19-1700] Loaded user IP repository '/home/miglioranza/Interleaver_BB'.
INFO: [IP_Flow 19-1700] Loaded user IP repository '/home/miglioranza/Polyphase_Filter_FI'.
INFO: [IP_Flow 19-1700] Loaded user IP repository '/home/miglioranza/Pre-distorsion_filter'.
INFO: [IP_Flow 19-1700] Loaded user IP repository '/home/miglioranza/Mapper_Tx'.
INFO: [IP_Flow 19-1700] Loaded user IP repository '/home/miglioranza/IP_repository'.
INFO: [IP_Flow 19-1700] Loaded user IP repository '/home/miglioranza/Data_splitter'.
INFO: [IP_Flow 19-1700] Loaded user IP repository '/home/miglioranza/FEC'.
INFO: [IP_Flow 19-2313] Loaded Vivado IP repository '/ihpusr/xilinx/vivado2021.2/Vivado/2021.2/data/ip'.
WARNING: [IP_Flow 19-1663] Duplicate IP found for 'user.org:user:Control_unit_top:1.0'. The one found in IP location '/home/miglioranza/Control_unit_transmitter/Control_unit_transmitter.srcs' will take precedence over the same IP in location /home/miglioranza/Control_unit_transmitter/Control_unit_transmitter.srcs/sources_1/new
WARNING: [IP_Flow 19-1663] Duplicate IP found for 'user.org:user:mapper:1.0'. The one found in IP location '/home/miglioranza/Mapper' will take precedence over the same IP in location /home/miglioranza/Mapper/Mapper_1
Command: synth_design -top Design_2_Control_unit_top_0_0 -part xczu28dr-ffvg1517-2-e -mode out_of_context
Starting synth_design
Attempting to get a license for feature 'Synthesis' and/or device 'xczu28dr'
INFO: [Common 17-349] Got license for feature 'Synthesis' and/or device 'xczu28dr'
INFO: [Device 21-403] Loading part xczu28dr-ffvg1517-2-e
INFO: [Synth 8-7079] Multithreading enabled for synth_design using a maximum of 4 processes.
INFO: [Synth 8-7078] Launching helper process for spawning children vivado processes
INFO: [Synth 8-7075] Helper process launched with PID 1196207
---------------------------------------------------------------------------------
Starting RTL Elaboration : Time (s): cpu = 00:00:03 ; elapsed = 00:00:03 . Memory (MB): peak = 3463.195 ; gain = 228.656 ; free physical = 49855 ; free virtual = 114053
---------------------------------------------------------------------------------
INFO: [Synth 8-638] synthesizing module 'Design_2_Control_unit_top_0_0' [/home/miglioranza/Transmitter/Transmitter.gen/sources_1/bd/Design_2/ip/Design_2_Control_unit_top_0_0/synth/Design_2_Control_unit_top_0_0.vhd:100]
INFO: [Synth 8-3491] module 'Control_unit_top' declared at '/home/miglioranza/Transmitter/Transmitter.gen/sources_1/bd/Design_2/ipshared/7242/sources_1/new/Control_unit_top.vhd:34' bound to instance 'U0' of component 'Control_unit_top' [/home/miglioranza/Transmitter/Transmitter.gen/sources_1/bd/Design_2/ip/Design_2_Control_unit_top_0_0/synth/Design_2_Control_unit_top_0_0.vhd:159]
INFO: [Synth 8-638] synthesizing module 'Control_unit_top' [/home/miglioranza/Transmitter/Transmitter.gen/sources_1/bd/Design_2/ipshared/7242/sources_1/new/Control_unit_top.vhd:132]
INFO: [Synth 8-226] default block is never used [/home/miglioranza/Transmitter/Transmitter.gen/sources_1/bd/Design_2/ipshared/7242/sources_1/new/Control_unit_top.vhd:917]
WARNING: [Synth 8-6014] Unused sequential element signal_field_en_reg was removed.  [/home/miglioranza/Transmitter/Transmitter.gen/sources_1/bd/Design_2/ipshared/7242/sources_1/new/Control_unit_top.vhd:632]
WARNING: [Synth 8-6014] Unused sequential element pilot_insertion_reg was removed.  [/home/miglioranza/Transmitter/Transmitter.gen/sources_1/bd/Design_2/ipshared/7242/sources_1/new/Control_unit_top.vhd:657]
INFO: [Synth 8-256] done synthesizing module 'Control_unit_top' (1#1) [/home/miglioranza/Transmitter/Transmitter.gen/sources_1/bd/Design_2/ipshared/7242/sources_1/new/Control_unit_top.vhd:132]
INFO: [Synth 8-256] done synthesizing module 'Design_2_Control_unit_top_0_0' (2#1) [/home/miglioranza/Transmitter/Transmitter.gen/sources_1/bd/Design_2/ip/Design_2_Control_unit_top_0_0/synth/Design_2_Control_unit_top_0_0.vhd:100]
WARNING: [Synth 8-7129] Port interleaver_dout_last in module Control_unit_top is either unconnected or has no load
WARNING: [Synth 8-7129] Port interleaver_last_frame in module Control_unit_top is either unconnected or has no load
---------------------------------------------------------------------------------
Finished RTL Elaboration : Time (s): cpu = 00:00:04 ; elapsed = 00:00:05 . Memory (MB): peak = 3509.102 ; gain = 274.562 ; free physical = 48888 ; free virtual = 113088
---------------------------------------------------------------------------------
---------------------------------------------------------------------------------
Start Handling Custom Attributes
---------------------------------------------------------------------------------
---------------------------------------------------------------------------------
Finished Handling Custom Attributes : Time (s): cpu = 00:00:05 ; elapsed = 00:00:05 . Memory (MB): peak = 3526.914 ; gain = 292.375 ; free physical = 48886 ; free virtual = 113085
---------------------------------------------------------------------------------
---------------------------------------------------------------------------------
Finished RTL Optimization Phase 1 : Time (s): cpu = 00:00:05 ; elapsed = 00:00:05 . Memory (MB): peak = 3526.914 ; gain = 292.375 ; free physical = 48886 ; free virtual = 113085
---------------------------------------------------------------------------------
Netlist sorting complete. Time (s): cpu = 00:00:00.01 ; elapsed = 00:00:00.01 . Memory (MB): peak = 3526.914 ; gain = 0.000 ; free physical = 48878 ; free virtual = 113077
INFO: [Project 1-570] Preparing netlist for logic optimization

Processing XDC Constraints
Initializing timing engine
Completed Processing XDC Constraints

Netlist sorting complete. Time (s): cpu = 00:00:00 ; elapsed = 00:00:00 . Memory (MB): peak = 3698.758 ; gain = 0.000 ; free physical = 49660 ; free virtual = 113860
INFO: [Project 1-111] Unisim Transformation Summary:
No Unisim elements were transformed.

Constraint Validation Runtime : Time (s): cpu = 00:00:00.04 ; elapsed = 00:00:00.03 . Memory (MB): peak = 3722.570 ; gain = 23.812 ; free physical = 49660 ; free virtual = 113859
---------------------------------------------------------------------------------
Finished Constraint Validation : Time (s): cpu = 00:00:10 ; elapsed = 00:00:11 . Memory (MB): peak = 3722.570 ; gain = 488.031 ; free physical = 49805 ; free virtual = 114004
---------------------------------------------------------------------------------
---------------------------------------------------------------------------------
Start Loading Part and Timing Information
---------------------------------------------------------------------------------
Loading part: xczu28dr-ffvg1517-2-e
INFO: [Synth 8-6742] Reading net delay rules and data
---------------------------------------------------------------------------------
Finished Loading Part and Timing Information : Time (s): cpu = 00:00:10 ; elapsed = 00:00:11 . Memory (MB): peak = 3722.570 ; gain = 488.031 ; free physical = 49805 ; free virtual = 114004
---------------------------------------------------------------------------------
---------------------------------------------------------------------------------
Start Applying 'set_property' XDC Constraints
---------------------------------------------------------------------------------
---------------------------------------------------------------------------------
Finished applying 'set_property' XDC Constraints : Time (s): cpu = 00:00:10 ; elapsed = 00:00:11 . Memory (MB): peak = 3722.570 ; gain = 488.031 ; free physical = 49805 ; free virtual = 114004
---------------------------------------------------------------------------------
---------------------------------------------------------------------------------
Finished RTL Optimization Phase 2 : Time (s): cpu = 00:00:10 ; elapsed = 00:00:12 . Memory (MB): peak = 3722.570 ; gain = 488.031 ; free physical = 49795 ; free virtual = 113995
---------------------------------------------------------------------------------
---------------------------------------------------------------------------------
Start RTL Component Statistics 
---------------------------------------------------------------------------------
Detailed RTL Component Info : 
+---Adders : 
	   2 Input   32 Bit       Adders := 3     
+---Registers : 
	               32 Bit    Registers := 5     
	               31 Bit    Registers := 1     
	               12 Bit    Registers := 1     
	                6 Bit    Registers := 1     
	                3 Bit    Registers := 3     
	                1 Bit    Registers := 12    
+---Multipliers : 
	               4x32  Multipliers := 2     
+---Muxes : 
	   7 Input   32 Bit        Muxes := 4     
	   2 Input   32 Bit        Muxes := 8     
	   7 Input   12 Bit        Muxes := 1     
	   2 Input    6 Bit        Muxes := 1     
	   2 Input    5 Bit        Muxes := 1     
	   2 Input    3 Bit        Muxes := 1     
	   3 Input    3 Bit        Muxes := 1     
	   2 Input    2 Bit        Muxes := 5     
	   7 Input    1 Bit        Muxes := 21    
	   2 Input    1 Bit        Muxes := 8     
	   3 Input    1 Bit        Muxes := 10    
---------------------------------------------------------------------------------
Finished RTL Component Statistics 
---------------------------------------------------------------------------------
---------------------------------------------------------------------------------
Start Part Resource Summary
---------------------------------------------------------------------------------
Part Resources:
DSPs: 4272 (col length:192)
BRAMs: 2160 (col length: RAMB18 192 RAMB36 96)
---------------------------------------------------------------------------------
Finished Part Resource Summary
---------------------------------------------------------------------------------
---------------------------------------------------------------------------------
Start Cross Boundary and Area Optimization
---------------------------------------------------------------------------------
WARNING: [Synth 8-7080] Parallel synthesis criteria is not met
WARNING: [Synth 8-7129] Port interleaver_dout_last in module Control_unit_top is either unconnected or has no load
WARNING: [Synth 8-7129] Port interleaver_last_frame in module Control_unit_top is either unconnected or has no load
---------------------------------------------------------------------------------
Finished Cross Boundary and Area Optimization : Time (s): cpu = 00:00:14 ; elapsed = 00:00:16 . Memory (MB): peak = 3722.570 ; gain = 488.031 ; free physical = 49783 ; free virtual = 113988
---------------------------------------------------------------------------------
---------------------------------------------------------------------------------
Start ROM, RAM, DSP, Shift Register and Retiming Reporting
---------------------------------------------------------------------------------

ROM: Preliminary Mapping Report
+-----------------+---------------------+---------------+----------------+
|Module Name      | RTL Object          | Depth x Width | Implemented As | 
+-----------------+---------------------+---------------+----------------+
|Control_unit_top | pilot_I[0]          | 128x3         | LUT            | 
|Control_unit_top | preamble_lts_ROM[0] | 128x3         | LUT            | 
|Control_unit_top | preamble_sts_ROM[0] | 64x3          | LUT            | 
|Control_unit_top | pilot_I[0]          | 128x3         | LUT            | 
|Control_unit_top | preamble_lts_ROM[0] | 128x3         | LUT            | 
|Control_unit_top | preamble_sts_ROM[0] | 64x3          | LUT            | 
+-----------------+---------------------+---------------+----------------+

---------------------------------------------------------------------------------
Finished ROM, RAM, DSP, Shift Register and Retiming Reporting
---------------------------------------------------------------------------------
---------------------------------------------------------------------------------
Start Applying XDC Timing Constraints
---------------------------------------------------------------------------------
---------------------------------------------------------------------------------
Finished Applying XDC Timing Constraints : Time (s): cpu = 00:00:22 ; elapsed = 00:00:26 . Memory (MB): peak = 3953.277 ; gain = 718.738 ; free physical = 49302 ; free virtual = 113507
---------------------------------------------------------------------------------
---------------------------------------------------------------------------------
Start Timing Optimization
---------------------------------------------------------------------------------
---------------------------------------------------------------------------------
Finished Timing Optimization : Time (s): cpu = 00:00:22 ; elapsed = 00:00:26 . Memory (MB): peak = 3953.277 ; gain = 718.738 ; free physical = 49302 ; free virtual = 113507
---------------------------------------------------------------------------------
---------------------------------------------------------------------------------
Start Technology Mapping
---------------------------------------------------------------------------------
---------------------------------------------------------------------------------
Finished Technology Mapping : Time (s): cpu = 00:00:22 ; elapsed = 00:00:26 . Memory (MB): peak = 3982.324 ; gain = 747.785 ; free physical = 49297 ; free virtual = 113503
---------------------------------------------------------------------------------
---------------------------------------------------------------------------------
Start IO Insertion
---------------------------------------------------------------------------------
---------------------------------------------------------------------------------
Start Flattening Before IO Insertion
---------------------------------------------------------------------------------
---------------------------------------------------------------------------------
Finished Flattening Before IO Insertion
---------------------------------------------------------------------------------
---------------------------------------------------------------------------------
Start Final Netlist Cleanup
---------------------------------------------------------------------------------
---------------------------------------------------------------------------------
Finished Final Netlist Cleanup
---------------------------------------------------------------------------------
---------------------------------------------------------------------------------
Finished IO Insertion : Time (s): cpu = 00:00:25 ; elapsed = 00:00:28 . Memory (MB): peak = 3982.324 ; gain = 747.785 ; free physical = 49297 ; free virtual = 113503
---------------------------------------------------------------------------------
---------------------------------------------------------------------------------
Start Renaming Generated Instances
---------------------------------------------------------------------------------
---------------------------------------------------------------------------------
Finished Renaming Generated Instances : Time (s): cpu = 00:00:25 ; elapsed = 00:00:28 . Memory (MB): peak = 3982.324 ; gain = 747.785 ; free physical = 49297 ; free virtual = 113503
---------------------------------------------------------------------------------
---------------------------------------------------------------------------------
Start Rebuilding User Hierarchy
---------------------------------------------------------------------------------
---------------------------------------------------------------------------------
Finished Rebuilding User Hierarchy : Time (s): cpu = 00:00:25 ; elapsed = 00:00:28 . Memory (MB): peak = 3982.324 ; gain = 747.785 ; free physical = 49297 ; free virtual = 113503
---------------------------------------------------------------------------------
---------------------------------------------------------------------------------
Start Renaming Generated Ports
---------------------------------------------------------------------------------
---------------------------------------------------------------------------------
Finished Renaming Generated Ports : Time (s): cpu = 00:00:25 ; elapsed = 00:00:28 . Memory (MB): peak = 3982.324 ; gain = 747.785 ; free physical = 49297 ; free virtual = 113503
---------------------------------------------------------------------------------
---------------------------------------------------------------------------------
Start Handling Custom Attributes
---------------------------------------------------------------------------------
---------------------------------------------------------------------------------
Finished Handling Custom Attributes : Time (s): cpu = 00:00:25 ; elapsed = 00:00:28 . Memory (MB): peak = 3982.324 ; gain = 747.785 ; free physical = 49297 ; free virtual = 113503
---------------------------------------------------------------------------------
---------------------------------------------------------------------------------
Start Renaming Generated Nets
---------------------------------------------------------------------------------
---------------------------------------------------------------------------------
Finished Renaming Generated Nets : Time (s): cpu = 00:00:25 ; elapsed = 00:00:28 . Memory (MB): peak = 3982.324 ; gain = 747.785 ; free physical = 49297 ; free virtual = 113503
---------------------------------------------------------------------------------
---------------------------------------------------------------------------------
Start Writing Synthesis Report
---------------------------------------------------------------------------------

Report BlackBoxes: 
+-+--------------+----------+
| |BlackBox name |Instances |
+-+--------------+----------+
+-+--------------+----------+

Report Cell Usage: 
+------+-------+------+
|      |Cell   |Count |
+------+-------+------+
|1     |CARRY8 |    44|
|2     |LUT1   |     7|
|3     |LUT2   |   137|
|4     |LUT3   |    15|
|5     |LUT4   |    73|
|6     |LUT5   |   134|
|7     |LUT6   |   138|
|8     |MUXF7  |     9|
|9     |FDCE   |    73|
|10    |FDRE   |   178|
+------+-------+------+
---------------------------------------------------------------------------------
Finished Writing Synthesis Report : Time (s): cpu = 00:00:25 ; elapsed = 00:00:28 . Memory (MB): peak = 3982.324 ; gain = 747.785 ; free physical = 49297 ; free virtual = 113503
---------------------------------------------------------------------------------
Synthesis finished with 0 errors, 0 critical warnings and 3 warnings.
Synthesis Optimization Runtime : Time (s): cpu = 00:00:23 ; elapsed = 00:00:27 . Memory (MB): peak = 3982.324 ; gain = 552.129 ; free physical = 49337 ; free virtual = 113543
Synthesis Optimization Complete : Time (s): cpu = 00:00:25 ; elapsed = 00:00:28 . Memory (MB): peak = 3982.332 ; gain = 747.785 ; free physical = 49337 ; free virtual = 113543
INFO: [Project 1-571] Translating synthesized netlist
Netlist sorting complete. Time (s): cpu = 00:00:00.01 ; elapsed = 00:00:00.01 . Memory (MB): peak = 3993.293 ; gain = 0.000 ; free physical = 49432 ; free virtual = 113637
INFO: [Netlist 29-17] Analyzing 53 Unisim elements for replacement
INFO: [Netlist 29-28] Unisim Transformation completed in 0 CPU seconds
INFO: [Project 1-570] Preparing netlist for logic optimization
INFO: [Opt 31-138] Pushed 0 inverter(s) to 0 load pin(s).
Netlist sorting complete. Time (s): cpu = 00:00:00 ; elapsed = 00:00:00 . Memory (MB): peak = 4075.031 ; gain = 0.000 ; free physical = 49354 ; free virtual = 113560
INFO: [Project 1-111] Unisim Transformation Summary:
No Unisim elements were transformed.

Synth Design complete, checksum: 33316a18
INFO: [Common 17-83] Releasing license: Synthesis
33 Infos, 9 Warnings, 0 Critical Warnings and 0 Errors encountered.
synth_design completed successfully
synth_design: Time (s): cpu = 00:00:38 ; elapsed = 00:01:10 . Memory (MB): peak = 4075.031 ; gain = 1008.262 ; free physical = 49497 ; free virtual = 113702
INFO: [Common 17-1381] The checkpoint '/home/miglioranza/Transmitter/Transmitter.runs/Design_2_Control_unit_top_0_0_synth_1/Design_2_Control_unit_top_0_0.dcp' has been generated.
INFO: [Coretcl 2-1648] Added synthesis output to IP cache for IP Design_2_Control_unit_top_0_0, cache-ID = 710503df412cbbe0
INFO: [Common 17-1381] The checkpoint '/home/miglioranza/Transmitter/Transmitter.runs/Design_2_Control_unit_top_0_0_synth_1/Design_2_Control_unit_top_0_0.dcp' has been generated.
INFO: [runtcl-4] Executing : report_utilization -file Design_2_Control_unit_top_0_0_utilization_synth.rpt -pb Design_2_Control_unit_top_0_0_utilization_synth.pb
INFO: [Common 17-206] Exiting Vivado at Mon Jun  2 16:10:34 2025...
