INFO: [VRFC 10-2263] Analyzing Verilog file "/ihp/departments/D-SYA/work/miglioranza/Encoder/Encoder.sim/sim_1/synth/timing/xsim/LDPC_encoder_tb_time_synth.v" into library xil_defaultlib
INFO: [VRFC 10-311] analyzing module IBUF_UNIQ_BASE_
INFO: [VRFC 10-311] analyzing module IBUF_HD1293
INFO: [VRFC 10-311] analyzing module IBUF_HD1294
INFO: [VRFC 10-311] analyzing module IBUF_HD1295
INFO: [VRFC 10-311] analyzing module IBUF_HD1296
INFO: [VRFC 10-311] analyzing module IBUF_HD1297
INFO: [VRFC 10-311] analyzing module IBUF_HD1298
INFO: [VRFC 10-311] analyzing module IBUF_HD1299
INFO: [VRFC 10-311] analyzing module IBUF_HD1300
INFO: [VRFC 10-311] analyzing module IBUF_HD1301
INFO: [VRFC 10-311] analyzing module IBUF_HD1302
INFO: [VRFC 10-311] analyzing module IBUF_HD1303
INFO: [VRFC 10-311] analyzing module IBUF_HD1304
INFO: [VRFC 10-311] analyzing module IBUF_HD1305
INFO: [VRFC 10-311] analyzing module IBUF_HD1306
INFO: [VRFC 10-311] analyzing module IBUF_HD1307
INFO: [VRFC 10-311] analyzing module IBUF_HD1308
INFO: [VRFC 10-311] analyzing module IBUF_HD1309
INFO: [VRFC 10-311] analyzing module IBUF_HD1310
INFO: [VRFC 10-311] analyzing module IBUF_HD1311
INFO: [VRFC 10-311] analyzing module IBUF_HD1312
INFO: [VRFC 10-311] analyzing module IBUF_HD1313
INFO: [VRFC 10-311] analyzing module IBUF_HD1314
INFO: [VRFC 10-311] analyzing module IBUF_HD1315
INFO: [VRFC 10-311] analyzing module IBUF_HD1316
INFO: [VRFC 10-311] analyzing module IBUF_HD1317
INFO: [VRFC 10-311] analyzing module IBUF_HD1318
INFO: [VRFC 10-311] analyzing module IBUF_HD1319
INFO: [VRFC 10-311] analyzing module IBUF_HD1320
INFO: [VRFC 10-311] analyzing module IBUF_HD1321
INFO: [VRFC 10-311] analyzing module IBUF_HD1322
INFO: [VRFC 10-311] analyzing module IBUF_HD1323
INFO: [VRFC 10-311] analyzing module IBUF_HD1324
INFO: [VRFC 10-311] analyzing module IBUF_HD1325
INFO: [VRFC 10-311] analyzing module IBUF_HD1326
INFO: [VRFC 10-311] analyzing module IBUF_HD1327
INFO: [VRFC 10-311] analyzing module IBUF_HD1328
INFO: [VRFC 10-311] analyzing module IBUF_HD1329
INFO: [VRFC 10-311] analyzing module IBUF_HD1330
INFO: [VRFC 10-311] analyzing module Cores_controller
INFO: [VRFC 10-311] analyzing module LDPC_encoder
INFO: [VRFC 10-311] analyzing module axis_data_fifo_0
INFO: [VRFC 10-311] analyzing module axis_data_fifo_0_HD1110
INFO: [VRFC 10-311] analyzing module axis_data_fifo_0_HD1124
INFO: [VRFC 10-311] analyzing module axis_data_fifo_0_HD1138
INFO: [VRFC 10-311] analyzing module axis_data_fifo_0_axis_data_fifo_v2_0_7_top
INFO: [VRFC 10-311] analyzing module axis_data_fifo_0_axis_data_fifo_v2_0_7_top_HD1111
INFO: [VRFC 10-311] analyzing module axis_data_fifo_0_axis_data_fifo_v2_0_7_top_HD1125
INFO: [VRFC 10-311] analyzing module axis_data_fifo_0_axis_data_fifo_v2_0_7_top_HD1139
INFO: [VRFC 10-311] analyzing module axis_data_fifo_0_xpm_cdc_sync_rst
INFO: [VRFC 10-311] analyzing module axis_data_fifo_0_xpm_cdc_sync_rst_HD1113
INFO: [VRFC 10-311] analyzing module axis_data_fifo_0_xpm_cdc_sync_rst_HD1127
INFO: [VRFC 10-311] analyzing module axis_data_fifo_0_xpm_cdc_sync_rst_HD1141
INFO: [VRFC 10-311] analyzing module axis_data_fifo_0_xpm_counter_updn__parameterized0
INFO: [VRFC 10-311] analyzing module axis_data_fifo_0_xpm_counter_updn__parameterized0_HD1115
INFO: [VRFC 10-311] analyzing module axis_data_fifo_0_xpm_counter_updn__parameterized0_HD1129
INFO: [VRFC 10-311] analyzing module axis_data_fifo_0_xpm_counter_updn__parameterized0_HD1143
INFO: [VRFC 10-311] analyzing module axis_data_fifo_0_xpm_counter_updn__parameterized1
INFO: [VRFC 10-311] analyzing module axis_data_fifo_0_xpm_counter_updn__parameterized1_0
INFO: [VRFC 10-311] analyzing module axis_data_fifo_0_xpm_counter_updn__parameterized1_0_HD1120
INFO: [VRFC 10-311] analyzing module axis_data_fifo_0_xpm_counter_updn__parameterized1_0_HD1134
INFO: [VRFC 10-311] analyzing module axis_data_fifo_0_xpm_counter_updn__parameterized1_0_HD1148
INFO: [VRFC 10-311] analyzing module axis_data_fifo_0_xpm_counter_updn__parameterized1_HD1117
INFO: [VRFC 10-311] analyzing module axis_data_fifo_0_xpm_counter_updn__parameterized1_HD1131
INFO: [VRFC 10-311] analyzing module axis_data_fifo_0_xpm_counter_updn__parameterized1_HD1145
INFO: [VRFC 10-311] analyzing module axis_data_fifo_0_xpm_counter_updn__parameterized2
INFO: [VRFC 10-311] analyzing module axis_data_fifo_0_xpm_counter_updn__parameterized2_1
INFO: [VRFC 10-311] analyzing module axis_data_fifo_0_xpm_counter_updn__parameterized2_1_HD1121
INFO: [VRFC 10-311] analyzing module axis_data_fifo_0_xpm_counter_updn__parameterized2_1_HD1135
INFO: [VRFC 10-311] analyzing module axis_data_fifo_0_xpm_counter_updn__parameterized2_1_HD1149
INFO: [VRFC 10-311] analyzing module axis_data_fifo_0_xpm_counter_updn__parameterized2_HD1118
INFO: [VRFC 10-311] analyzing module axis_data_fifo_0_xpm_counter_updn__parameterized2_HD1132
INFO: [VRFC 10-311] analyzing module axis_data_fifo_0_xpm_counter_updn__parameterized2_HD1146
INFO: [VRFC 10-311] analyzing module axis_data_fifo_0_xpm_counter_updn__parameterized3
INFO: [VRFC 10-311] analyzing module axis_data_fifo_0_xpm_counter_updn__parameterized3_HD1122
INFO: [VRFC 10-311] analyzing module axis_data_fifo_0_xpm_counter_updn__parameterized3_HD1136
INFO: [VRFC 10-311] analyzing module axis_data_fifo_0_xpm_counter_updn__parameterized3_HD1150
INFO: [VRFC 10-311] analyzing module axis_data_fifo_0_xpm_fifo_axis
INFO: [VRFC 10-311] analyzing module axis_data_fifo_0_xpm_fifo_axis_HD1112
INFO: [VRFC 10-311] analyzing module axis_data_fifo_0_xpm_fifo_axis_HD1126
INFO: [VRFC 10-311] analyzing module axis_data_fifo_0_xpm_fifo_axis_HD1140
INFO: [VRFC 10-311] analyzing module axis_data_fifo_0_xpm_fifo_base
INFO: [VRFC 10-311] analyzing module axis_data_fifo_0_xpm_fifo_base_HD1114
INFO: [VRFC 10-311] analyzing module axis_data_fifo_0_xpm_fifo_base_HD1128
INFO: [VRFC 10-311] analyzing module axis_data_fifo_0_xpm_fifo_base_HD1142
INFO: [VRFC 10-311] analyzing module axis_data_fifo_0_xpm_fifo_reg_bit
INFO: [VRFC 10-311] analyzing module axis_data_fifo_0_xpm_fifo_reg_bit_HD1119
INFO: [VRFC 10-311] analyzing module axis_data_fifo_0_xpm_fifo_reg_bit_HD1133
INFO: [VRFC 10-311] analyzing module axis_data_fifo_0_xpm_fifo_reg_bit_HD1147
INFO: [VRFC 10-311] analyzing module axis_data_fifo_0_xpm_fifo_rst
INFO: [VRFC 10-311] analyzing module axis_data_fifo_0_xpm_fifo_rst_HD1123
INFO: [VRFC 10-311] analyzing module axis_data_fifo_0_xpm_fifo_rst_HD1137
INFO: [VRFC 10-311] analyzing module axis_data_fifo_0_xpm_fifo_rst_HD1151
INFO: [VRFC 10-311] analyzing module axis_data_fifo_0_xpm_memory_base
INFO: [VRFC 10-311] analyzing module axis_data_fifo_0_xpm_memory_base_HD1116
INFO: [VRFC 10-311] analyzing module axis_data_fifo_0_xpm_memory_base_HD1130
INFO: [VRFC 10-311] analyzing module axis_data_fifo_0_xpm_memory_base_HD1144
INFO: [VRFC 10-311] analyzing module axis_data_fifo_1
INFO: [VRFC 10-311] analyzing module axis_data_fifo_1_HD1068
INFO: [VRFC 10-311] analyzing module axis_data_fifo_1_HD1081
INFO: [VRFC 10-311] analyzing module axis_data_fifo_1_HD1094
INFO: [VRFC 10-311] analyzing module axis_data_fifo_1_axis_data_fifo_v2_0_7_top
INFO: [VRFC 10-311] analyzing module axis_data_fifo_1_axis_data_fifo_v2_0_7_top_HD1069
INFO: [VRFC 10-311] analyzing module axis_data_fifo_1_axis_data_fifo_v2_0_7_top_HD1082
INFO: [VRFC 10-311] analyzing module axis_data_fifo_1_axis_data_fifo_v2_0_7_top_HD1095
INFO: [VRFC 10-311] analyzing module axis_data_fifo_1_xpm_cdc_sync_rst
INFO: [VRFC 10-311] analyzing module axis_data_fifo_1_xpm_cdc_sync_rst_HD1071
INFO: [VRFC 10-311] analyzing module axis_data_fifo_1_xpm_cdc_sync_rst_HD1084
INFO: [VRFC 10-311] analyzing module axis_data_fifo_1_xpm_cdc_sync_rst_HD1097
INFO: [VRFC 10-311] analyzing module axis_data_fifo_1_xpm_counter_updn__parameterized0
INFO: [VRFC 10-311] analyzing module axis_data_fifo_1_xpm_counter_updn__parameterized0_HD1079
INFO: [VRFC 10-311] analyzing module axis_data_fifo_1_xpm_counter_updn__parameterized0_HD1092
INFO: [VRFC 10-311] analyzing module axis_data_fifo_1_xpm_counter_updn__parameterized0_HD1105
INFO: [VRFC 10-311] analyzing module axis_data_fifo_1_xpm_counter_updn__parameterized2
INFO: [VRFC 10-311] analyzing module axis_data_fifo_1_xpm_counter_updn__parameterized2_0
INFO: [VRFC 10-311] analyzing module axis_data_fifo_1_xpm_counter_updn__parameterized2_0_HD1077
INFO: [VRFC 10-311] analyzing module axis_data_fifo_1_xpm_counter_updn__parameterized2_0_HD1090
INFO: [VRFC 10-311] analyzing module axis_data_fifo_1_xpm_counter_updn__parameterized2_0_HD1103
INFO: [VRFC 10-311] analyzing module axis_data_fifo_1_xpm_counter_updn__parameterized2_HD1074
INFO: [VRFC 10-311] analyzing module axis_data_fifo_1_xpm_counter_updn__parameterized2_HD1087
INFO: [VRFC 10-311] analyzing module axis_data_fifo_1_xpm_counter_updn__parameterized2_HD1100
INFO: [VRFC 10-311] analyzing module axis_data_fifo_1_xpm_counter_updn__parameterized3
INFO: [VRFC 10-311] analyzing module axis_data_fifo_1_xpm_counter_updn__parameterized3_1
INFO: [VRFC 10-311] analyzing module axis_data_fifo_1_xpm_counter_updn__parameterized3_1_HD1078
INFO: [VRFC 10-311] analyzing module axis_data_fifo_1_xpm_counter_updn__parameterized3_1_HD1091
INFO: [VRFC 10-311] analyzing module axis_data_fifo_1_xpm_counter_updn__parameterized3_1_HD1104
INFO: [VRFC 10-311] analyzing module axis_data_fifo_1_xpm_counter_updn__parameterized3_HD1075
INFO: [VRFC 10-311] analyzing module axis_data_fifo_1_xpm_counter_updn__parameterized3_HD1088
INFO: [VRFC 10-311] analyzing module axis_data_fifo_1_xpm_counter_updn__parameterized3_HD1101
INFO: [VRFC 10-311] analyzing module axis_data_fifo_1_xpm_fifo_axis
INFO: [VRFC 10-311] analyzing module axis_data_fifo_1_xpm_fifo_axis_HD1070
INFO: [VRFC 10-311] analyzing module axis_data_fifo_1_xpm_fifo_axis_HD1083
INFO: [VRFC 10-311] analyzing module axis_data_fifo_1_xpm_fifo_axis_HD1096
INFO: [VRFC 10-311] analyzing module axis_data_fifo_1_xpm_fifo_base
INFO: [VRFC 10-311] analyzing module axis_data_fifo_1_xpm_fifo_base_HD1072
INFO: [VRFC 10-311] analyzing module axis_data_fifo_1_xpm_fifo_base_HD1085
INFO: [VRFC 10-311] analyzing module axis_data_fifo_1_xpm_fifo_base_HD1098
INFO: [VRFC 10-311] analyzing module axis_data_fifo_1_xpm_fifo_reg_bit
INFO: [VRFC 10-311] analyzing module axis_data_fifo_1_xpm_fifo_reg_bit_HD1076
INFO: [VRFC 10-311] analyzing module axis_data_fifo_1_xpm_fifo_reg_bit_HD1089
INFO: [VRFC 10-311] analyzing module axis_data_fifo_1_xpm_fifo_reg_bit_HD1102
INFO: [VRFC 10-311] analyzing module axis_data_fifo_1_xpm_fifo_rst
INFO: [VRFC 10-311] analyzing module axis_data_fifo_1_xpm_fifo_rst_HD1080
INFO: [VRFC 10-311] analyzing module axis_data_fifo_1_xpm_fifo_rst_HD1093
INFO: [VRFC 10-311] analyzing module axis_data_fifo_1_xpm_fifo_rst_HD1106
INFO: [VRFC 10-311] analyzing module axis_data_fifo_1_xpm_memory_base
INFO: [VRFC 10-311] analyzing module axis_data_fifo_1_xpm_memory_base_HD1073
INFO: [VRFC 10-311] analyzing module axis_data_fifo_1_xpm_memory_base_HD1086
INFO: [VRFC 10-311] analyzing module axis_data_fifo_1_xpm_memory_base_HD1099
INFO: [VRFC 10-311] analyzing module sd_fec_0
INFO: [VRFC 10-311] analyzing module sd_fec_0_HD1155
INFO: [VRFC 10-311] analyzing module sd_fec_0_HD1192
INFO: [VRFC 10-311] analyzing module sd_fec_0_HD1229
INFO: [VRFC 10-311] analyzing module RAM32M_UNIQ_BASE_
INFO: [VRFC 10-311] analyzing module RAM32M16_UNIQ_BASE_
INFO: [VRFC 10-311] analyzing module RAM32M16_HD1266
INFO: [VRFC 10-311] analyzing module RAM32M16_HD1267
INFO: [VRFC 10-311] analyzing module RAM32M16_HD1269
INFO: [VRFC 10-311] analyzing module RAM32M16_HD1271
INFO: [VRFC 10-311] analyzing module RAM32M16_HD1272
INFO: [VRFC 10-311] analyzing module RAM32M16_HD1274
INFO: [VRFC 10-311] analyzing module RAM32M16_HD1276
INFO: [VRFC 10-311] analyzing module RAM32M16_HD1277
INFO: [VRFC 10-311] analyzing module RAM32M16_HD1279
INFO: [VRFC 10-311] analyzing module RAM32M16_HD1281
INFO: [VRFC 10-311] analyzing module RAM32M16_HD1282
INFO: [VRFC 10-311] analyzing module RAM32M16_HD1284
INFO: [VRFC 10-311] analyzing module RAM32M16_HD1285
INFO: [VRFC 10-311] analyzing module RAM32M16_HD1287
INFO: [VRFC 10-311] analyzing module RAM32M16_HD1288
INFO: [VRFC 10-311] analyzing module RAM32M16_HD1290
INFO: [VRFC 10-311] analyzing module RAM32M16_HD1291
INFO: [VRFC 10-311] analyzing module RAM32M_HD1268
INFO: [VRFC 10-311] analyzing module RAM32M_HD1270
INFO: [VRFC 10-311] analyzing module RAM32M_HD1273
INFO: [VRFC 10-311] analyzing module RAM32M_HD1275
INFO: [VRFC 10-311] analyzing module RAM32M_HD1278
INFO: [VRFC 10-311] analyzing module RAM32M_HD1280
INFO: [VRFC 10-311] analyzing module RAM32M_HD1283
INFO: [VRFC 10-311] analyzing module RAM32M_HD1286
INFO: [VRFC 10-311] analyzing module RAM32M_HD1289
INFO: [VRFC 10-311] analyzing module RAM32M_HD1292
INFO: [VRFC 10-311] analyzing module sd_fec_0_xpm_cdc_sync_rst
INFO: [VRFC 10-311] analyzing module sd_fec_0_xpm_cdc_sync_rst_HD1159
INFO: [VRFC 10-311] analyzing module sd_fec_0_xpm_cdc_sync_rst_HD1196
INFO: [VRFC 10-311] analyzing module sd_fec_0_xpm_cdc_sync_rst_HD1233
INFO: [VRFC 10-311] analyzing module sd_fec_0_xpm_counter_updn__parameterized0
INFO: [VRFC 10-311] analyzing module sd_fec_0_xpm_counter_updn__parameterized0_1
INFO: [VRFC 10-311] analyzing module sd_fec_0_xpm_counter_updn__parameterized0_1_HD1168
INFO: [VRFC 10-311] analyzing module sd_fec_0_xpm_counter_updn__parameterized0_1_HD1205
INFO: [VRFC 10-311] analyzing module sd_fec_0_xpm_counter_updn__parameterized0_1_HD1242
INFO: [VRFC 10-311] analyzing module sd_fec_0_xpm_counter_updn__parameterized0_3
INFO: [VRFC 10-311] analyzing module sd_fec_0_xpm_counter_updn__parameterized0_3_HD1174
INFO: [VRFC 10-311] analyzing module sd_fec_0_xpm_counter_updn__parameterized0_3_HD1211
INFO: [VRFC 10-311] analyzing module sd_fec_0_xpm_counter_updn__parameterized0_3_HD1248
INFO: [VRFC 10-311] analyzing module sd_fec_0_xpm_counter_updn__parameterized0_6
INFO: [VRFC 10-311] analyzing module sd_fec_0_xpm_counter_updn__parameterized0_6_HD1177
INFO: [VRFC 10-311] analyzing module sd_fec_0_xpm_counter_updn__parameterized0_6_HD1214
INFO: [VRFC 10-311] analyzing module sd_fec_0_xpm_counter_updn__parameterized0_6_HD1251
INFO: [VRFC 10-311] analyzing module sd_fec_0_xpm_counter_updn__parameterized0_HD1165
INFO: [VRFC 10-311] analyzing module sd_fec_0_xpm_counter_updn__parameterized0_HD1202
INFO: [VRFC 10-311] analyzing module sd_fec_0_xpm_counter_updn__parameterized0_HD1239
INFO: [VRFC 10-311] analyzing module sd_fec_0_xpm_counter_updn__parameterized1
INFO: [VRFC 10-311] analyzing module sd_fec_0_xpm_counter_updn__parameterized1_2
INFO: [VRFC 10-311] analyzing module sd_fec_0_xpm_counter_updn__parameterized1_2_HD1169
INFO: [VRFC 10-311] analyzing module sd_fec_0_xpm_counter_updn__parameterized1_2_HD1206
INFO: [VRFC 10-311] analyzing module sd_fec_0_xpm_counter_updn__parameterized1_2_HD1243
INFO: [VRFC 10-311] analyzing module sd_fec_0_xpm_counter_updn__parameterized1_4
INFO: [VRFC 10-311] analyzing module sd_fec_0_xpm_counter_updn__parameterized1_4_HD1175
INFO: [VRFC 10-311] analyzing module sd_fec_0_xpm_counter_updn__parameterized1_4_HD1212
INFO: [VRFC 10-311] analyzing module sd_fec_0_xpm_counter_updn__parameterized1_4_HD1249
INFO: [VRFC 10-311] analyzing module sd_fec_0_xpm_counter_updn__parameterized1_7
INFO: [VRFC 10-311] analyzing module sd_fec_0_xpm_counter_updn__parameterized1_7_HD1178
INFO: [VRFC 10-311] analyzing module sd_fec_0_xpm_counter_updn__parameterized1_7_HD1215
INFO: [VRFC 10-311] analyzing module sd_fec_0_xpm_counter_updn__parameterized1_7_HD1252
INFO: [VRFC 10-311] analyzing module sd_fec_0_xpm_counter_updn__parameterized1_HD1166
INFO: [VRFC 10-311] analyzing module sd_fec_0_xpm_counter_updn__parameterized1_HD1203
INFO: [VRFC 10-311] analyzing module sd_fec_0_xpm_counter_updn__parameterized1_HD1240
INFO: [VRFC 10-311] analyzing module sd_fec_0_xpm_fifo_base
INFO: [VRFC 10-311] analyzing module sd_fec_0_xpm_fifo_base_HD1172
INFO: [VRFC 10-311] analyzing module sd_fec_0_xpm_fifo_base_HD1209
INFO: [VRFC 10-311] analyzing module sd_fec_0_xpm_fifo_base_HD1246
INFO: [VRFC 10-311] analyzing module sd_fec_0_xpm_fifo_base__parameterized0
INFO: [VRFC 10-311] analyzing module sd_fec_0_xpm_fifo_base__parameterized0_HD1163
INFO: [VRFC 10-311] analyzing module sd_fec_0_xpm_fifo_base__parameterized0_HD1200
INFO: [VRFC 10-311] analyzing module sd_fec_0_xpm_fifo_base__parameterized0_HD1237
INFO: [VRFC 10-311] analyzing module sd_fec_0_xpm_fifo_reg_bit
INFO: [VRFC 10-311] analyzing module sd_fec_0_xpm_fifo_reg_bit_5
INFO: [VRFC 10-311] analyzing module sd_fec_0_xpm_fifo_reg_bit_5_HD1176
INFO: [VRFC 10-311] analyzing module sd_fec_0_xpm_fifo_reg_bit_5_HD1213
INFO: [VRFC 10-311] analyzing module sd_fec_0_xpm_fifo_reg_bit_5_HD1250
INFO: [VRFC 10-311] analyzing module sd_fec_0_xpm_fifo_reg_bit_HD1167
INFO: [VRFC 10-311] analyzing module sd_fec_0_xpm_fifo_reg_bit_HD1204
INFO: [VRFC 10-311] analyzing module sd_fec_0_xpm_fifo_reg_bit_HD1241
INFO: [VRFC 10-311] analyzing module sd_fec_0_xpm_fifo_rst
INFO: [VRFC 10-311] analyzing module sd_fec_0_xpm_fifo_rst_8
INFO: [VRFC 10-311] analyzing module sd_fec_0_xpm_fifo_rst_8_HD1179
INFO: [VRFC 10-311] analyzing module sd_fec_0_xpm_fifo_rst_8_HD1216
INFO: [VRFC 10-311] analyzing module sd_fec_0_xpm_fifo_rst_8_HD1253
INFO: [VRFC 10-311] analyzing module sd_fec_0_xpm_fifo_rst_HD1170
INFO: [VRFC 10-311] analyzing module sd_fec_0_xpm_fifo_rst_HD1207
INFO: [VRFC 10-311] analyzing module sd_fec_0_xpm_fifo_rst_HD1244
INFO: [VRFC 10-311] analyzing module sd_fec_0_xpm_fifo_sync
INFO: [VRFC 10-311] analyzing module sd_fec_0_xpm_fifo_sync_HD1171
INFO: [VRFC 10-311] analyzing module sd_fec_0_xpm_fifo_sync_HD1208
INFO: [VRFC 10-311] analyzing module sd_fec_0_xpm_fifo_sync_HD1245
INFO: [VRFC 10-311] analyzing module sd_fec_0_xpm_fifo_sync__parameterized0
INFO: [VRFC 10-311] analyzing module sd_fec_0_xpm_fifo_sync__parameterized0_HD1162
INFO: [VRFC 10-311] analyzing module sd_fec_0_xpm_fifo_sync__parameterized0_HD1199
INFO: [VRFC 10-311] analyzing module sd_fec_0_xpm_fifo_sync__parameterized0_HD1236
INFO: [VRFC 10-311] analyzing module sd_fec_0_xpm_memory_base
INFO: [VRFC 10-311] analyzing module sd_fec_0_xpm_memory_base_HD1173
INFO: [VRFC 10-311] analyzing module sd_fec_0_xpm_memory_base_HD1210
INFO: [VRFC 10-311] analyzing module sd_fec_0_xpm_memory_base_HD1247
INFO: [VRFC 10-311] analyzing module sd_fec_0_xpm_memory_base__parameterized0
INFO: [VRFC 10-311] analyzing module sd_fec_0_xpm_memory_base__parameterized0_HD1164
INFO: [VRFC 10-311] analyzing module sd_fec_0_xpm_memory_base__parameterized0_HD1201
INFO: [VRFC 10-311] analyzing module sd_fec_0_xpm_memory_base__parameterized0_HD1238
INFO: [VRFC 10-311] analyzing module sd_fec_0_ecc_v2_0_13
INFO: [VRFC 10-311] analyzing module sd_fec_0_ecc_v2_0_13_HD1184
INFO: [VRFC 10-311] analyzing module sd_fec_0_ecc_v2_0_13_HD1221
INFO: [VRFC 10-311] analyzing module sd_fec_0_ecc_v2_0_13_HD1258
INFO: [VRFC 10-311] analyzing module sd_fec_0_ecc_v2_0_13_hsiao_dec
INFO: [VRFC 10-311] analyzing module sd_fec_0_ecc_v2_0_13_hsiao_dec_HD1185
INFO: [VRFC 10-311] analyzing module sd_fec_0_ecc_v2_0_13_hsiao_dec_HD1222
INFO: [VRFC 10-311] analyzing module sd_fec_0_ecc_v2_0_13_hsiao_dec_HD1259
INFO: [VRFC 10-311] analyzing module sd_fec_0_ecc_v2_0_13_reg_stage__parameterized0
INFO: [VRFC 10-311] analyzing module sd_fec_0_ecc_v2_0_13_reg_stage__parameterized0_HD1186
INFO: [VRFC 10-311] analyzing module sd_fec_0_ecc_v2_0_13_reg_stage__parameterized0_HD1223
INFO: [VRFC 10-311] analyzing module sd_fec_0_ecc_v2_0_13_reg_stage__parameterized0_HD1260
INFO: [VRFC 10-311] analyzing module sd_fec_0_fec_5g_common_v1_1_1_pipe_reg
INFO: [VRFC 10-311] analyzing module sd_fec_0_fec_5g_common_v1_1_1_pipe_reg_0
INFO: [VRFC 10-311] analyzing module sd_fec_0_fec_5g_common_v1_1_1_pipe_reg_0_HD1188
INFO: [VRFC 10-311] analyzing module sd_fec_0_fec_5g_common_v1_1_1_pipe_reg_0_HD1225
INFO: [VRFC 10-311] analyzing module sd_fec_0_fec_5g_common_v1_1_1_pipe_reg_0_HD1262
INFO: [VRFC 10-311] analyzing module sd_fec_0_fec_5g_common_v1_1_1_pipe_reg_HD1187
INFO: [VRFC 10-311] analyzing module sd_fec_0_fec_5g_common_v1_1_1_pipe_reg_HD1224
INFO: [VRFC 10-311] analyzing module sd_fec_0_fec_5g_common_v1_1_1_pipe_reg_HD1261
INFO: [VRFC 10-311] analyzing module sd_fec_0_fec_5g_common_v1_1_1_srl_array
INFO: [VRFC 10-311] analyzing module sd_fec_0_fec_5g_common_v1_1_1_srl_array_HD1181
INFO: [VRFC 10-311] analyzing module sd_fec_0_fec_5g_common_v1_1_1_srl_array_HD1218
INFO: [VRFC 10-311] analyzing module sd_fec_0_fec_5g_common_v1_1_1_srl_array_HD1255
INFO: [VRFC 10-311] analyzing module sd_fec_0_fec_5g_common_v1_1_1_srl_fifo
INFO: [VRFC 10-311] analyzing module sd_fec_0_fec_5g_common_v1_1_1_srl_fifo_HD1180
INFO: [VRFC 10-311] analyzing module sd_fec_0_fec_5g_common_v1_1_1_srl_fifo_HD1217
INFO: [VRFC 10-311] analyzing module sd_fec_0_fec_5g_common_v1_1_1_srl_fifo_HD1254
INFO: [VRFC 10-311] analyzing module sd_fec_0_fec_5g_common_v1_1_1_srl_fifo__parameterized0
INFO: [VRFC 10-311] analyzing module sd_fec_0_fec_5g_common_v1_1_1_srl_fifo__parameterized0_HD1190
INFO: [VRFC 10-311] analyzing module sd_fec_0_fec_5g_common_v1_1_1_srl_fifo__parameterized0_HD1227
INFO: [VRFC 10-311] analyzing module sd_fec_0_fec_5g_common_v1_1_1_srl_fifo__parameterized0_HD1264
INFO: [VRFC 10-311] analyzing module sd_fec_0_fec_5g_common_v1_1_1_srl_fifo__parameterized1
INFO: [VRFC 10-311] analyzing module sd_fec_0_fec_5g_common_v1_1_1_srl_fifo__parameterized1_HD1191
INFO: [VRFC 10-311] analyzing module sd_fec_0_fec_5g_common_v1_1_1_srl_fifo__parameterized1_HD1228
INFO: [VRFC 10-311] analyzing module sd_fec_0_fec_5g_common_v1_1_1_srl_fifo__parameterized1_HD1265
INFO: [VRFC 10-311] analyzing module sd_fec_0_sd_fec_v1_1_8
INFO: [VRFC 10-311] analyzing module sd_fec_0_sd_fec_v1_1_8_HD1156
INFO: [VRFC 10-311] analyzing module sd_fec_0_sd_fec_v1_1_8_HD1193
INFO: [VRFC 10-311] analyzing module sd_fec_0_sd_fec_v1_1_8_HD1230
INFO: [VRFC 10-311] analyzing module sd_fec_0_sd_fec_v1_1_8_arbiter
INFO: [VRFC 10-311] analyzing module sd_fec_0_sd_fec_v1_1_8_arbiter_HD1160
INFO: [VRFC 10-311] analyzing module sd_fec_0_sd_fec_v1_1_8_arbiter_HD1197
INFO: [VRFC 10-311] analyzing module sd_fec_0_sd_fec_v1_1_8_arbiter_HD1234
INFO: [VRFC 10-311] analyzing module sd_fec_0_sd_fec_v1_1_8_error_handle
INFO: [VRFC 10-311] analyzing module sd_fec_0_sd_fec_v1_1_8_error_handle_HD1189
INFO: [VRFC 10-311] analyzing module sd_fec_0_sd_fec_v1_1_8_error_handle_HD1226
INFO: [VRFC 10-311] analyzing module sd_fec_0_sd_fec_v1_1_8_error_handle_HD1263
INFO: [VRFC 10-311] analyzing module sd_fec_0_sd_fec_v1_1_8_non_5g
INFO: [VRFC 10-311] analyzing module sd_fec_0_sd_fec_v1_1_8_non_5g_HD1157
INFO: [VRFC 10-311] analyzing module sd_fec_0_sd_fec_v1_1_8_non_5g_HD1194
INFO: [VRFC 10-311] analyzing module sd_fec_0_sd_fec_v1_1_8_non_5g_HD1231
INFO: [VRFC 10-311] analyzing module sd_fec_0_sd_fec_v1_1_8_non_5g_code_generator
INFO: [VRFC 10-311] analyzing module sd_fec_0_sd_fec_v1_1_8_non_5g_code_generator_HD1161
INFO: [VRFC 10-311] analyzing module sd_fec_0_sd_fec_v1_1_8_non_5g_code_generator_HD1198
INFO: [VRFC 10-311] analyzing module sd_fec_0_sd_fec_v1_1_8_non_5g_code_generator_HD1235
INFO: [VRFC 10-311] analyzing module sd_fec_0_sd_fec_v1_1_8_non_5g_code_manager
INFO: [VRFC 10-311] analyzing module sd_fec_0_sd_fec_v1_1_8_non_5g_code_manager_HD1158
INFO: [VRFC 10-311] analyzing module sd_fec_0_sd_fec_v1_1_8_non_5g_code_manager_HD1195
INFO: [VRFC 10-311] analyzing module sd_fec_0_sd_fec_v1_1_8_non_5g_code_manager_HD1232
INFO: [VRFC 10-311] analyzing module sd_fec_0_sd_fec_v1_1_8_non_5g_ref_code_table_if
INFO: [VRFC 10-311] analyzing module sd_fec_0_sd_fec_v1_1_8_non_5g_ref_code_table_if_HD1182
INFO: [VRFC 10-311] analyzing module sd_fec_0_sd_fec_v1_1_8_non_5g_ref_code_table_if_HD1219
INFO: [VRFC 10-311] analyzing module sd_fec_0_sd_fec_v1_1_8_non_5g_ref_code_table_if_HD1256
INFO: [VRFC 10-311] analyzing module sd_fec_0_sd_fec_v1_1_8_sdp_ram
INFO: [VRFC 10-311] analyzing module sd_fec_0_sd_fec_v1_1_8_sdp_ram_HD1183
INFO: [VRFC 10-311] analyzing module sd_fec_0_sd_fec_v1_1_8_sdp_ram_HD1220
INFO: [VRFC 10-311] analyzing module sd_fec_0_sd_fec_v1_1_8_sdp_ram_HD1257
INFO: [VRFC 10-311] analyzing module glbl
