0200001440288 // K, N
020040000301B // NM, NO_PACKING, PSIZE
020080010580C // MAX_SCHEDULE, NO_FINAL_PARITY_CHECK, NORM_TYPE, NMQC, NLAYERS
0200C00000000 // QC_OFF, LA_OFF, SC_OFF
100000000CCCC // SC_TABLE
100040000CCCC // 
100080000CCCC // 
1800000000C03 // LA_TABLE
1800400000D02 // 
1800800000C02 // 
1800C00000C03 // 
1801000000C03 // 
1801400000D02 // 
1801800000C03 // 
1801C00000C03 // 
1802000000E03 // 
1802400000D02 // 
1802800000C02 // 
1802C00000C03 // 
2000000020000 // QC_TABLE
2000400010000 // 
2000800010000 // 
2000C00010000 // 
2001000020004 // 
2001400010000 // 
2001800010000 // 
2001C00010000 // 
2002000020008 // 
2002400020005 // 
2002800010000 // 
2002C00010000 // 
200300006010C // 
200340006800D // 
2003800010000 // 
2003C0002000B // 
2004000001600 // 
2004400010000 // 
2004800010000 // 
2004C00010000 // 
2005000001104 // 
2005400020001 // 
2005800020006 // 
2005C00010000 // 
2006000000C08 // 
200640004000D // 
200680006800E // 
2006C00020007 // 
2007000000600 // 
2007400010000 // 
2007800020002 // 
2007C00010000 // 
2008000000A04 // 
2008400010000 // 
200880002000A // 
2008C00010000 // 
2009000001808 // 
2009400010000 // 
200980004000E // 
2009C0006800F // 
200A000000200 // 
200A400010000 // 
200A800010000 // 
200AC00010000 // 
200B000001404 // 
200B400010000 // 
200B800010000 // 
200BC00010000 // 
200C000001908 // 
200C400010000 // 
200C800010000 // 
200CC00020003 // 
200D000068010 // 
200D400020009 // 
200D800010000 // 
200DC0004000F // 
200E000001700 // 
200E400010000 // 
200E800010000 // 
200EC00010000 // 
200F000000304 // 
200F400010000 // 
200F800010000 // 
200FC00010000 // 
2010000000008 // 
2010400010000 // 
2010800010000 // 
2010C00010000 // 
2011000040010 // 
2011400068011 // 
201180000090A // 
2011C00000B0B // 
2012000001800 // 
2012400010000 // 
2012800001702 // 
2012C00010000 // 
2013000001104 // 
2013400010000 // 
2013800000306 // 
2013C00010000 // 
2014000000A08 // 
2014400040011 // 
2014800068012 // 
2014C00000103 // 
2015000001900 // 
2015400010000 // 
2015800010000 // 
2015C00010000 // 
2016000000804 // 
2016400010000 // 
2016800010000 // 
2016C00010000 // 
2017000000708 // 
2017400010000 // 
2017800010000 // 
2017C00010000 // 
201800004000C // 
2018400001209 // 
2018800040012 // 
2018C00068013 // 
2019000000D00 // 
2019400010000 // 
2019800010000 // 
2019C00010000 // 
201A000000004 // 
201A400010000 // 
201A800010000 // 
201AC00010000 // 
201B000000608 // 
201B400010000 // 
201B800010000 // 
201BC00010000 // 
201C000068014 // 
201C400001801 // 
201C800000806 // 
201CC00040013 // 
201D000000700 // 
201D400010000 // 
201D800010000 // 
201DC00010000 // 
201E000001604 // 
201E400001401 // 
201E800010000 // 
201EC00010000 // 
201F000001708 // 
201F400000A05 // 
201F800010000 // 
201FC00010000 // 
2020000040014 // 
2020400068015 // 
2020800010000 // 
2020C00001003 // 
2021000000B00 // 
2021400010000 // 
2021800010000 // 
2021C00010000 // 
2022000001304 // 
2022400010000 // 
202280000030A // 
2022C00010000 // 
2023000000D08 // 
2023400040015 // 
2023800068016 // 
2023C0000110B // 
2024000001900 // 
2024400010000 // 
2024800010000 // 
2024C00010000 // 
2025000001704 // 
2025400010000 // 
2025800000802 // 
2025C00000E07 // 
2026000000908 // 
2026400001205 // 
2026800040016 // 
2026C00068017 // 
2027000000300 // 
2027400010000 // 
2027800010000 // 
2027C00010000 // 
2028000001004 // 
2028400010000 // 
2028800010000 // 
2028C00010000 // 
2029000001908 // 
2029400010000 // 
2029800010000 // 
2029C00000207 // 
202A00004010C // 
202A400000509 // 
202A800010000 // 
202AC00048017 // 
0201002880510 // K, N
0201400006036 // NM, NO_PACKING, PSIZE
020180010700C // MAX_SCHEDULE, NO_FINAL_PARITY_CHECK, NORM_TYPE, NMQC, NLAYERS
0201C002B0303 // QC_OFF, LA_OFF, SC_OFF
1000C0000CCCC // SC_TABLE
100100000CCCC // 
100140000CCCC // 
1803000000D04 // LA_TABLE
1803400000D04 // 
1803800000D03 // 
1803C00000C03 // 
1804000000C03 // 
1804400000C04 // 
1804800000D03 // 
1804C00000C05 // 
1805000000E03 // 
1805400000C05 // 
1805800000E03 // 
1805C00000B04 // 
202B000022800 // QC_TABLE
202B400010000 // 
202B800021604 // 
202BC00010000 // 
202C000023106 // 
202C400010000 // 
202C800022B08 // 
202CC00021707 // 
202D00006010C // 
202D40006800D // 
202D800003200 // 
202DC00010000 // 
202E000003004 // 
202E400010000 // 
202E800000D08 // 
202EC00020101 // 
202F000021E0A // 
202F400022305 // 
202F80006800E // 
202FC0004000D // 
2030000002700 // 
2030400010000 // 
2030800000404 // 
2030C00003201 // 
2031000000206 // 
203140002310B // 
203180004000E // 
2031C0006800F // 
2032000002100 // 
2032400010000 // 
2032800002504 // 
2032C00022603 // 
2033000000108 // 
2033400000407 // 
2033800068010 // 
2033C0004000F // 
2034000002D00 // 
2034400010000 // 
2034800000004 // 
2034C00001605 // 
2035000001408 // 
2035400022A09 // 
2035800040010 // 
2035C00068011 // 
2036000003300 // 
2036400010000 // 
2036800002304 // 
2036C00010000 // 
2037000002C08 // 
2037400010000 // 
203780000120A // 
2037C00003003 // 
2038000068012 // 
2038400040011 // 
2038800002F00 // 
2038C00010000 // 
2039000003308 // 
2039400000B01 // 
203980004000C // 
2039C00001105 // 
203A000040012 // 
203A400068013 // 
203A800000500 // 
203AC00010000 // 
203B000021902 // 
203B400010000 // 
203B800000604 // 
203BC00010000 // 
203C000002D06 // 
203C400010000 // 
203C800000D08 // 
203CC00002809 // 
203D000068014 // 
203D400040013 // 
203D800002100 // 
203DC00010000 // 
203E000001804 // 
203E400002203 // 
203E800001708 // 
203EC00002E0B // 
203F000040014 // 
203F400068015 // 
203F800000100 // 
203FC00010000 // 
2040000001B02 // 
2040400010000 // 
2040800000104 // 
2040C00010000 // 
2041000002608 // 
2041400010000 // 
2041800002C0A // 
2041C00010000 // 
2042000068016 // 
2042400040015 // 
2042800010000 // 
2042C00001201 // 
2043000001704 // 
2043400000807 // 
2043800000008 // 
2043C00002309 // 
2044000040016 // 
2044400068017 // 
2044800003100 // 
2044C00010000 // 
2045000001102 // 
2045400010000 // 
2045800001E04 // 
2045C00010000 // 
2046000002208 // 
204640000130B // 
204680004010C // 
2046C00048017 // 
0202003CC0798 // K, N
020240000C051 // NM, NO_PACKING, PSIZE
020280010B00C // MAX_SCHEDULE, NO_FINAL_PARITY_CHECK, NORM_TYPE, NMQC, NLAYERS
0202C00470606 // QC_OFF, LA_OFF, SC_OFF
100180000CCCC // SC_TABLE
1001C0000CCCC // 
100200000CCCC // 
1806000000D06 // LA_TABLE
1806400000D06 // 
1806800000D06 // 
1806C00000D06 // 
1807000000D06 // 
1807400000D06 // 
1807800000C07 // 
1807C00000E06 // 
1808000000D06 // 
1808400000D06 // 
1808800000D06 // 
1808C00000D07 // 
2047000023900 // QC_TABLE
2047400023204 // 
2047800020B06 // 
2047C00023208 // 
2048000024F0A // 
204840006010C // 
204880006000D // 
2048C00000300 // 
2049000021C02 // 
2049400000004 // 
2049800003708 // 
2049C00020709 // 
204A00004000D // 
204A40006000E // 
204A800001E00 // 
204AC00001804 // 
204B000022505 // 
204B400003808 // 
204B800000E09 // 
204BC0004000E // 
204C00006000F // 
204C400003E00 // 
204C800023501 // 
204CC00003504 // 
204D000020307 // 
204D400002308 // 
204D80004000F // 
204DC00060010 // 
204E000002800 // 
204E400021403 // 
204E800004204 // 
204EC00001607 // 
204F000001C08 // 
204F400040010 // 
204F800060011 // 
204FC00000000 // 
2050000000804 // 
2050400002A06 // 
2050800003208 // 
2050C0002080B // 
2051000040011 // 
2051400060012 // 
2051800004500 // 
2051C00004F01 // 
2052000004F02 // 
2052400003806 // 
2052800003408 // 
2052C0004000C // 
2053000040012 // 
2053400060013 // 
2053800004100 // 
2053C00002604 // 
2054000003905 // 
2054400004808 // 
2054800001B0A // 
2054C00040013 // 
2055000060014 // 
2055400004000 // 
2055800000E04 // 
2055C00003405 // 
2056000001E08 // 
205640000200B // 
2056800040014 // 
2056C00060015 // 
2057000002D01 // 
2057400004603 // 
2057800000004 // 
2057C00004D08 // 
2058000000909 // 
2058400040015 // 
2058800060016 // 
2058C00000200 // 
2059000003801 // 
2059400003903 // 
2059800002304 // 
2059C00000C0A // 
205A000040016 // 
205A400060017 // 
205A800001800 // 
205AC00003D02 // 
205B000003C04 // 
205B400001B07 // 
205B800003308 // 
205BC0000100B // 
205C00004010C // 
205C400040017 // 
0203001B00288 // K, N
020340000301B // NM, NO_PACKING, PSIZE
0203800104808 // MAX_SCHEDULE, NO_FINAL_PARITY_CHECK, NORM_TYPE, NMQC, NLAYERS
0203C005D0909 // QC_OFF, LA_OFF, SC_OFF
100240000CCCC // SC_TABLE
100280000CCCC // 
1809000000C03 // LA_TABLE
1809400000E03 // 
1809800000E02 // 
1809C00000C03 // 
180A000000E05 // 
180A400001004 // 
180A800000F03 // 
180AC00000F02 // 
205D000021900 // QC_TABLE
205D400010000 // 
205D800010000 // 
205DC00010000 // 
205E000021404 // 
205E400021A01 // 
205E800010000 // 
205EC00010000 // 
205F000020408 // 
205F40002100D // 
205F800020E02 // 
205FC0002080B // 
2060000060110 // 
2060400068011 // 
2060800020206 // 
2060C0002120F // 
2061000010000 // 
2061400010000 // 
2061800000F02 // 
2061C00010000 // 
2062000010000 // 
2062400000901 // 
206280002120A // 
2062C00010000 // 
2063000000A00 // 
2063400020005 // 
2063800020A0E // 
2063C00020B03 // 
206400002080C // 
2064400040011 // 
2064800068012 // 
2064C00020107 // 
2065000001000 // 
2065400010000 // 
2065800001402 // 
2065C00001A03 // 
2066000001504 // 
2066400000201 // 
2066800000606 // 
2066C0000070B // 
2067000000108 // 
2067400021A09 // 
2067800040012 // 
2067C00068013 // 
2068000010000 // 
2068400010000 // 
2068800010000 // 
2068C00000003 // 
2069000010000 // 
2069400000D01 // 
2069800010000 // 
2069C00000707 // 
206A000000A00 // 
206A400000305 // 
206A800000502 // 
206AC0000100F // 
206B000068014 // 
206B400000D0D // 
206B800001A0A // 
206BC00040013 // 
206C000001700 // 
206C400010000 // 
206C800010000 // 
206CC00010000 // 
206D000000C04 // 
206D400010000 // 
206D800010000 // 
206DC00010000 // 
206E000001108 // 
206E400010000 // 
206E800010000 // 
206EC00010000 // 
206F00000140C // 
206F400010000 // 
206F800001802 // 
206FC00010000 // 
2070000040010 // 
2070400000E01 // 
2070800001306 // 
2070C00010000 // 
2071000040014 // 
2071400068015 // 
207180000150E // 
2071C00010000 // 
2072000010000 // 
2072400001601 // 
2072800010000 // 
2072C00010000 // 
2073000010000 // 
2073400001905 // 
2073800010000 // 
2073C00010000 // 
2074000010000 // 
2074400000809 // 
2074800010000 // 
2074C00001403 // 
2075000010000 // 
207540000120D // 
2075800000902 // 
2075C00001107 // 
2076000000600 // 
2076400040015 // 
2076800068016 // 
2076C00000E0B // 
2077000010000 // 
2077400010000 // 
2077800001502 // 
2077C00010000 // 
2078000000E00 // 
2078400010000 // 
2078800001806 // 
2078C00000B03 // 
2079000001404 // 
2079400010000 // 
207980000130A // 
2079C0000160F // 
207A000001208 // 
207A400001701 // 
207A800040016 // 
207AC00068017 // 
207B000001100 // 
207B400000B01 // 
207B800010000 // 
207BC00001403 // 
207C00000120C // 
207C400001505 // 
207C800000B02 // 
207CC00001A07 // 
207D000040110 // 
207D400000309 // 
207D800001A0E // 
207DC00048017 // 
0204003600510 // K, N
0204400006036 // NM, NO_PACKING, PSIZE
0204800106808 // MAX_SCHEDULE, NO_FINAL_PARITY_CHECK, NORM_TYPE, NMQC, NLAYERS
0204C007E0B0B // QC_OFF, LA_OFF, SC_OFF
1002C0000CCCC // SC_TABLE
100300000CCCC // 
180B000000C05 // LA_TABLE
180B400000D07 // 
180B800000E06 // 
180BC00000E05 // 
180C000000C05 // 
180C400000D05 // 
180C800000D05 // 
180CC00000C05 // 
207E000010000 // QC_TABLE
207E400021F01 // 
207E800022700 // 
207EC00022B03 // 
207F000021602 // 
207F400022805 // 
207F800020406 // 
207FC0002320B // 
2080000020B08 // 
208040002060F // 
2080800060110 // 
2080C00068011 // 
2081000001900 // 
2081400010000 // 
2081800002902 // 
2081C00010000 // 
2082000020604 // 
2082400010000 // 
2082800000E06 // 
2082C00010000 // 
2083000002208 // 
2083400010000 // 
208380002180C // 
2083C00003401 // 
208400002250E // 
2084400000203 // 
2084800068012 // 
2084C00040011 // 
2085000002B00 // 
2085400010000 // 
2085800001D02 // 
2085C00010000 // 
2086000001504 // 
2086400010000 // 
2086800001C06 // 
2086C00001F01 // 
208700000070C // 
2087400000003 // 
208780000110E // 
2087C00020209 // 
2088000040012 // 
2088400068013 // 
2088800001400 // 
2088C00010000 // 
2089000003002 // 
2089400002101 // 
2089800000404 // 
2089C00000D05 // 
208A00002160A // 
208A400021A07 // 
208A800002A0E // 
208AC00022E0D // 
208B000068014 // 
208B400040013 // 
208B800002D00 // 
208BC00010000 // 
208C000001202 // 
208C400000701 // 
208C800000C04 // 
208CC00003303 // 
208D00000050C // 
208D400001905 // 
208D800040010 // 
208DC00003209 // 
208E000040014 // 
208E400068015 // 
208E800010000 // 
208EC00002801 // 
208F000002300 // 
208F400001003 // 
208F800002002 // 
208FC00001207 // 
2090000000504 // 
209040000330B // 
2090800002B0A // 
2090C0000200D // 
2091000068016 // 
2091400040015 // 
2091800010000 // 
2091C00001801 // 
2092000000900 // 
2092400001603 // 
2092800000D02 // 
2092C00002507 // 
2093000001C04 // 
209340000340D // 
209380000190A // 
2093C00000D0F // 
2094000040016 // 
2094400068017 // 
2094800010000 // 
2094C00001601 // 
2095000002000 // 
2095400001503 // 
2095800000402 // 
2095C00001C09 // 
2096000001004 // 
209640000260B // 
2096800001B08 // 
2096C0000080F // 
2097000040110 // 
2097400048017 // 
0205005100798 // K, N
020540000C051 // NM, NO_PACKING, PSIZE
020580010B008 // MAX_SCHEDULE, NO_FINAL_PARITY_CHECK, NORM_TYPE, NMQC, NLAYERS
0205C00980D0D // QC_OFF, LA_OFF, SC_OFF
100340000CCCC // SC_TABLE
100380000CCCC // 
180D000000C0A // LA_TABLE
180D400000D0A // 
180D800000D0A // 
180DC00000D0A // 
180E000000D0A // 
180E400000D0A // 
180E800000D0A // 
180EC00000D0A // 
2098000023D00 // QC_TABLE
2098400024B01 // 
2098800020402 // 
2098C00023F03 // 
2099000023804 // 
209940002080B // 
209980002020D // 
2099C0002110E // 
209A00002190F // 
209A400060110 // 
209A800060011 // 
209AC00003800 // 
209B000004A01 // 
209B400004D02 // 
209B800001403 // 
209BC00024007 // 
209C000021808 // 
209C400020409 // 
209C80002430A // 
209CC0002070C // 
209D000040011 // 
209D400060012 // 
209D800001C00 // 
209DC00001501 // 
209E000004402 // 
209E400000A03 // 
209E800000704 // 
209EC00020E05 // 
209F000024106 // 
209F40000170A // 
209F800004B0E // 
209FC00040012 // 
20A0000060013 // 
20A0400003000 // 
20A0800002601 // 
20A0C00002B02 // 
20A1000004E03 // 
20A1400004C04 // 
20A1800000509 // 
20A1C0000240A // 
20A2000000F0C // 
20A240000480D // 
20A2800040013 // 
20A2C00060014 // 
20A3000002800 // 
20A3400000201 // 
20A3800003502 // 
20A3C00001903 // 
20A4000003405 // 
20A4400003E06 // 
20A4800001408 // 
20A4C00002C0B // 
20A5000040010 // 
20A5400040014 // 
20A5800060015 // 
20A5C00004500 // 
20A6000001701 // 
20A6400004002 // 
20A6800000A03 // 
20A6C00001604 // 
20A7000001506 // 
20A740000440C // 
20A780000170D // 
20A7C00001D0E // 
20A8000040015 // 
20A8400060016 // 
20A8800000C00 // 
20A8C00000001 // 
20A9000004402 // 
20A9400001403 // 
20A9800003704 // 
20A9C00003D05 // 
20AA000002807 // 
20AA40000340B // 
20AA800002C0F // 
20AAC00040016 // 
20AB000060017 // 
20AB400003A00 // 
20AB800000801 // 
20ABC00002202 // 
20AC000004003 // 
20AC400004E04 // 
20AC800000B07 // 
20ACC00004E08 // 
20AD000001809 // 
20AD400003A0F // 
20AD800040110 // 
20ADC00040017 // 
0206001E60288 // K, N
020640000301B // NM, NO_PACKING, PSIZE
0206800104006 // MAX_SCHEDULE, NO_FINAL_PARITY_CHECK, NORM_TYPE, NMQC, NLAYERS
0206C00AE0F0F // QC_OFF, LA_OFF, SC_OFF
1003C0000CCCC // SC_TABLE
10040000000CC // 
180F000000F04 // LA_TABLE
180F400000E03 // 
180F800000C05 // 
180FC00000F03 // 
1810000000D04 // 
1810400000D04 // 
20AE000021000 // QC_TABLE
20AE400010000 // 
20AE800021602 // 
20AEC00010000 // 
20AF000020904 // 
20AF400010000 // 
20AF800020E06 // 
20AFC00010000 // 
20B0000020408 // 
20B0400021101 // 
20B080002070A // 
20B0C00010000 // 
20B1000021A0C // 
20B1400020305 // 
20B180002020E // 
20B1C00021803 // 
20B2000021510 // 
20B2400020209 // 
20B2800060112 // 
20B2C00068013 // 
20B3000001900 // 
20B3400000C01 // 
20B3800000C02 // 
20B3C00010000 // 
20B4000000304 // 
20B4400001A05 // 
20B4800000606 // 
20B4C00000303 // 
20B5000000F0C // 
20B5400000F09 // 
20B580000160A // 
20B5C00021507 // 
20B6000068014 // 
20B6400021011 // 
20B680000040E // 
20B6C00040013 // 
20B7000001900 // 
20B7400010000 // 
20B7800010000 // 
20B7C00010000 // 
20B8000001604 // 
20B8400010000 // 
20B8800010000 // 
20B8C00010000 // 
20B9000000008 // 
20B9400010000 // 
20B9800001A02 // 
20B9C00010000 // 
20BA00000040C // 
20BA400001201 // 
20BA800000906 // 
20BAC00010000 // 
20BB000000B10 // 
20BB400001705 // 
20BB80000040A // 
20BBC00001003 // 
20BC000040014 // 
20BC400068015 // 
20BC80000080E // 
20BCC0002170F // 
20BD000000900 // 
20BD400010000 // 
20BD800000002 // 
20BDC00010000 // 
20BE000001104 // 
20BE400000701 // 
20BE80000030A // 
20BEC00000103 // 
20BF000000308 // 
20BF40002100D // 
20BF800040012 // 
20BFC00000707 // 
20C0000001510 // 
20C0400040015 // 
20C0800068016 // 
20C0C0002170B // 
20C1000010000 // 
20C1400010000 // 
20C1800010000 // 
20C1C00000703 // 
20C2000010000 // 
20C2400000501 // 
20C2800010000 // 
20C2C00000F07 // 
20C3000001800 // 
20C3400000F09 // 
20C3800010000 // 
20C3C0000080B // 
20C4000000104 // 
20C4400000D0D // 
20C4800001A02 // 
20C4C00000D0F // 
20C5000001808 // 
20C5400000B11 // 
20C5800040016 // 
20C5C00068017 // 
20C6000010000 // 
20C6400000201 // 
20C6800010000 // 
20C6C00000E03 // 
20C7000010000 // 
20C7400000105 // 
20C7800010000 // 
20C7C00001307 // 
20C8000010000 // 
20C8400001509 // 
20C8800001302 // 
20C8C0000020B // 
20C9000000200 // 
20C940000180D // 
20C9800000F06 // 
20C9C0000030F // 
20CA000001804 // 
20CA400000211 // 
20CA800040112 // 
20CAC00048017 // 
0207003CC0510 // K, N
0207400006036 // NM, NO_PACKING, PSIZE
0207800108006 // MAX_SCHEDULE, NO_FINAL_PARITY_CHECK, NORM_TYPE, NMQC, NLAYERS
0207C00CB1111 // QC_OFF, LA_OFF, SC_OFF
100440000CCCC // SC_TABLE
10048000000CC // 
1811000001209 // LA_TABLE
1811400001109 // 
1811800001209 // 
1811C0000110A // 
1812000001309 // 
1812400001109 // 
20CB000010000 // QC_TABLE
20CB400022801 // 
20CB800010000 // 
20CBC00022903 // 
20CC000010000 // 
20CC400021D05 // 
20CC800010000 // 
20CCC00022407 // 
20CD000010000 // 
20CD400020E09 // 
20CD800022700 // 
20CDC0002060B // 
20CE000023302 // 
20CE40002210D // 
20CE800020304 // 
20CEC00020B0F // 
20CF000020806 // 
20CF400020411 // 
20CF800060112 // 
20CFC00068013 // 
20D0000003000 // 
20D0400010000 // 
20D0800002F02 // 
20D0C00010000 // 
20D1000003004 // 
20D1400010000 // 
20D1800003306 // 
20D1C00010000 // 
20D2000022608 // 
20D2400010000 // 
20D2800021C0A // 
20D2C00010000 // 
20D300002220C // 
20D3400001501 // 
20D380002320E // 
20D3C00000903 // 
20D4000023210 // 
20D4400002305 // 
20D4800068014 // 
20D4C00040013 // 
20D5000010000 // 
20D5400002701 // 
20D5800010000 // 
20D5C00002A03 // 
20D6000010000 // 
20D6400002705 // 
20D6800010000 // 
20D6C00001107 // 
20D7000010000 // 
20D7400000609 // 
20D7800001E00 // 
20D7C0000120B // 
20D8000001C02 // 
20D840000140D // 
20D8800003204 // 
20D8C00000F0F // 
20D9000000506 // 
20D9400002811 // 
20D9800040014 // 
20D9C00068015 // 
20DA000001D00 // 
20DA400010000 // 
20DA800000102 // 
20DAC00010000 // 
20DB000002404 // 
20DB400010000 // 
20DB800002F06 // 
20DBC00010000 // 
20DC000003108 // 
20DC400010000 // 
20DC800002F0A // 
20DCC00010000 // 
20DD00000030C // 
20DD400010000 // 
20DD80000230E // 
20DDC00000001 // 
20DE000002210 // 
20DE400002B03 // 
20DE800040012 // 
20DEC00001E05 // 
20DF000068016 // 
20DF400040015 // 
20DF800010000 // 
20DFC00002001 // 
20E0000010000 // 
20E0400001703 // 
20E0800010000 // 
20E0C00002C05 // 
20E1000010000 // 
20E1400000707 // 
20E1800010000 // 
20E1C00003009 // 
20E2000000100 // 
20E240000040B // 
20E2800000B02 // 
20E2C0000090D // 
20E3000000A04 // 
20E340000110F // 
20E3800000C06 // 
20E3C00001011 // 
20E4000040016 // 
20E4400068017 // 
20E4800000D00 // 
20E4C00010000 // 
20E5000000F02 // 
20E5400010000 // 
20E5800001704 // 
20E5C00010000 // 
20E6000002F06 // 
20E6400010000 // 
20E6800002B08 // 
20E6C00010000 // 
20E7000001D0A // 
20E7400010000 // 
20E780000340C // 
20E7C00000701 // 
20E800000020E // 
20E8400002F03 // 
20E8800003510 // 
20E8C00001005 // 
20E9000040112 // 
20E9400048017 // 
0208005B20798 // K, N
020840000C051 // NM, NO_PACKING, PSIZE
020880010B006 // MAX_SCHEDULE, NO_FINAL_PARITY_CHECK, NORM_TYPE, NMQC, NLAYERS
0208C00EA1313 // QC_OFF, LA_OFF, SC_OFF
1004C0000CCCC // SC_TABLE
10050000000CC // 
1813000000E0D // LA_TABLE
1813400000D0D // 
1813800000D0D // 
1813C00000C0E // 
1814000000E0D // 
1814400000C0D // 
20EA000023000 // QC_TABLE
20EA400021D01 // 
20EA800021C02 // 
20EAC00022703 // 
20EB000020904 // 
20EB400023D05 // 
20EB800023F09 // 
20EBC00022D0A // 
20EC00002500B // 
20EC40002250F // 
20EC800022010 // 
20ECC00021611 // 
20ED000060112 // 
20ED400060013 // 
20ED800000400 // 
20EDC00003101 // 
20EE000002A02 // 
20EE400003003 // 
20EE800000B04 // 
20EEC00001E05 // 
20EF000003109 // 
20EF40000110A // 
20EF80000290B // 
20EFC0002250C // 
20F0000020F0D // 
20F040000360F // 
20F0800040013 // 
20F0C00060014 // 
20F1000002300 // 
20F1400004C01 // 
20F1800004E02 // 
20F1C00003303 // 
20F2000002504 // 
20F2400002305 // 
20F2800021506 // 
20F2C00021108 // 
20F3000004009 // 
20F3400003B0D // 
20F380002070E // 
20F3C00002011 // 
20F4000040014 // 
20F4400060015 // 
20F4800000900 // 
20F4C00004101 // 
20F5000002C02 // 
20F5400000903 // 
20F5800003604 // 
20F5C00003805 // 
20F6000004906 // 
20F6400022207 // 
20F6800002A08 // 
20F6C0000230C // 
20F7000002E10 // 
20F7400002711 // 
20F7800040012 // 
20F7C00040015 // 
20F8000060016 // 
20F8400000300 // 
20F8800003E01 // 
20F8C00000702 // 
20F9000005003 // 
20F9400004404 // 
20F9800001A05 // 
20F9C00005007 // 
20FA000003708 // 
20FA40000240A // 
20FA800001A0C // 
20FAC0000090E // 
20FB000004810 // 
20FB400040016 // 
20FB800060017 // 
20FBC00001A00 // 
20FC000004B01 // 
20FC400002102 // 
20FC800001503 // 
20FCC00004504 // 
20FD000003B05 // 
20FD400000306 // 
20FD800002607 // 
20FDC0000230B // 
20FE000003E0D // 
20FE40000240E // 
20FE800001A0F // 
20FEC00040112 // 
20FF000040017 // 
02090021C0288 // K, N
020940000301B // NM, NO_PACKING, PSIZE
0209800103004 // MAX_SCHEDULE, NO_FINAL_PARITY_CHECK, NORM_TYPE, NMQC, NLAYERS
0209C01001515 // QC_OFF, LA_OFF, SC_OFF
100540000CCCC // SC_TABLE
1815000000D05 // LA_TABLE
1815400000D05 // 
1815800000D05 // 
1815C00000D05 // 
2100000021100 // QC_TABLE
2100400020D01 // 
2100800010000 // 
2100C00010000 // 
2101000020904 // 
2101400020305 // 
2101800020802 // 
2101C00021503 // 
2102000020A08 // 
2102400020009 // 
2102800021206 // 
2102C00020C07 // 
210300002130C // 
210340002020D // 
210380002040A // 
2103C00020F0B // 
2104000021A10 // 
2104400021311 // 
210480002050E // 
2104C00020A0F // 
2105000060114 // 
2105400068015 // 
2105800020D12 // 
2105C00020D13 // 
2106000010000 // 
2106400000C01 // 
2106800000B02 // 
2106C00010000 // 
2107000000300 // 
2107400001905 // 
2107800000506 // 
2107C00000E03 // 
2108000000B04 // 
2108400000909 // 
210880000020A // 
2108C00001207 // 
2109000000008 // 
2109400000A0D // 
210980000180E // 
2109C00001A0B // 
210A000001A0C // 
210A400001411 // 
210A800000412 // 
210AC0000070F // 
210B000000E10 // 
210B400040015 // 
210B800068016 // 
210BC00000213 // 
210C000010000 // 
210C400010000 // 
210C800000402 // 
210CC00000303 // 
210D000001600 // 
210D400001001 // 
210D800000C06 // 
210DC00000507 // 
210E000000A04 // 
210E400001505 // 
210E80000130A // 
210EC0000050B // 
210F000001508 // 
210F400000E09 // 
210F80000050E // 
210FC0000120F // 
2110000000B10 // 
211040000080D // 
2110800000512 // 
2110C00000F13 // 
2111000040014 // 
2111400000511 // 
2111800040016 // 
2111C00068017 // 
2112000000700 // 
2112400010000 // 
2112800010000 // 
2112C00000E03 // 
2113000000404 // 
2113400000701 // 
2113800000E02 // 
2113C00001807 // 
2114000001808 // 
2114400001005 // 
2114800001006 // 
2114C0000070B // 
2115000000F0C // 
2115400000A09 // 
211580000010A // 
2115C00001A0F // 
2116000000810 // 
211640000060D // 
2116800000A0E // 
2116C00000E13 // 
2117000040114 // 
2117400001211 // 
2117800001512 // 
2117C00048017 // 
020A004380510 // K, N
020A400006036 // NM, NO_PACKING, PSIZE
020A800105804 // MAX_SCHEDULE, NO_FINAL_PARITY_CHECK, NORM_TYPE, NMQC, NLAYERS
020AC01181616 // QC_OFF, LA_OFF, SC_OFF
100580000CCCC // SC_TABLE
1816000000D0A // LA_TABLE
1816400000C0A // 
1816800000D0A // 
1816C00000C0A // 
2118000023000 // QC_TABLE
2118400010000 // 
2118800022502 // 
2118C00021D01 // 
2119000020204 // 
2119400023403 // 
2119800020606 // 
2119C00021005 // 
211A000023508 // 
211A400020E07 // 
211A80002220A // 
211AC00021F09 // 
211B00002120C // 
211B40002050B // 
211B80002350E // 
211BC00022A0D // 
211C000022D10 // 
211C400021F0F // 
211C800022E12 // 
211CC00023413 // 
211D000060114 // 
211D400068015 // 
211D800001100 // 
211DC00010000 // 
211E000001E02 // 
211E400000401 // 
211E800002B04 // 
211EC00000703 // 
211F000001806 // 
211F400000B05 // 
211F800000E08 // 
211FC00000607 // 
212000000060A // 
2120400001509 // 
212080000110C // 
2120C0000270B // 
2121000002F0E // 
212140000280D // 
2121800000F10 // 
2121C0000070F // 
2122000001312 // 
2122400022911 // 
2122800068016 // 
2122C00040015 // 
2123000000700 // 
2123400000201 // 
2123800003302 // 
2123C00001F03 // 
2124000002E04 // 
2124400001705 // 
2124800001006 // 
2124C00000B07 // 
2125000003508 // 
2125400002809 // 
2125800000A0A // 
2125C0000070B // 
2126000002E0C // 
212640000350D // 
212680000210E // 
2126C0000230F // 
2127000002312 // 
2127400001911 // 
2127800040014 // 
2127C00002613 // 
2128000040016 // 
2128400068017 // 
2128800010000 // 
2128C00003001 // 
2129000001300 // 
2129400000103 // 
2129800002902 // 
2129C00000705 // 
212A000000A04 // 
212A400002F07 // 
212A800002406 // 
212AC00001D09 // 
212B000000508 // 
212B40000340B // 
212B80000340A // 
212BC00000A0D // 
212C000001F0C // 
212C40000060F // 
212C800001A0E // 
212CC00000211 // 
212D000000310 // 
212D400003313 // 
212D800040114 // 
212DC00048017 // 
020B006540798 // K, N
020B40000C051 // NM, NO_PACKING, PSIZE
020B80010A004 // MAX_SCHEDULE, NO_FINAL_PARITY_CHECK, NORM_TYPE, NMQC, NLAYERS
020BC012E1717 // QC_OFF, LA_OFF, SC_OFF
1005C0000CCCC // SC_TABLE
1817000000C13 // LA_TABLE
1817400000D13 // 
1817800000D13 // 
1817C00000D12 // 
212E000020D00 // QC_TABLE
212E400023001 // 
212E800025002 // 
212EC00024203 // 
212F000020404 // 
212F400024A05 // 
212F800020706 // 
212FC00021E07 // 
2130000024C08 // 
2130400023409 // 
213080002250A // 
2130C00023C0B // 
213100002310D // 
213140002490E // 
2131800021F0F // 
2131C00024A10 // 
2132000024911 // 
2132400021712 // 
2132800060114 // 
2132C00060015 // 
2133000004500 // 
2133400003F01 // 
2133800004A02 // 
2133C00003803 // 
2134000004004 // 
2134400004D05 // 
2134800003906 // 
2134C00004107 // 
2135000000608 // 
2135400001009 // 
213580000330A // 
2135C0002400C // 
213600000440E // 
213640000090F // 
2136800003010 // 
2136C00003E11 // 
2137000003612 // 
2137400021B13 // 
2137800040015 // 
2137C00060016 // 
2138000003300 // 
2138400000F01 // 
2138800000002 // 
2138C00005003 // 
2139000001804 // 
2139400001905 // 
2139800002A06 // 
2139C00003607 // 
213A000002C08 // 
213A400004709 // 
213A80000470A // 
213AC0000090B // 
213B00000430C // 
213B40000230D // 
213B800003A0F // 
213BC00001D11 // 
213C000003513 // 
213C400040014 // 
213C800040016 // 
213CC00060017 // 
213D000001000 // 
213D400001D01 // 
213D800002402 // 
213DC00002903 // 
213E000002C04 // 
213E400003805 // 
213E800003B06 // 
213EC00002507 // 
213F000003208 // 
213F400001809 // 
213F80000410B // 
213FC0000040C // 
214000000410D // 
214040000340E // 
2140800000410 // 
2140C00004912 // 
2141000003413 // 
2141400040114 // 
2141800040017 // 
0001400000001 // FEC_CODE
0000C00000000 // AXIS_WIDTH
000100000003F // AXIS_ENABLE: Enable all channels 
