CxlResult:/home/miglioranza/Data_splitter/Data_splitter.cache/compile_simlib/xcelium/unifast/.cxl.vhdl.unifast.unifast.lin64.rpt =
	ExecutionPlatform = lin64 ,
	SourceLibrary = unifast ,
	SourcePath = /ihpusr/xilinx/vivado20191/Vivado/2019.1/data/vhdl/src/unifast ,
	Simulator = xcelium ,
	SimulatorVersion = 22.03-s002 ,
	CompiledLibrary = unifast ,
	CompiledPath = /home/miglioranza/Data_splitter/Data_splitter.cache/compile_simlib/xcelium/unifast ,
	Timestamp = Thu Jul 25 09:40:07 2024 ,
	Time = 1721893206 ,
	Language = vhdl ,
	XilinxVersion = 2019.1 ,
	LogFile = /home/miglioranza/Data_splitter/Data_splitter.cache/compile_simlib/xcelium/unifast/.cxl.vhdl.unifast.unifast.lin64.log ,
	NumOfErrors = 1 ,
	NumOfWarnings = 806 ,
	Error = /ihp/ihpusr/cadence/xcelium/22.03/tools.lnx86/inca/bin/xmvhdl -MESSAGES -v93 -RELAX -NOLOG -CDSLIB cds.lib -HDLVAR hdl.var -64bit -work unifast -f /home/miglioranza/Data_splitter/Data_splitter.cache/compile_simlib/xcelium/unifast/.cxl.vhdl.unifast.unifast.lin64.cmf ,
