CxlResult:/home/miglioranza/Polyphase_Filter_FI/Polyphase_Filter_FI.cache/compile_simlib/xcelium/xscl/.cxl.systemc.xscl.xscl.lin64.rpt =
	ExecutionPlatform = lin64 ,
	SourceLibrary = xscl ,
	SourcePath = /ihpusr/xilinx/vivado2021.2/Vivado/2021.2/data/systemc/simlibs/xscl/xscl ,
	Simulator = xcelium ,
	SimulatorVersion = 20.09-s007 ,
	CompiledLibrary = xscl ,
	CompiledPath = /home/miglioranza/Polyphase_Filter_FI/Polyphase_Filter_FI.cache/compile_simlib/xcelium/xscl ,
	Timestamp = Wed Oct  9 16:56:28 2024 ,
	Time = 1728485788 ,
	Language = systemc ,
	XilinxVersion = 2021.2 ,
	LogFile = /home/miglioranza/Polyphase_Filter_FI/Polyphase_Filter_FI.cache/compile_simlib/xcelium/xscl/.cxl.systemc.xscl.xscl.lin64.log ,
	NumOfErrors = 1 ,
	NumOfWarnings = 0 ,
	Error = /usr/bin/g++ -m64 /home/miglioranza/Polyphase_Filter_FI/Polyphase_Filter_FI.cache/compile_simlib/xcelium/xscl/memory.o /home/miglioranza/Polyphase_Filter_FI/Polyphase_Filter_FI.cache/compile_simlib/xcelium/xscl/mmapStorageEngine.o /home/miglioranza/Polyphase_Filter_FI/Polyphase_Filter_FI.cache/compile_simlib/xcelium/xscl/support.o  /ihp/ihpusr/cadence/xcelium/20.09/systemc/lib/64bit/gnu/libscBootstrap_sh.so /ihp/ihpusr/cadence/xcelium/20.09/systemc/lib/64bit/gnu/libxmscCoroutines_sh.so /ihp/ihpusr/cadence/xcelium/20.09/systemc/lib/64bit/gnu/libsystemc_sh.so -Wl,-G -L/home/miglioranza/Polyphase_Filter_FI/Polyphase_Filter_FI.cache/compile_simlib/xcelium/xtlm -lxtlm -L/home/miglioranza/Polyphase_Filter_FI/Polyphase_Filter_FI.cache/compile_simlib/xcelium/common_cpp_v1_0 -lcommon_cpp_v1_0  -shared -o /home/miglioranza/Polyphase_Filter_FI/Polyphase_Filter_FI.cache/compile_simlib/xcelium/xscl/libxscl.so ,
