CxlResult:/home/miglioranza/Scrambler_32bits/Scrambler_32bits.cache/compile_simlib/xcelium/axi_bram_ctrl_v4_0_14/.cxl.vhdl.axi_bram_ctrl_v4_0_14.axi_bram_ctrl_v4_0_14.lin64.rpt =
	ExecutionPlatform = lin64 ,
	SourceLibrary = axi_bram_ctrl_v4_0_14 ,
	SourcePath = /ihpusr/xilinx/vivado20191/Vivado/2019.1/data ,
	Simulator = xcelium ,
	SimulatorVersion = 22.03-s002 ,
	CompiledLibrary = axi_bram_ctrl_v4_0_14 ,
	CompiledPath = /home/miglioranza/Scrambler_32bits/Scrambler_32bits.cache/compile_simlib/xcelium/axi_bram_ctrl_v4_0_14 ,
	Timestamp = Mon Jul 29 15:17:54 2024 ,
	Time = 1722259073 ,
	Language = vhdl ,
	XilinxVersion = 2019.1 ,
	LogFile = /home/miglioranza/Scrambler_32bits/Scrambler_32bits.cache/compile_simlib/xcelium/axi_bram_ctrl_v4_0_14/.cxl.vhdl.axi_bram_ctrl_v4_0_14.axi_bram_ctrl_v4_0_14.lin64.log ,
	NumOfErrors = 1 ,
	NumOfWarnings = 0 ,
	Error = /ihp/ihpusr/cadence/xcelium/22.03/tools.lnx86/inca/bin/xmvhdl -MESSAGES -NOLOG -CDSLIB cds.lib -HDLVAR hdl.var -64bit -V93 -work axi_bram_ctrl_v4_0_14 -f /home/miglioranza/Scrambler_32bits/Scrambler_32bits.cache/compile_simlib/xcelium/axi_bram_ctrl_v4_0_14/.cxl.vhdl.axi_bram_ctrl_v4_0_14.axi_bram_ctrl_v4_0_14.lin64.cmf ,
