
*** Running vivado
    with args -log Scrambler_32bits.vds -m64 -product Vivado -mode batch -messageDb vivado.pb -notrace -source Scrambler_32bits.tcl


****** Vivado v2021.2 (64-bit)
  **** SW Build 3367213 on Tue Oct 19 02:47:39 MDT 2021
  **** IP Build 3369179 on Thu Oct 21 08:25:16 MDT 2021
    ** Copyright 1986-2021 Xilinx, Inc. All Rights Reserved.

source Scrambler_32bits.tcl -notrace
INFO: [IP_Flow 19-234] Refreshing IP repositories
INFO: [IP_Flow 19-1700] Loaded user IP repository '/ihp/departments/D-SYA/work/miglioranza/Scrambler_32bits/Scrambler_32bits.srcs'.
INFO: [IP_Flow 19-2313] Loaded Vivado IP repository '/ihpusr/xilinx/vivado2021.2/Vivado/2021.2/data/ip'.
Command: synth_design -top Scrambler_32bits -part xczu28dr-ffvg1517-2-e
Starting synth_design
Attempting to get a license for feature 'Synthesis' and/or device 'xczu28dr'
INFO: [Common 17-349] Got license for feature 'Synthesis' and/or device 'xczu28dr'
INFO: [Synth 8-7079] Multithreading enabled for synth_design using a maximum of 4 processes.
INFO: [Synth 8-7078] Launching helper process for spawning children vivado processes
INFO: [Synth 8-7075] Helper process launched with PID 2719081
---------------------------------------------------------------------------------
Starting Synthesize : Time (s): cpu = 00:00:03 ; elapsed = 00:00:03 . Memory (MB): peak = 3132.629 ; gain = 0.000 ; free physical = 14539 ; free virtual = 127930
---------------------------------------------------------------------------------
INFO: [Synth 8-638] synthesizing module 'Scrambler_32bits' [/ihp/departments/D-SYA/work/miglioranza/Scrambler_32bits/Scrambler_32bits.srcs/sources_1/new/Scrambler_32bits.vhd:59]
INFO: [Synth 8-256] done synthesizing module 'Scrambler_32bits' (1#1) [/ihp/departments/D-SYA/work/miglioranza/Scrambler_32bits/Scrambler_32bits.srcs/sources_1/new/Scrambler_32bits.vhd:59]
---------------------------------------------------------------------------------
Finished Synthesize : Time (s): cpu = 00:00:03 ; elapsed = 00:00:04 . Memory (MB): peak = 3132.629 ; gain = 0.000 ; free physical = 13691 ; free virtual = 127083
---------------------------------------------------------------------------------
---------------------------------------------------------------------------------
Finished Constraint Validation : Time (s): cpu = 00:00:04 ; elapsed = 00:00:05 . Memory (MB): peak = 3132.629 ; gain = 0.000 ; free physical = 13585 ; free virtual = 126976
---------------------------------------------------------------------------------
---------------------------------------------------------------------------------
Start Loading Part and Timing Information
---------------------------------------------------------------------------------
Loading part: xczu28dr-ffvg1517-2-e
INFO: [Synth 8-6742] Reading net delay rules and data
---------------------------------------------------------------------------------
Finished Loading Part and Timing Information : Time (s): cpu = 00:00:04 ; elapsed = 00:00:05 . Memory (MB): peak = 3142.633 ; gain = 10.004 ; free physical = 13582 ; free virtual = 126977
INFO: [Device 21-403] Loading part xczu28dr-ffvg1517-2-e
---------------------------------------------------------------------------------
---------------------------------------------------------------------------------
Finished RTL Optimization Phase 2 : Time (s): cpu = 00:00:04 ; elapsed = 00:00:05 . Memory (MB): peak = 3142.633 ; gain = 10.004 ; free physical = 13540 ; free virtual = 126936
---------------------------------------------------------------------------------
No constraint files found.
---------------------------------------------------------------------------------
Start RTL Component Statistics 
---------------------------------------------------------------------------------
Detailed RTL Component Info : 
+---XORs : 
	   2 Input     32 Bit         XORs := 1     
	   2 Input      1 Bit         XORs := 1     
+---Registers : 
	               32 Bit    Registers := 1     
	               31 Bit    Registers := 1     
	                1 Bit    Registers := 3     
+---Muxes : 
	   2 Input   32 Bit        Muxes := 1     
	   2 Input   31 Bit        Muxes := 1     
	   2 Input    1 Bit        Muxes := 1     
---------------------------------------------------------------------------------
Finished RTL Component Statistics 
---------------------------------------------------------------------------------
---------------------------------------------------------------------------------
Start Part Resource Summary
---------------------------------------------------------------------------------
Part Resources:
DSPs: 4272 (col length:192)
BRAMs: 2160 (col length: RAMB18 192 RAMB36 96)
---------------------------------------------------------------------------------
Finished Part Resource Summary
---------------------------------------------------------------------------------
No constraint files found.
---------------------------------------------------------------------------------
Start Cross Boundary and Area Optimization
---------------------------------------------------------------------------------
WARNING: [Synth 8-7080] Parallel synthesis criteria is not met
---------------------------------------------------------------------------------
Finished Cross Boundary and Area Optimization : Time (s): cpu = 00:00:10 ; elapsed = 00:00:15 . Memory (MB): peak = 3428.227 ; gain = 295.598 ; free physical = 13596 ; free virtual = 126998
---------------------------------------------------------------------------------
No constraint files found.
---------------------------------------------------------------------------------
Start Timing Optimization
---------------------------------------------------------------------------------
---------------------------------------------------------------------------------
Finished Timing Optimization : Time (s): cpu = 00:00:10 ; elapsed = 00:00:15 . Memory (MB): peak = 3438.133 ; gain = 305.504 ; free physical = 13594 ; free virtual = 126996
---------------------------------------------------------------------------------
---------------------------------------------------------------------------------
Start Technology Mapping
---------------------------------------------------------------------------------
---------------------------------------------------------------------------------
Finished Technology Mapping : Time (s): cpu = 00:00:10 ; elapsed = 00:00:15 . Memory (MB): peak = 3438.133 ; gain = 305.504 ; free physical = 13594 ; free virtual = 126996
---------------------------------------------------------------------------------
---------------------------------------------------------------------------------
Start IO Insertion
---------------------------------------------------------------------------------
---------------------------------------------------------------------------------
Start Flattening Before IO Insertion
---------------------------------------------------------------------------------
---------------------------------------------------------------------------------
Finished Flattening Before IO Insertion
---------------------------------------------------------------------------------
---------------------------------------------------------------------------------
Start Final Netlist Cleanup
---------------------------------------------------------------------------------
---------------------------------------------------------------------------------
Finished Final Netlist Cleanup
---------------------------------------------------------------------------------
---------------------------------------------------------------------------------
Finished IO Insertion : Time (s): cpu = 00:00:12 ; elapsed = 00:00:17 . Memory (MB): peak = 3438.133 ; gain = 305.504 ; free physical = 13586 ; free virtual = 126989
---------------------------------------------------------------------------------
---------------------------------------------------------------------------------
Start Renaming Generated Instances
---------------------------------------------------------------------------------
---------------------------------------------------------------------------------
Finished Renaming Generated Instances : Time (s): cpu = 00:00:12 ; elapsed = 00:00:17 . Memory (MB): peak = 3438.133 ; gain = 305.504 ; free physical = 13586 ; free virtual = 126989
---------------------------------------------------------------------------------
---------------------------------------------------------------------------------
Start Rebuilding User Hierarchy
---------------------------------------------------------------------------------
---------------------------------------------------------------------------------
Finished Rebuilding User Hierarchy : Time (s): cpu = 00:00:12 ; elapsed = 00:00:17 . Memory (MB): peak = 3438.133 ; gain = 305.504 ; free physical = 13586 ; free virtual = 126989
---------------------------------------------------------------------------------
---------------------------------------------------------------------------------
Start Renaming Generated Ports
---------------------------------------------------------------------------------
---------------------------------------------------------------------------------
Finished Renaming Generated Ports : Time (s): cpu = 00:00:12 ; elapsed = 00:00:17 . Memory (MB): peak = 3438.133 ; gain = 305.504 ; free physical = 13586 ; free virtual = 126989
---------------------------------------------------------------------------------
---------------------------------------------------------------------------------
Start Handling Custom Attributes
---------------------------------------------------------------------------------
---------------------------------------------------------------------------------
Finished Handling Custom Attributes : Time (s): cpu = 00:00:12 ; elapsed = 00:00:17 . Memory (MB): peak = 3438.133 ; gain = 305.504 ; free physical = 13586 ; free virtual = 126989
---------------------------------------------------------------------------------
---------------------------------------------------------------------------------
Start Renaming Generated Nets
---------------------------------------------------------------------------------
---------------------------------------------------------------------------------
Finished Renaming Generated Nets : Time (s): cpu = 00:00:12 ; elapsed = 00:00:17 . Memory (MB): peak = 3438.133 ; gain = 305.504 ; free physical = 13586 ; free virtual = 126989
---------------------------------------------------------------------------------
---------------------------------------------------------------------------------
Start Writing Synthesis Report
---------------------------------------------------------------------------------

Report BlackBoxes: 
+-+--------------+----------+
| |BlackBox name |Instances |
+-+--------------+----------+
+-+--------------+----------+

Report Cell Usage: 
+------+-----+------+
|      |Cell |Count |
+------+-----+------+
|1     |BUFG |     1|
|2     |LUT1 |     1|
|3     |LUT2 |     2|
|4     |LUT3 |    62|
|5     |LUT5 |     1|
|6     |FDCE |    33|
|7     |FDPE |    31|
|8     |FDRE |     2|
|9     |IBUF |    68|
|10    |OBUF |    34|
+------+-----+------+

Report Instance Areas: 
+------+---------+-------+------+
|      |Instance |Module |Cells |
+------+---------+-------+------+
|1     |top      |       |   235|
+------+---------+-------+------+
---------------------------------------------------------------------------------
Finished Writing Synthesis Report : Time (s): cpu = 00:00:12 ; elapsed = 00:00:17 . Memory (MB): peak = 3438.133 ; gain = 305.504 ; free physical = 13586 ; free virtual = 126989
---------------------------------------------------------------------------------
Synthesis finished with 0 errors, 0 critical warnings and 1 warnings.
Synthesis Optimization Runtime : Time (s): cpu = 00:00:12 ; elapsed = 00:00:17 . Memory (MB): peak = 3438.133 ; gain = 305.504 ; free physical = 13587 ; free virtual = 126990
Synthesis Optimization Complete : Time (s): cpu = 00:00:12 ; elapsed = 00:00:17 . Memory (MB): peak = 3438.141 ; gain = 305.504 ; free physical = 13587 ; free virtual = 126989
INFO: [Project 1-571] Translating synthesized netlist
Netlist sorting complete. Time (s): cpu = 00:00:00 ; elapsed = 00:00:00.01 . Memory (MB): peak = 3450.039 ; gain = 0.000 ; free physical = 13680 ; free virtual = 127087
INFO: [Netlist 29-17] Analyzing 69 Unisim elements for replacement
INFO: [Netlist 29-28] Unisim Transformation completed in 0 CPU seconds
INFO: [Project 1-570] Preparing netlist for logic optimization
INFO: [Opt 31-138] Pushed 0 inverter(s) to 0 load pin(s).
Netlist sorting complete. Time (s): cpu = 00:00:00 ; elapsed = 00:00:00 . Memory (MB): peak = 3609.566 ; gain = 0.000 ; free physical = 13578 ; free virtual = 126985
INFO: [Project 1-111] Unisim Transformation Summary:
  A total of 69 instances were transformed.
  BUFG => BUFGCE: 1 instance 
  IBUF => IBUF (IBUFCTRL, INBUF): 68 instances

Synth Design complete, checksum: baeb8fb3
INFO: [Common 17-83] Releasing license: Synthesis
18 Infos, 1 Warnings, 0 Critical Warnings and 0 Errors encountered.
synth_design completed successfully
synth_design: Time (s): cpu = 00:00:19 ; elapsed = 00:00:50 . Memory (MB): peak = 3609.566 ; gain = 507.145 ; free physical = 13726 ; free virtual = 127133
INFO: [Common 17-1381] The checkpoint '/ihp/departments/D-SYA/work/miglioranza/Scrambler_32bits/Scrambler_32bits.runs/synth_1/Scrambler_32bits.dcp' has been generated.
INFO: [runtcl-4] Executing : report_utilization -file Scrambler_32bits_utilization_synth.rpt -pb Scrambler_32bits_utilization_synth.pb
INFO: [Common 17-206] Exiting Vivado at Mon Oct 13 11:53:30 2025...
