CxlResult:/home/miglioranza/Scrambler_32bits/Scrambler_32bits.cache/compile_simlib/xcelium/v_gamma_v7_0_15/.cxl.vhdl.v_gamma_v7_0_15.v_gamma_v7_0_15.lin64.rpt =
	ExecutionPlatform = lin64 ,
	SourceLibrary = v_gamma_v7_0_15 ,
	SourcePath = /ihpusr/xilinx/vivado20191/Vivado/2019.1/data ,
	Simulator = xcelium ,
	SimulatorVersion = 22.03-s002 ,
	CompiledLibrary = v_gamma_v7_0_15 ,
	CompiledPath = /home/miglioranza/Scrambler_32bits/Scrambler_32bits.cache/compile_simlib/xcelium/v_gamma_v7_0_15 ,
	Timestamp = Mon Jul 29 15:17:54 2024 ,
	Time = 1722259073 ,
	Language = vhdl ,
	XilinxVersion = 2019.1 ,
	LogFile = /home/miglioranza/Scrambler_32bits/Scrambler_32bits.cache/compile_simlib/xcelium/v_gamma_v7_0_15/.cxl.vhdl.v_gamma_v7_0_15.v_gamma_v7_0_15.lin64.log ,
	NumOfErrors = 1 ,
	NumOfWarnings = 0 ,
	Error = /ihp/ihpusr/cadence/xcelium/22.03/tools.lnx86/inca/bin/xmvhdl -MESSAGES -NOLOG -CDSLIB cds.lib -HDLVAR hdl.var -64bit -V93 -work v_gamma_v7_0_15 -f /home/miglioranza/Scrambler_32bits/Scrambler_32bits.cache/compile_simlib/xcelium/v_gamma_v7_0_15/.cxl.vhdl.v_gamma_v7_0_15.v_gamma_v7_0_15.lin64.cmf ,
