CxlResult:/home/miglioranza/Scrambler_32bits/Scrambler_32bits.cache/compile_simlib/xcelium/unisim/.cxl.vhdl.unisim.unisim.lin64.rpt =
	ExecutionPlatform = lin64 ,
	SourceLibrary = unisim ,
	SourcePath = /ihpusr/xilinx/vivado20191/Vivado/2019.1/data/vhdl/src/unisims ,
	Simulator = xcelium ,
	SimulatorVersion = 22.03-s002 ,
	CompiledLibrary = unisim ,
	CompiledPath = /home/miglioranza/Scrambler_32bits/Scrambler_32bits.cache/compile_simlib/xcelium/unisim ,
	Timestamp = Mon Jul 29 15:17:54 2024 ,
	Time = 1722259073 ,
	Language = vhdl ,
	XilinxVersion = 2019.1 ,
	LogFile = /home/miglioranza/Scrambler_32bits/Scrambler_32bits.cache/compile_simlib/xcelium/unisim/.cxl.vhdl.unisim.unisim.lin64.log ,
	NumOfErrors = 3 ,
	NumOfWarnings = 0 ,
	Error = /ihp/ihpusr/cadence/xcelium/22.03/tools.lnx86/inca/bin/xmvhdl -MESSAGES -v93 -RELAX -NOLOG -CDSLIB cds.lib -HDLVAR hdl.var -64bit -work unisim -f /home/miglioranza/Scrambler_32bits/Scrambler_32bits.cache/compile_simlib/xcelium/unisim/.cxl.vhdl.unisim.unisim.lin64.cmf -f /home/miglioranza/Scrambler_32bits/Scrambler_32bits.cache/compile_simlib/xcelium/unisim/.cxl.vhdl.secureip_vhdl_unisim.unisim.lin64.cmf ,
