
*** Running vivado
    with args -log CU_top.vds -m64 -product Vivado -mode batch -messageDb vivado.pb -notrace -source CU_top.tcl


****** Vivado v2021.2 (64-bit)
  **** SW Build 3367213 on Tue Oct 19 02:47:39 MDT 2021
  **** IP Build 3369179 on Thu Oct 21 08:25:16 MDT 2021
    ** Copyright 1986-2021 Xilinx, Inc. All Rights Reserved.

source CU_top.tcl -notrace
create_project: Time (s): cpu = 00:00:07 ; elapsed = 00:00:08 . Memory (MB): peak = 3060.797 ; gain = 2.016 ; free physical = 39618 ; free virtual = 100813
INFO: [IP_Flow 19-234] Refreshing IP repositories
INFO: [IP_Flow 19-1700] Loaded user IP repository '/home/miglioranza/Control_unit_transmitter/Control_unit_transmitter.srcs'.
INFO: [IP_Flow 19-2313] Loaded Vivado IP repository '/ihpusr/xilinx/vivado2021.2/Vivado/2021.2/data/ip'.
Command: read_checkpoint -auto_incremental -incremental /home/miglioranza/Control_unit_transmitter/Control_unit_transmitter.srcs/utils_1/imports/synth_1/Control_unit_top.dcp
INFO: [Vivado 12-5825] Read reference checkpoint from /home/miglioranza/Control_unit_transmitter/Control_unit_transmitter.srcs/utils_1/imports/synth_1/Control_unit_top.dcp for incremental synthesis
INFO: [Vivado 12-7989] Please ensure there are no constraint changes
Command: synth_design -top CU_top -part xczu28dr-ffvg1517-2-e
Starting synth_design
Attempting to get a license for feature 'Synthesis' and/or device 'xczu28dr'
INFO: [Common 17-349] Got license for feature 'Synthesis' and/or device 'xczu28dr'
INFO: [Device 21-403] Loading part xczu28dr-ffvg1517-2-e
WARNING: [Designutils 20-4072] Reference run did not run incremental synthesis because the design is too small; reverting to default synthesis
INFO: [Designutils 20-4379] Flow is switching to default flow due to incremental criteria not met. If you would like to alter this behaviour and have the flow terminate instead, please set the following parameter config_implementation {autoIncr.Synth.RejectBehavior Terminate}
INFO: [Synth 8-7079] Multithreading enabled for synth_design using a maximum of 4 processes.
INFO: [Synth 8-7078] Launching helper process for spawning children vivado processes
INFO: [Synth 8-7075] Helper process launched with PID 1608112
---------------------------------------------------------------------------------
Starting RTL Elaboration : Time (s): cpu = 00:00:05 ; elapsed = 00:00:05 . Memory (MB): peak = 3465.285 ; gain = 229.688 ; free physical = 38903 ; free virtual = 100145
---------------------------------------------------------------------------------
INFO: [Synth 8-638] synthesizing module 'CU_top' [/home/miglioranza/Control_unit_transmitter/Control_unit_transmitter.srcs/sources_1/new/CU_top.vhd:95]
INFO: [Synth 8-226] default block is never used [/home/miglioranza/Control_unit_transmitter/Control_unit_transmitter.srcs/sources_1/new/CU_top.vhd:520]
INFO: [Synth 8-226] default block is never used [/home/miglioranza/Control_unit_transmitter/Control_unit_transmitter.srcs/sources_1/new/CU_top.vhd:683]
INFO: [Synth 8-256] done synthesizing module 'CU_top' (1#1) [/home/miglioranza/Control_unit_transmitter/Control_unit_transmitter.srcs/sources_1/new/CU_top.vhd:95]
WARNING: [Synth 8-7129] Port tx_data[31] in module CU_top is either unconnected or has no load
WARNING: [Synth 8-7129] Port tx_data[30] in module CU_top is either unconnected or has no load
WARNING: [Synth 8-7129] Port tx_data[29] in module CU_top is either unconnected or has no load
WARNING: [Synth 8-7129] Port tx_data[28] in module CU_top is either unconnected or has no load
WARNING: [Synth 8-7129] Port tx_data[27] in module CU_top is either unconnected or has no load
WARNING: [Synth 8-7129] Port tx_data[26] in module CU_top is either unconnected or has no load
WARNING: [Synth 8-7129] Port tx_data[25] in module CU_top is either unconnected or has no load
WARNING: [Synth 8-7129] Port tx_data[24] in module CU_top is either unconnected or has no load
WARNING: [Synth 8-7129] Port tx_data[23] in module CU_top is either unconnected or has no load
WARNING: [Synth 8-7129] Port tx_data[22] in module CU_top is either unconnected or has no load
WARNING: [Synth 8-7129] Port tx_data[21] in module CU_top is either unconnected or has no load
WARNING: [Synth 8-7129] Port tx_data[20] in module CU_top is either unconnected or has no load
WARNING: [Synth 8-7129] Port tx_data[19] in module CU_top is either unconnected or has no load
WARNING: [Synth 8-7129] Port tx_data[18] in module CU_top is either unconnected or has no load
WARNING: [Synth 8-7129] Port tx_data[17] in module CU_top is either unconnected or has no load
WARNING: [Synth 8-7129] Port tx_data[16] in module CU_top is either unconnected or has no load
WARNING: [Synth 8-7129] Port tx_data[15] in module CU_top is either unconnected or has no load
WARNING: [Synth 8-7129] Port tx_data[14] in module CU_top is either unconnected or has no load
WARNING: [Synth 8-7129] Port tx_data[13] in module CU_top is either unconnected or has no load
WARNING: [Synth 8-7129] Port tx_data[12] in module CU_top is either unconnected or has no load
WARNING: [Synth 8-7129] Port tx_data[11] in module CU_top is either unconnected or has no load
WARNING: [Synth 8-7129] Port tx_data[10] in module CU_top is either unconnected or has no load
WARNING: [Synth 8-7129] Port tx_data[9] in module CU_top is either unconnected or has no load
WARNING: [Synth 8-7129] Port tx_data[8] in module CU_top is either unconnected or has no load
WARNING: [Synth 8-7129] Port tx_data[7] in module CU_top is either unconnected or has no load
WARNING: [Synth 8-7129] Port tx_data[6] in module CU_top is either unconnected or has no load
WARNING: [Synth 8-7129] Port tx_data[5] in module CU_top is either unconnected or has no load
WARNING: [Synth 8-7129] Port tx_data[4] in module CU_top is either unconnected or has no load
WARNING: [Synth 8-7129] Port tx_data[3] in module CU_top is either unconnected or has no load
WARNING: [Synth 8-7129] Port tx_data[2] in module CU_top is either unconnected or has no load
WARNING: [Synth 8-7129] Port tx_data[1] in module CU_top is either unconnected or has no load
WARNING: [Synth 8-7129] Port tx_data[0] in module CU_top is either unconnected or has no load
WARNING: [Synth 8-7129] Port tx_init in module CU_top is either unconnected or has no load
WARNING: [Synth 8-7129] Port tx_dst_addr[5] in module CU_top is either unconnected or has no load
WARNING: [Synth 8-7129] Port tx_dst_addr[4] in module CU_top is either unconnected or has no load
WARNING: [Synth 8-7129] Port tx_dst_addr[3] in module CU_top is either unconnected or has no load
WARNING: [Synth 8-7129] Port tx_dst_addr[2] in module CU_top is either unconnected or has no load
WARNING: [Synth 8-7129] Port tx_dst_addr[1] in module CU_top is either unconnected or has no load
WARNING: [Synth 8-7129] Port tx_dst_addr[0] in module CU_top is either unconnected or has no load
WARNING: [Synth 8-7129] Port tx_length[17] in module CU_top is either unconnected or has no load
WARNING: [Synth 8-7129] Port tx_length[16] in module CU_top is either unconnected or has no load
WARNING: [Synth 8-7129] Port tx_length[15] in module CU_top is either unconnected or has no load
WARNING: [Synth 8-7129] Port tx_length[14] in module CU_top is either unconnected or has no load
WARNING: [Synth 8-7129] Port tx_length[13] in module CU_top is either unconnected or has no load
WARNING: [Synth 8-7129] Port tx_length[12] in module CU_top is either unconnected or has no load
WARNING: [Synth 8-7129] Port tx_length[11] in module CU_top is either unconnected or has no load
WARNING: [Synth 8-7129] Port tx_length[10] in module CU_top is either unconnected or has no load
WARNING: [Synth 8-7129] Port tx_length[9] in module CU_top is either unconnected or has no load
WARNING: [Synth 8-7129] Port tx_length[8] in module CU_top is either unconnected or has no load
WARNING: [Synth 8-7129] Port tx_length[7] in module CU_top is either unconnected or has no load
WARNING: [Synth 8-7129] Port tx_length[6] in module CU_top is either unconnected or has no load
WARNING: [Synth 8-7129] Port tx_length[5] in module CU_top is either unconnected or has no load
WARNING: [Synth 8-7129] Port tx_length[4] in module CU_top is either unconnected or has no load
WARNING: [Synth 8-7129] Port tx_length[3] in module CU_top is either unconnected or has no load
WARNING: [Synth 8-7129] Port tx_length[2] in module CU_top is either unconnected or has no load
WARNING: [Synth 8-7129] Port tx_modulation[3] in module CU_top is either unconnected or has no load
WARNING: [Synth 8-7129] Port tx_fec[7] in module CU_top is either unconnected or has no load
WARNING: [Synth 8-7129] Port tx_fec[6] in module CU_top is either unconnected or has no load
WARNING: [Synth 8-7129] Port tx_fec[5] in module CU_top is either unconnected or has no load
WARNING: [Synth 8-7129] Port tx_fec[4] in module CU_top is either unconnected or has no load
WARNING: [Synth 8-7129] Port tx_fec[3] in module CU_top is either unconnected or has no load
WARNING: [Synth 8-7129] Port tx_fec[2] in module CU_top is either unconnected or has no load
WARNING: [Synth 8-7129] Port encoder_almost_full in module CU_top is either unconnected or has no load
WARNING: [Synth 8-7129] Port mapper_dout_last in module CU_top is either unconnected or has no load
---------------------------------------------------------------------------------
Finished RTL Elaboration : Time (s): cpu = 00:00:07 ; elapsed = 00:00:08 . Memory (MB): peak = 3506.254 ; gain = 270.656 ; free physical = 37956 ; free virtual = 99215
---------------------------------------------------------------------------------
CRITICAL WARNING: [Synth 8-6859] multi-driven net on pin tx_dst_addr[7] with 1st driver pin 'tx_dst_addr[7]' [/home/miglioranza/Control_unit_transmitter/Control_unit_transmitter.srcs/sources_1/new/CU_top.vhd:34]
CRITICAL WARNING: [Synth 8-6859] multi-driven net on pin tx_dst_addr[7] with 2nd driver pin 'tx_length[1]' [/home/miglioranza/Control_unit_transmitter/Control_unit_transmitter.srcs/sources_1/new/CU_top.vhd:34]
CRITICAL WARNING: [Synth 8-6859] multi-driven net on pin tx_dst_addr[6] with 1st driver pin 'tx_dst_addr[6]' [/home/miglioranza/Control_unit_transmitter/Control_unit_transmitter.srcs/sources_1/new/CU_top.vhd:34]
CRITICAL WARNING: [Synth 8-6859] multi-driven net on pin tx_dst_addr[6] with 2nd driver pin 'tx_length[0]' [/home/miglioranza/Control_unit_transmitter/Control_unit_transmitter.srcs/sources_1/new/CU_top.vhd:34]

Report Check Netlist: 
+------+------------------+-------+---------+-------+------------------+
|      |Item              |Errors |Warnings |Status |Description       |
+------+------------------+-------+---------+-------+------------------+
|1     |multi_driven_nets |      0|        2|Failed |Multi driven nets |
+------+------------------+-------+---------+-------+------------------+
---------------------------------------------------------------------------------
Start Handling Custom Attributes
---------------------------------------------------------------------------------
---------------------------------------------------------------------------------
Finished Handling Custom Attributes : Time (s): cpu = 00:00:08 ; elapsed = 00:00:09 . Memory (MB): peak = 3524.066 ; gain = 288.469 ; free physical = 39021 ; free virtual = 100254
---------------------------------------------------------------------------------
---------------------------------------------------------------------------------
Finished RTL Optimization Phase 1 : Time (s): cpu = 00:00:08 ; elapsed = 00:00:09 . Memory (MB): peak = 3524.066 ; gain = 288.469 ; free physical = 39021 ; free virtual = 100254
---------------------------------------------------------------------------------
Netlist sorting complete. Time (s): cpu = 00:00:00.01 ; elapsed = 00:00:00.01 . Memory (MB): peak = 3524.066 ; gain = 0.000 ; free physical = 39010 ; free virtual = 100243
INFO: [Project 1-570] Preparing netlist for logic optimization

Processing XDC Constraints
Initializing timing engine
Parsing XDC File [/home/miglioranza/Control_unit_transmitter/Control_unit_transmitter.srcs/constrs_1/new/CU_constraint.xdc]
create_clock: Time (s): cpu = 00:00:10 ; elapsed = 00:00:11 . Memory (MB): peak = 3724.691 ; gain = 23.812 ; free physical = 37666 ; free virtual = 98901
Finished Parsing XDC File [/home/miglioranza/Control_unit_transmitter/Control_unit_transmitter.srcs/constrs_1/new/CU_constraint.xdc]
Completed Processing XDC Constraints

Netlist sorting complete. Time (s): cpu = 00:00:00 ; elapsed = 00:00:00 . Memory (MB): peak = 3724.691 ; gain = 0.000 ; free physical = 37665 ; free virtual = 98900
INFO: [Project 1-111] Unisim Transformation Summary:
No Unisim elements were transformed.

Constraint Validation Runtime : Time (s): cpu = 00:00:00.01 ; elapsed = 00:00:00.03 . Memory (MB): peak = 3724.691 ; gain = 0.000 ; free physical = 37665 ; free virtual = 98900
WARNING: [Designutils 20-4072] Reference run did not run incremental synthesis because the design is too small; reverting to default synthesis
INFO: [Designutils 20-4379] Flow is switching to default flow due to incremental criteria not met. If you would like to alter this behaviour and have the flow terminate instead, please set the following parameter config_implementation {autoIncr.Synth.RejectBehavior Terminate}
---------------------------------------------------------------------------------
Finished Constraint Validation : Time (s): cpu = 00:00:26 ; elapsed = 00:00:29 . Memory (MB): peak = 3724.691 ; gain = 489.094 ; free physical = 37608 ; free virtual = 98842
---------------------------------------------------------------------------------
---------------------------------------------------------------------------------
Start Loading Part and Timing Information
---------------------------------------------------------------------------------
Loading part: xczu28dr-ffvg1517-2-e
INFO: [Synth 8-6742] Reading net delay rules and data
---------------------------------------------------------------------------------
Finished Loading Part and Timing Information : Time (s): cpu = 00:00:26 ; elapsed = 00:00:29 . Memory (MB): peak = 3724.691 ; gain = 489.094 ; free physical = 37609 ; free virtual = 98844
---------------------------------------------------------------------------------
---------------------------------------------------------------------------------
Start Applying 'set_property' XDC Constraints
---------------------------------------------------------------------------------
---------------------------------------------------------------------------------
Finished applying 'set_property' XDC Constraints : Time (s): cpu = 00:00:26 ; elapsed = 00:00:29 . Memory (MB): peak = 3724.691 ; gain = 489.094 ; free physical = 37609 ; free virtual = 98843
---------------------------------------------------------------------------------
INFO: [Synth 8-802] inferred FSM for state register 'state_reg' in module 'CU_top'
ERROR: [Synth 8-327] inferring latch for variable 'scrambler_din_data_reg' [/home/miglioranza/Control_unit_transmitter/Control_unit_transmitter.srcs/sources_1/new/CU_top.vhd:479]
---------------------------------------------------------------------------------
Finished RTL Optimization Phase 2 : Time (s): cpu = 00:00:27 ; elapsed = 00:00:31 . Memory (MB): peak = 3724.691 ; gain = 489.094 ; free physical = 37488 ; free virtual = 98723
---------------------------------------------------------------------------------
---------------------------------------------------------------------------------
Start RTL Component Statistics 
---------------------------------------------------------------------------------
Detailed RTL Component Info : 
+---Adders : 
	   2 Input   32 Bit       Adders := 1     
	   2 Input   10 Bit       Adders := 1     
	   2 Input    7 Bit       Adders := 1     
	   2 Input    6 Bit       Adders := 2     
	   2 Input    4 Bit       Adders := 1     
+---Registers : 
	               32 Bit    Registers := 2     
	               31 Bit    Registers := 1     
	               12 Bit    Registers := 2     
	               10 Bit    Registers := 1     
	                7 Bit    Registers := 1     
	                6 Bit    Registers := 6     
	                4 Bit    Registers := 1     
	                3 Bit    Registers := 2     
	                2 Bit    Registers := 1     
	                1 Bit    Registers := 13    
+---Muxes : 
	   5 Input   32 Bit        Muxes := 1     
	   2 Input   32 Bit        Muxes := 4     
	   4 Input   12 Bit        Muxes := 1     
	   2 Input   10 Bit        Muxes := 1     
	   2 Input    7 Bit        Muxes := 2     
	   4 Input    7 Bit        Muxes := 1     
	   2 Input    6 Bit        Muxes := 4     
	   5 Input    6 Bit        Muxes := 1     
	   2 Input    5 Bit        Muxes := 1     
	   2 Input    4 Bit        Muxes := 2     
	   4 Input    4 Bit        Muxes := 1     
	   2 Input    3 Bit        Muxes := 3     
	   2 Input    2 Bit        Muxes := 6     
	   3 Input    2 Bit        Muxes := 1     
	   4 Input    2 Bit        Muxes := 1     
	   5 Input    1 Bit        Muxes := 10    
	   2 Input    1 Bit        Muxes := 19    
	   4 Input    1 Bit        Muxes := 11    
---------------------------------------------------------------------------------
Finished RTL Component Statistics 
---------------------------------------------------------------------------------
---------------------------------------------------------------------------------
Start Part Resource Summary
---------------------------------------------------------------------------------
Part Resources:
DSPs: 4272 (col length:192)
BRAMs: 2160 (col length: RAMB18 192 RAMB36 96)
---------------------------------------------------------------------------------
Finished Part Resource Summary
---------------------------------------------------------------------------------
---------------------------------------------------------------------------------
Start Cross Boundary and Area Optimization
---------------------------------------------------------------------------------
WARNING: [Synth 8-7080] Parallel synthesis criteria is not met
WARNING: [Synth 8-7129] Port tx_data[31] in module CU_top is either unconnected or has no load
WARNING: [Synth 8-7129] Port tx_data[30] in module CU_top is either unconnected or has no load
WARNING: [Synth 8-7129] Port tx_data[29] in module CU_top is either unconnected or has no load
WARNING: [Synth 8-7129] Port tx_data[28] in module CU_top is either unconnected or has no load
WARNING: [Synth 8-7129] Port tx_data[27] in module CU_top is either unconnected or has no load
WARNING: [Synth 8-7129] Port tx_data[26] in module CU_top is either unconnected or has no load
WARNING: [Synth 8-7129] Port tx_data[25] in module CU_top is either unconnected or has no load
WARNING: [Synth 8-7129] Port tx_data[24] in module CU_top is either unconnected or has no load
WARNING: [Synth 8-7129] Port tx_data[23] in module CU_top is either unconnected or has no load
WARNING: [Synth 8-7129] Port tx_data[22] in module CU_top is either unconnected or has no load
WARNING: [Synth 8-7129] Port tx_data[21] in module CU_top is either unconnected or has no load
WARNING: [Synth 8-7129] Port tx_data[20] in module CU_top is either unconnected or has no load
WARNING: [Synth 8-7129] Port tx_data[19] in module CU_top is either unconnected or has no load
WARNING: [Synth 8-7129] Port tx_data[18] in module CU_top is either unconnected or has no load
WARNING: [Synth 8-7129] Port tx_data[17] in module CU_top is either unconnected or has no load
WARNING: [Synth 8-7129] Port tx_data[16] in module CU_top is either unconnected or has no load
WARNING: [Synth 8-7129] Port tx_data[15] in module CU_top is either unconnected or has no load
WARNING: [Synth 8-7129] Port tx_data[14] in module CU_top is either unconnected or has no load
WARNING: [Synth 8-7129] Port tx_data[13] in module CU_top is either unconnected or has no load
WARNING: [Synth 8-7129] Port tx_data[12] in module CU_top is either unconnected or has no load
WARNING: [Synth 8-7129] Port tx_data[11] in module CU_top is either unconnected or has no load
WARNING: [Synth 8-7129] Port tx_data[10] in module CU_top is either unconnected or has no load
WARNING: [Synth 8-7129] Port tx_data[9] in module CU_top is either unconnected or has no load
WARNING: [Synth 8-7129] Port tx_data[8] in module CU_top is either unconnected or has no load
WARNING: [Synth 8-7129] Port tx_data[7] in module CU_top is either unconnected or has no load
WARNING: [Synth 8-7129] Port tx_data[6] in module CU_top is either unconnected or has no load
WARNING: [Synth 8-7129] Port tx_data[5] in module CU_top is either unconnected or has no load
WARNING: [Synth 8-7129] Port tx_data[4] in module CU_top is either unconnected or has no load
WARNING: [Synth 8-7129] Port tx_data[3] in module CU_top is either unconnected or has no load
WARNING: [Synth 8-7129] Port tx_data[2] in module CU_top is either unconnected or has no load
WARNING: [Synth 8-7129] Port tx_data[1] in module CU_top is either unconnected or has no load
WARNING: [Synth 8-7129] Port tx_data[0] in module CU_top is either unconnected or has no load
WARNING: [Synth 8-7129] Port tx_init in module CU_top is either unconnected or has no load
WARNING: [Synth 8-7129] Port tx_dst_addr[5] in module CU_top is either unconnected or has no load
WARNING: [Synth 8-7129] Port tx_dst_addr[4] in module CU_top is either unconnected or has no load
WARNING: [Synth 8-7129] Port tx_dst_addr[3] in module CU_top is either unconnected or has no load
INFO: [Common 17-14] Message 'Synth 8-7129' appears 100 times and further instances of the messages will be disabled. Use the Tcl command set_msg_config to change the current settings.
WARNING: [Synth 8-3332] Sequential element (scrambler_din_data_reg[31]) is unused and will be removed from module CU_top.
---------------------------------------------------------------------------------
Finished Cross Boundary and Area Optimization : Time (s): cpu = 00:00:32 ; elapsed = 00:00:37 . Memory (MB): peak = 3724.691 ; gain = 489.094 ; free physical = 37380 ; free virtual = 98667
---------------------------------------------------------------------------------
---------------------------------------------------------------------------------
Start ROM, RAM, DSP, Shift Register and Retiming Reporting
---------------------------------------------------------------------------------

ROM: Preliminary Mapping Report
+------------+---------------------+---------------+----------------+
|Module Name | RTL Object          | Depth x Width | Implemented As | 
+------------+---------------------+---------------+----------------+
|CU_top      | preamble_sts_ROM[0] | 64x3          | LUT            | 
|CU_top      | preamble_lts_ROM[0] | 128x3         | LUT            | 
|CU_top      | pilot_I[0]          | 128x3         | LUT            | 
|CU_top      | pilot_I[0]          | 128x3         | LUT            | 
|CU_top      | preamble_lts_ROM[0] | 128x3         | LUT            | 
|CU_top      | preamble_sts_ROM[0] | 64x3          | LUT            | 
+------------+---------------------+---------------+----------------+

---------------------------------------------------------------------------------
Finished ROM, RAM, DSP, Shift Register and Retiming Reporting
---------------------------------------------------------------------------------
---------------------------------------------------------------------------------
Start Applying XDC Timing Constraints
---------------------------------------------------------------------------------
---------------------------------------------------------------------------------
Finished Applying XDC Timing Constraints : Time (s): cpu = 00:00:44 ; elapsed = 00:00:52 . Memory (MB): peak = 3956.695 ; gain = 721.098 ; free physical = 39667 ; free virtual = 100936
---------------------------------------------------------------------------------
---------------------------------------------------------------------------------
Start Timing Optimization
---------------------------------------------------------------------------------
---------------------------------------------------------------------------------
Finished Timing Optimization : Time (s): cpu = 00:00:45 ; elapsed = 00:00:53 . Memory (MB): peak = 3986.727 ; gain = 751.129 ; free physical = 39639 ; free virtual = 100908
---------------------------------------------------------------------------------
---------------------------------------------------------------------------------
Start Technology Mapping
---------------------------------------------------------------------------------
WARNING: [Synth 8-6779] Delay data for wire-load model not found, using default value
WARNING: [Synth 8-6779] Delay data for wire-load model not found, using default value
WARNING: [Synth 8-6779] Delay data for wire-load model not found, using default value
WARNING: [Synth 8-6779] Delay data for wire-load model not found, using default value
WARNING: [Synth 8-6779] Delay data for wire-load model not found, using default value
WARNING: [Synth 8-6779] Delay data for wire-load model not found, using default value
WARNING: [Synth 8-6779] Delay data for wire-load model not found, using default value
WARNING: [Synth 8-6779] Delay data for wire-load model not found, using default value
WARNING: [Synth 8-6779] Delay data for wire-load model not found, using default value
WARNING: [Synth 8-6779] Delay data for wire-load model not found, using default value
WARNING: [Synth 8-6779] Delay data for wire-load model not found, using default value
WARNING: [Synth 8-6779] Delay data for wire-load model not found, using default value
WARNING: [Synth 8-6779] Delay data for wire-load model not found, using default value
WARNING: [Synth 8-6779] Delay data for wire-load model not found, using default value
---------------------------------------------------------------------------------
Finished Technology Mapping : Time (s): cpu = 00:00:46 ; elapsed = 00:00:53 . Memory (MB): peak = 4002.742 ; gain = 767.145 ; free physical = 39635 ; free virtual = 100904
---------------------------------------------------------------------------------
---------------------------------------------------------------------------------
Start IO Insertion
---------------------------------------------------------------------------------
---------------------------------------------------------------------------------
Start Flattening Before IO Insertion
---------------------------------------------------------------------------------
---------------------------------------------------------------------------------
Finished Flattening Before IO Insertion
---------------------------------------------------------------------------------
---------------------------------------------------------------------------------
Start Final Netlist Cleanup
---------------------------------------------------------------------------------
---------------------------------------------------------------------------------
Finished Final Netlist Cleanup
---------------------------------------------------------------------------------
WARNING: [Synth 8-5753] loadless multi-driven net tx_length[1] with 1st driver pin 'tx_length[1]' [/home/miglioranza/Control_unit_transmitter/Control_unit_transmitter.srcs/sources_1/new/CU_top.vhd:34]
WARNING: [Synth 8-5753] loadless multi-driven net tx_dst_addr[7] with 2nd driver pin 'tx_dst_addr[7]' [/home/miglioranza/Control_unit_transmitter/Control_unit_transmitter.srcs/sources_1/new/CU_top.vhd:34]
WARNING: [Synth 8-5753] loadless multi-driven net tx_length[0] with 1st driver pin 'tx_length[0]' [/home/miglioranza/Control_unit_transmitter/Control_unit_transmitter.srcs/sources_1/new/CU_top.vhd:34]
WARNING: [Synth 8-5753] loadless multi-driven net tx_dst_addr[6] with 2nd driver pin 'tx_dst_addr[6]' [/home/miglioranza/Control_unit_transmitter/Control_unit_transmitter.srcs/sources_1/new/CU_top.vhd:34]
---------------------------------------------------------------------------------
Finished IO Insertion : Time (s): cpu = 00:00:49 ; elapsed = 00:00:57 . Memory (MB): peak = 4002.742 ; gain = 767.145 ; free physical = 39390 ; free virtual = 100659
---------------------------------------------------------------------------------
---------------------------------------------------------------------------------
Start Renaming Generated Instances
---------------------------------------------------------------------------------
---------------------------------------------------------------------------------
Finished Renaming Generated Instances : Time (s): cpu = 00:00:49 ; elapsed = 00:00:57 . Memory (MB): peak = 4002.742 ; gain = 767.145 ; free physical = 39390 ; free virtual = 100659
---------------------------------------------------------------------------------
---------------------------------------------------------------------------------
Start Rebuilding User Hierarchy
---------------------------------------------------------------------------------
---------------------------------------------------------------------------------
Finished Rebuilding User Hierarchy : Time (s): cpu = 00:00:49 ; elapsed = 00:00:58 . Memory (MB): peak = 4002.742 ; gain = 767.145 ; free physical = 39388 ; free virtual = 100657
---------------------------------------------------------------------------------
---------------------------------------------------------------------------------
Start Renaming Generated Ports
---------------------------------------------------------------------------------
---------------------------------------------------------------------------------
Finished Renaming Generated Ports : Time (s): cpu = 00:00:49 ; elapsed = 00:00:58 . Memory (MB): peak = 4002.742 ; gain = 767.145 ; free physical = 39388 ; free virtual = 100657
---------------------------------------------------------------------------------
---------------------------------------------------------------------------------
Start Handling Custom Attributes
---------------------------------------------------------------------------------
---------------------------------------------------------------------------------
Finished Handling Custom Attributes : Time (s): cpu = 00:00:49 ; elapsed = 00:00:58 . Memory (MB): peak = 4002.742 ; gain = 767.145 ; free physical = 39388 ; free virtual = 100657
---------------------------------------------------------------------------------
---------------------------------------------------------------------------------
Start Renaming Generated Nets
---------------------------------------------------------------------------------
---------------------------------------------------------------------------------
Finished Renaming Generated Nets : Time (s): cpu = 00:00:49 ; elapsed = 00:00:58 . Memory (MB): peak = 4002.742 ; gain = 767.145 ; free physical = 39388 ; free virtual = 100656
---------------------------------------------------------------------------------
---------------------------------------------------------------------------------
Start Writing Synthesis Report
---------------------------------------------------------------------------------

Report BlackBoxes: 
+-+--------------+----------+
| |BlackBox name |Instances |
+-+--------------+----------+
+-+--------------+----------+

Report Cell Usage: 
+------+-------+------+
|      |Cell   |Count |
+------+-------+------+
|1     |BUFG   |     1|
|2     |CARRY8 |     6|
|3     |LUT1   |     4|
|4     |LUT2   |    26|
|5     |LUT3   |    10|
|6     |LUT4   |    43|
|7     |LUT5   |    47|
|8     |LUT6   |    90|
|9     |MUXF7  |    17|
|10    |MUXF8  |     3|
|11    |FDCE   |    78|
|12    |FDPE   |     1|
|13    |FDRE   |    73|
|14    |IBUF   |    75|
|15    |OBUF   |   108|
+------+-------+------+
---------------------------------------------------------------------------------
Finished Writing Synthesis Report : Time (s): cpu = 00:00:49 ; elapsed = 00:00:58 . Memory (MB): peak = 4002.742 ; gain = 767.145 ; free physical = 39388 ; free virtual = 100656
---------------------------------------------------------------------------------
Synthesis finished with 1 errors, 0 critical warnings and 84 warnings.
Synthesis Optimization Runtime : Time (s): cpu = 00:00:37 ; elapsed = 00:00:44 . Memory (MB): peak = 4002.742 ; gain = 566.520 ; free physical = 39419 ; free virtual = 100688
Synthesis Optimization Complete : Time (s): cpu = 00:00:50 ; elapsed = 00:00:58 . Memory (MB): peak = 4002.750 ; gain = 767.145 ; free physical = 39418 ; free virtual = 100686
INFO: [Project 1-571] Translating synthesized netlist
Netlist sorting complete. Time (s): cpu = 00:00:00 ; elapsed = 00:00:00.04 . Memory (MB): peak = 4010.742 ; gain = 0.000 ; free physical = 39465 ; free virtual = 100733
INFO: [Netlist 29-17] Analyzing 102 Unisim elements for replacement
INFO: [Netlist 29-28] Unisim Transformation completed in 0 CPU seconds
INFO: [Project 1-570] Preparing netlist for logic optimization
INFO: [Opt 31-138] Pushed 0 inverter(s) to 0 load pin(s).
Netlist sorting complete. Time (s): cpu = 00:00:00 ; elapsed = 00:00:00 . Memory (MB): peak = 4085.543 ; gain = 0.000 ; free physical = 39147 ; free virtual = 100416
INFO: [Project 1-111] Unisim Transformation Summary:
  A total of 76 instances were transformed.
  BUFG => BUFGCE: 1 instance 
  IBUF => IBUF (IBUFCTRL, INBUF): 75 instances

Synth Design complete, checksum: 8ca4fb28
INFO: [Common 17-83] Releasing license: Synthesis
28 Infos, 122 Warnings, 4 Critical Warnings and 1 Errors encountered.
synth_design completed successfully
synth_design: Time (s): cpu = 00:01:09 ; elapsed = 00:01:44 . Memory (MB): peak = 4085.543 ; gain = 1024.746 ; free physical = 39290 ; free virtual = 100558
ERROR: [Common 17-39] 'synth_design' failed due to earlier errors.

    while executing
"synth_design -top CU_top -part xczu28dr-ffvg1517-2-e"
    (file "CU_top.tcl" line 326)
INFO: [Common 17-206] Exiting Vivado at Wed Oct  8 15:40:25 2025...
