Copyright 1986-2021 Xilinx, Inc. All Rights Reserved.
---------------------------------------------------------------------------------------------------------------------------
| Tool Version : Vivado v.2021.2 (lin64) Build 3367213 Tue Oct 19 02:47:39 MDT 2021
| Date         : Tue Aug 26 17:38:28 2025
| Host         : uxsrv005 running 64-bit Red Hat Enterprise Linux release 8.10 (Ootpa)
| Command      : report_drc -file LDPC_encoder_drc_opted.rpt -pb LDPC_encoder_drc_opted.pb -rpx LDPC_encoder_drc_opted.rpx
| Design       : LDPC_encoder
| Device       : xczu28dr-ffvg1517-2-e
| Speed File   : -2
| Design State : Synthesized
---------------------------------------------------------------------------------------------------------------------------

Report DRC

Table of Contents
-----------------
1. REPORT SUMMARY
2. REPORT DETAILS

1. REPORT SUMMARY
-----------------
            Netlist: netlist
          Floorplan: design_1
      Design limits: <entire design considered>
           Ruledeck: default
             Max violations: <unlimited>
             Violations found: 18
+---------+------------------+----------------------------+------------+
| Rule    | Severity         | Description                | Violations |
+---------+------------------+----------------------------+------------+
| LUTLP-1 | Critical Warning | Combinatorial Loop Alert   | 16         |
| NSTD-1  | Critical Warning | Unspecified I/O Standard   | 1          |
| UCIO-1  | Critical Warning | Unconstrained Logical Port | 1          |
+---------+------------------+----------------------------+------------+

2. REPORT DETAILS
-----------------
LUTLP-1#1 Critical Warning
Combinatorial Loop Alert  
1 LUT cells form a combinatorial loop. This can create a race condition. Timing analysis may not be accurate. The preferred resolution is to modify the design to remove combinatorial logic loops. If the loop is known and understood, this DRC can be bypassed by acknowledging the condition and setting the following XDC constraint on any one of the nets in the loop: 'set_property ALLOW_COMBINATORIAL_LOOPS TRUE [get_nets <myHier/myNet>]'. One net in the loop is Data_controller_inst/counter[1]. Please evaluate your design. The cells in the loop are: Data_controller_inst/dout_data0[31]_INST_0_i_5.
Related violations: <none>

LUTLP-1#2 Critical Warning
Combinatorial Loop Alert  
1 LUT cells form a combinatorial loop. This can create a race condition. Timing analysis may not be accurate. The preferred resolution is to modify the design to remove combinatorial logic loops. If the loop is known and understood, this DRC can be bypassed by acknowledging the condition and setting the following XDC constraint on any one of the nets in the loop: 'set_property ALLOW_COMBINATORIAL_LOOPS TRUE [get_nets <myHier/myNet>]'. One net in the loop is Data_controller_inst/dout_data2[31]_INST_0_i_3_n_0. Please evaluate your design. The cells in the loop are: Data_controller_inst/dout_data2[31]_INST_0_i_3.
Related violations: <none>

LUTLP-1#3 Critical Warning
Combinatorial Loop Alert  
1 LUT cells form a combinatorial loop. This can create a race condition. Timing analysis may not be accurate. The preferred resolution is to modify the design to remove combinatorial logic loops. If the loop is known and understood, this DRC can be bypassed by acknowledging the condition and setting the following XDC constraint on any one of the nets in the loop: 'set_property ALLOW_COMBINATORIAL_LOOPS TRUE [get_nets <myHier/myNet>]'. One net in the loop is Data_controller_inst/dout_data2[31]_INST_0_i_4_n_0. Please evaluate your design. The cells in the loop are: Data_controller_inst/dout_data2[31]_INST_0_i_4.
Related violations: <none>

LUTLP-1#4 Critical Warning
Combinatorial Loop Alert  
1 LUT cells form a combinatorial loop. This can create a race condition. Timing analysis may not be accurate. The preferred resolution is to modify the design to remove combinatorial logic loops. If the loop is known and understood, this DRC can be bypassed by acknowledging the condition and setting the following XDC constraint on any one of the nets in the loop: 'set_property ALLOW_COMBINATORIAL_LOOPS TRUE [get_nets <myHier/myNet>]'. One net in the loop is Data_controller_inst/dout_data3[31]_INST_0_i_10_n_0. Please evaluate your design. The cells in the loop are: Data_controller_inst/dout_data3[31]_INST_0_i_10.
Related violations: <none>

LUTLP-1#5 Critical Warning
Combinatorial Loop Alert  
1 LUT cells form a combinatorial loop. This can create a race condition. Timing analysis may not be accurate. The preferred resolution is to modify the design to remove combinatorial logic loops. If the loop is known and understood, this DRC can be bypassed by acknowledging the condition and setting the following XDC constraint on any one of the nets in the loop: 'set_property ALLOW_COMBINATORIAL_LOOPS TRUE [get_nets <myHier/myNet>]'. One net in the loop is Data_controller_inst/dout_data3[31]_INST_0_i_9_n_0. Please evaluate your design. The cells in the loop are: Data_controller_inst/dout_data3[31]_INST_0_i_9.
Related violations: <none>

LUTLP-1#6 Critical Warning
Combinatorial Loop Alert  
1 LUT cells form a combinatorial loop. This can create a race condition. Timing analysis may not be accurate. The preferred resolution is to modify the design to remove combinatorial logic loops. If the loop is known and understood, this DRC can be bypassed by acknowledging the condition and setting the following XDC constraint on any one of the nets in the loop: 'set_property ALLOW_COMBINATORIAL_LOOPS TRUE [get_nets <myHier/myNet>]'. One net in the loop is Data_controller_inst/dout_valid[0]_INST_0_i_2_n_0. Please evaluate your design. The cells in the loop are: Data_controller_inst/dout_valid[0]_INST_0_i_2.
Related violations: <none>

LUTLP-1#7 Critical Warning
Combinatorial Loop Alert  
1 LUT cells form a combinatorial loop. This can create a race condition. Timing analysis may not be accurate. The preferred resolution is to modify the design to remove combinatorial logic loops. If the loop is known and understood, this DRC can be bypassed by acknowledging the condition and setting the following XDC constraint on any one of the nets in the loop: 'set_property ALLOW_COMBINATORIAL_LOOPS TRUE [get_nets <myHier/myNet>]'. One net in the loop is Data_controller_inst/dout_valid[1]_INST_0_i_1_n_0. Please evaluate your design. The cells in the loop are: Data_controller_inst/dout_valid[1]_INST_0_i_1.
Related violations: <none>

LUTLP-1#8 Critical Warning
Combinatorial Loop Alert  
1 LUT cells form a combinatorial loop. This can create a race condition. Timing analysis may not be accurate. The preferred resolution is to modify the design to remove combinatorial logic loops. If the loop is known and understood, this DRC can be bypassed by acknowledging the condition and setting the following XDC constraint on any one of the nets in the loop: 'set_property ALLOW_COMBINATORIAL_LOOPS TRUE [get_nets <myHier/myNet>]'. One net in the loop is Data_controller_inst/dout_valid[1]_INST_0_i_3_n_0. Please evaluate your design. The cells in the loop are: Data_controller_inst/dout_valid[1]_INST_0_i_3.
Related violations: <none>

LUTLP-1#9 Critical Warning
Combinatorial Loop Alert  
1 LUT cells form a combinatorial loop. This can create a race condition. Timing analysis may not be accurate. The preferred resolution is to modify the design to remove combinatorial logic loops. If the loop is known and understood, this DRC can be bypassed by acknowledging the condition and setting the following XDC constraint on any one of the nets in the loop: 'set_property ALLOW_COMBINATORIAL_LOOPS TRUE [get_nets <myHier/myNet>]'. One net in the loop is Data_controller_inst/dout_valid[1]_INST_0_i_8_n_0. Please evaluate your design. The cells in the loop are: Data_controller_inst/dout_valid[1]_INST_0_i_8.
Related violations: <none>

LUTLP-1#10 Critical Warning
Combinatorial Loop Alert  
1 LUT cells form a combinatorial loop. This can create a race condition. Timing analysis may not be accurate. The preferred resolution is to modify the design to remove combinatorial logic loops. If the loop is known and understood, this DRC can be bypassed by acknowledging the condition and setting the following XDC constraint on any one of the nets in the loop: 'set_property ALLOW_COMBINATORIAL_LOOPS TRUE [get_nets <myHier/myNet>]'. One net in the loop is Data_controller_inst/dout_valid[2]_INST_0_i_1_n_0. Please evaluate your design. The cells in the loop are: Data_controller_inst/dout_valid[2]_INST_0_i_1.
Related violations: <none>

LUTLP-1#11 Critical Warning
Combinatorial Loop Alert  
1 LUT cells form a combinatorial loop. This can create a race condition. Timing analysis may not be accurate. The preferred resolution is to modify the design to remove combinatorial logic loops. If the loop is known and understood, this DRC can be bypassed by acknowledging the condition and setting the following XDC constraint on any one of the nets in the loop: 'set_property ALLOW_COMBINATORIAL_LOOPS TRUE [get_nets <myHier/myNet>]'. One net in the loop is Data_controller_inst/state1[1]. Please evaluate your design. The cells in the loop are: Data_controller_inst/dout_data1[31]_INST_0_i_2.
Related violations: <none>

LUTLP-1#12 Critical Warning
Combinatorial Loop Alert  
1 LUT cells form a combinatorial loop. This can create a race condition. Timing analysis may not be accurate. The preferred resolution is to modify the design to remove combinatorial logic loops. If the loop is known and understood, this DRC can be bypassed by acknowledging the condition and setting the following XDC constraint on any one of the nets in the loop: 'set_property ALLOW_COMBINATORIAL_LOOPS TRUE [get_nets <myHier/myNet>]'. One net in the loop is Data_controller_inst/state2[0]. Please evaluate your design. The cells in the loop are: Data_controller_inst/dout_valid[2]_INST_0_i_3.
Related violations: <none>

LUTLP-1#13 Critical Warning
Combinatorial Loop Alert  
13 LUT cells form a combinatorial loop. This can create a race condition. Timing analysis may not be accurate. The preferred resolution is to modify the design to remove combinatorial logic loops. If the loop is known and understood, this DRC can be bypassed by acknowledging the condition and setting the following XDC constraint on any one of the nets in the loop: 'set_property ALLOW_COMBINATORIAL_LOOPS TRUE [get_nets <myHier/myNet>]'. One net in the loop is Data_controller_inst/dout_data3[31]_INST_0_i_10_n_0. Please evaluate your design. The cells in the loop are: Data_controller_inst/dout_data3[31]_INST_0_i_10,
Data_controller_inst/dout_data3[31]_INST_0_i_3,
Data_controller_inst/dout_data3[31]_INST_0_i_4,
Data_controller_inst/dout_data3[31]_INST_0_i_5,
Data_controller_inst/dout_data3[31]_INST_0_i_7,
Data_controller_inst/dout_data3[31]_INST_0_i_8,
Data_controller_inst/dout_data3[31]_INST_0_i_9,
Data_controller_inst/dout_ready[3]_i_4,
Data_controller_inst/dout_valid[3]_INST_0_i_1,
Data_controller_inst/dout_valid[3]_INST_0_i_2,
Data_controller_inst/dout_valid[3]_INST_0_i_3,
Data_controller_inst/dout_valid[3]_INST_0_i_4
Data_controller_inst/dout_valid[3]_INST_0_i_5.
Related violations: <none>

LUTLP-1#14 Critical Warning
Combinatorial Loop Alert  
14 LUT cells form a combinatorial loop. This can create a race condition. Timing analysis may not be accurate. The preferred resolution is to modify the design to remove combinatorial logic loops. If the loop is known and understood, this DRC can be bypassed by acknowledging the condition and setting the following XDC constraint on any one of the nets in the loop: 'set_property ALLOW_COMBINATORIAL_LOOPS TRUE [get_nets <myHier/myNet>]'. One net in the loop is Data_controller_inst/cw_counter0[1]_i_3_n_0. Please evaluate your design. The cells in the loop are: Data_controller_inst/cw_counter0[1]_i_3,
Data_controller_inst/cw_counter0[5]_i_5,
Data_controller_inst/dout_data0[31]_INST_0_i_3,
Data_controller_inst/dout_data0[31]_INST_0_i_5,
Data_controller_inst/dout_ready[0]_i_3,
Data_controller_inst/dout_ready[0]_i_5,
Data_controller_inst/dout_ready[0]_i_6,
Data_controller_inst/dout_ready[0]_i_7,
Data_controller_inst/dout_valid[0]_INST_0_i_1,
Data_controller_inst/dout_valid[0]_INST_0_i_2,
Data_controller_inst/dout_valid[0]_INST_0_i_3,
Data_controller_inst/dout_valid[0]_INST_0_i_4,
Data_controller_inst/dout_valid[0]_INST_0_i_5
Data_controller_inst/saved_data0[1][31]_i_3.
Related violations: <none>

LUTLP-1#15 Critical Warning
Combinatorial Loop Alert  
8 LUT cells form a combinatorial loop. This can create a race condition. Timing analysis may not be accurate. The preferred resolution is to modify the design to remove combinatorial logic loops. If the loop is known and understood, this DRC can be bypassed by acknowledging the condition and setting the following XDC constraint on any one of the nets in the loop: 'set_property ALLOW_COMBINATORIAL_LOOPS TRUE [get_nets <myHier/myNet>]'. One net in the loop is Data_controller_inst/state1[1]. Please evaluate your design. The cells in the loop are: Data_controller_inst/dout_data1[31]_INST_0_i_2,
Data_controller_inst/dout_data1[31]_INST_0_i_5,
Data_controller_inst/dout_valid[1]_INST_0_i_1,
Data_controller_inst/dout_valid[1]_INST_0_i_2,
Data_controller_inst/dout_valid[1]_INST_0_i_3,
Data_controller_inst/dout_valid[1]_INST_0_i_4,
Data_controller_inst/dout_valid[1]_INST_0_i_6
Data_controller_inst/dout_valid[1]_INST_0_i_8.
Related violations: <none>

LUTLP-1#16 Critical Warning
Combinatorial Loop Alert  
8 LUT cells form a combinatorial loop. This can create a race condition. Timing analysis may not be accurate. The preferred resolution is to modify the design to remove combinatorial logic loops. If the loop is known and understood, this DRC can be bypassed by acknowledging the condition and setting the following XDC constraint on any one of the nets in the loop: 'set_property ALLOW_COMBINATORIAL_LOOPS TRUE [get_nets <myHier/myNet>]'. One net in the loop is Data_controller_inst/state21. Please evaluate your design. The cells in the loop are: Data_controller_inst/dout_data2[31]_INST_0_i_1,
Data_controller_inst/dout_data2[31]_INST_0_i_3,
Data_controller_inst/dout_data2[31]_INST_0_i_4,
Data_controller_inst/dout_valid[2]_INST_0_i_1,
Data_controller_inst/dout_valid[2]_INST_0_i_3,
Data_controller_inst/dout_valid[2]_INST_0_i_5,
Data_controller_inst/dout_valid[2]_INST_0_i_6
Data_controller_inst/dout_valid[2]_INST_0_i_7.
Related violations: <none>

NSTD-1#1 Critical Warning
Unspecified I/O Standard  
174 out of 174 logical ports use I/O standard (IOSTANDARD) value 'DEFAULT', instead of a user assigned specific value. This may cause I/O contention or incompatibility with the board power or connectivity affecting performance, signal integrity or in extreme cases cause damage to the device or the components to which it is connected. To correct this violation, specify all I/O standards. This design will fail to generate a bitstream unless all logical ports have a user specified I/O standard value defined. To allow bitstream creation with unspecified I/O standard values (not recommended), use this command: set_property SEVERITY {Warning} [get_drc_checks NSTD-1].  NOTE: When using the Vivado Runs infrastructure (e.g. launch_runs Tcl command), add this command to a .tcl file and add that file as a pre-hook for write_bitstream step for the implementation run. Problem ports: clk, data_in[31:0], data_in_ready, data_in_valid, data_out0[31:0],
data_out1[31:0], data_out2[31:0], data_out3[31:0], data_out_last,
data_out_ready, data_out_valid[3:0], end_of_frame, last_frame,
ldpc_core_clk, reset (the first 15 of 16 listed).
Related violations: <none>

UCIO-1#1 Critical Warning
Unconstrained Logical Port  
174 out of 174 logical ports have no user assigned specific location constraint (LOC). This may cause I/O contention or incompatibility with the board power or connectivity affecting performance, signal integrity or in extreme cases cause damage to the device or the components to which it is connected. To correct this violation, specify all pin locations. This design will fail to generate a bitstream unless all logical ports have a user specified site LOC constraint defined.  To allow bitstream creation with unspecified pin locations (not recommended), use this command: set_property SEVERITY {Warning} [get_drc_checks UCIO-1].  NOTE: When using the Vivado Runs infrastructure (e.g. launch_runs Tcl command), add this command to a .tcl file and add that file as a pre-hook for write_bitstream step for the implementation run.  Problem ports: clk, data_in[31:0], data_in_ready, data_in_valid, data_out0[31:0],
data_out1[31:0], data_out2[31:0], data_out3[31:0], data_out_last,
data_out_ready, data_out_valid[3:0], end_of_frame, last_frame,
ldpc_core_clk, reset (the first 15 of 16 listed).
Related violations: <none>


