CxlResult:/home/miglioranza/Polyphase_Filter_FI/Polyphase_Filter_FI.cache/compile_simlib/xcelium/sim_xdma_sc_v1/.cxl.systemc.sim_xdma_sc_v1.sim_xdma_sc_v1.lin64.rpt =
	ExecutionPlatform = lin64 ,
	SourceLibrary = sim_xdma_sc_v1 ,
	SourcePath = /ihpusr/xilinx/vivado2021.2/Vivado/2021.2/data/systemc/simlibs/sim_xdma_sc/sim_xdma_sc_v1 ,
	Simulator = xcelium ,
	SimulatorVersion = 20.09-s007 ,
	CompiledLibrary = sim_xdma_sc_v1 ,
	CompiledPath = /home/miglioranza/Polyphase_Filter_FI/Polyphase_Filter_FI.cache/compile_simlib/xcelium/sim_xdma_sc_v1 ,
	Timestamp = Wed Oct  9 16:56:28 2024 ,
	Time = 1728485788 ,
	Language = systemc ,
	XilinxVersion = 2021.2 ,
	LogFile = /home/miglioranza/Polyphase_Filter_FI/Polyphase_Filter_FI.cache/compile_simlib/xcelium/sim_xdma_sc_v1/.cxl.systemc.sim_xdma_sc_v1.sim_xdma_sc_v1.lin64.log ,
	NumOfErrors = 1 ,
	NumOfWarnings = 0 ,
	Error = /usr/bin/g++ -m64 /home/miglioranza/Polyphase_Filter_FI/Polyphase_Filter_FI.cache/compile_simlib/xcelium/sim_xdma_sc_v1/sim_xdma.o /home/miglioranza/Polyphase_Filter_FI/Polyphase_Filter_FI.cache/compile_simlib/xcelium/sim_xdma_sc_v1/sim_xdma_core.o  /ihp/ihpusr/cadence/xcelium/20.09/systemc/lib/64bit/gnu/libscBootstrap_sh.so /ihp/ihpusr/cadence/xcelium/20.09/systemc/lib/64bit/gnu/libxmscCoroutines_sh.so /ihp/ihpusr/cadence/xcelium/20.09/systemc/lib/64bit/gnu/libsystemc_sh.so -Wl,-G  -shared -o /home/miglioranza/Polyphase_Filter_FI/Polyphase_Filter_FI.cache/compile_simlib/xcelium/sim_xdma_sc_v1/libsim_xdma_sc_v1.so ,
