
*** Running vivado
    with args -log Parallel_FIR_filter.vds -m64 -product Vivado -mode batch -messageDb vivado.pb -notrace -source Parallel_FIR_filter.tcl


****** Vivado v2021.2 (64-bit)
  **** SW Build 3367213 on Tue Oct 19 02:47:39 MDT 2021
  **** IP Build 3369179 on Thu Oct 21 08:25:16 MDT 2021
    ** Copyright 1986-2021 Xilinx, Inc. All Rights Reserved.

source Parallel_FIR_filter.tcl -notrace
create_project: Time (s): cpu = 00:00:05 ; elapsed = 00:00:06 . Memory (MB): peak = 3066.770 ; gain = 2.016 ; free physical = 19356 ; free virtual = 110358
INFO: [IP_Flow 19-234] Refreshing IP repositories
INFO: [IP_Flow 19-1700] Loaded user IP repository '/home/miglioranza/Pre-distorsion_filter/Pre-distorsion_filter.srcs'.
INFO: [IP_Flow 19-2313] Loaded Vivado IP repository '/ihpusr/xilinx/vivado2021.2/Vivado/2021.2/data/ip'.
Command: synth_design -top Parallel_FIR_filter -part xczu28dr-ffvg1517-2-e
Starting synth_design
Attempting to get a license for feature 'Synthesis' and/or device 'xczu28dr'
INFO: [Common 17-349] Got license for feature 'Synthesis' and/or device 'xczu28dr'
INFO: [Synth 8-7079] Multithreading enabled for synth_design using a maximum of 4 processes.
INFO: [Synth 8-7078] Launching helper process for spawning children vivado processes
INFO: [Synth 8-7075] Helper process launched with PID 2497016
---------------------------------------------------------------------------------
Starting Synthesize : Time (s): cpu = 00:00:03 ; elapsed = 00:00:03 . Memory (MB): peak = 3096.977 ; gain = 0.000 ; free physical = 19005 ; free virtual = 110007
---------------------------------------------------------------------------------
INFO: [Synth 8-638] synthesizing module 'Parallel_FIR_filter' [/home/miglioranza/Pre-distorsion_filter/Pre-distorsion_filter.srcs/sources_1/new/Parallel_FIR_filter.vhd:57]
WARNING: [Synth 8-6014] Unused sequential element I_shift_reg_reg[5] was removed.  [/home/miglioranza/Pre-distorsion_filter/Pre-distorsion_filter.srcs/sources_1/new/Parallel_FIR_filter.vhd:103]
WARNING: [Synth 8-6014] Unused sequential element I_shift_reg_reg[6] was removed.  [/home/miglioranza/Pre-distorsion_filter/Pre-distorsion_filter.srcs/sources_1/new/Parallel_FIR_filter.vhd:103]
WARNING: [Synth 8-6014] Unused sequential element I_shift_reg_reg[7] was removed.  [/home/miglioranza/Pre-distorsion_filter/Pre-distorsion_filter.srcs/sources_1/new/Parallel_FIR_filter.vhd:103]
WARNING: [Synth 8-6014] Unused sequential element I_shift_reg_reg[8] was removed.  [/home/miglioranza/Pre-distorsion_filter/Pre-distorsion_filter.srcs/sources_1/new/Parallel_FIR_filter.vhd:103]
WARNING: [Synth 8-6014] Unused sequential element I_shift_reg_reg[9] was removed.  [/home/miglioranza/Pre-distorsion_filter/Pre-distorsion_filter.srcs/sources_1/new/Parallel_FIR_filter.vhd:103]
WARNING: [Synth 8-6014] Unused sequential element I_shift_reg_reg[10] was removed.  [/home/miglioranza/Pre-distorsion_filter/Pre-distorsion_filter.srcs/sources_1/new/Parallel_FIR_filter.vhd:103]
WARNING: [Synth 8-6014] Unused sequential element I_shift_reg_reg[11] was removed.  [/home/miglioranza/Pre-distorsion_filter/Pre-distorsion_filter.srcs/sources_1/new/Parallel_FIR_filter.vhd:103]
WARNING: [Synth 8-6014] Unused sequential element I_shift_reg_reg[12] was removed.  [/home/miglioranza/Pre-distorsion_filter/Pre-distorsion_filter.srcs/sources_1/new/Parallel_FIR_filter.vhd:103]
WARNING: [Synth 8-6014] Unused sequential element I_shift_reg_reg[13] was removed.  [/home/miglioranza/Pre-distorsion_filter/Pre-distorsion_filter.srcs/sources_1/new/Parallel_FIR_filter.vhd:103]
WARNING: [Synth 8-6014] Unused sequential element I_shift_reg_reg[14] was removed.  [/home/miglioranza/Pre-distorsion_filter/Pre-distorsion_filter.srcs/sources_1/new/Parallel_FIR_filter.vhd:103]
WARNING: [Synth 8-6014] Unused sequential element I_shift_reg_reg[15] was removed.  [/home/miglioranza/Pre-distorsion_filter/Pre-distorsion_filter.srcs/sources_1/new/Parallel_FIR_filter.vhd:103]
WARNING: [Synth 8-6014] Unused sequential element Q_shift_reg_reg[5] was removed.  [/home/miglioranza/Pre-distorsion_filter/Pre-distorsion_filter.srcs/sources_1/new/Parallel_FIR_filter.vhd:104]
WARNING: [Synth 8-6014] Unused sequential element Q_shift_reg_reg[6] was removed.  [/home/miglioranza/Pre-distorsion_filter/Pre-distorsion_filter.srcs/sources_1/new/Parallel_FIR_filter.vhd:104]
WARNING: [Synth 8-6014] Unused sequential element Q_shift_reg_reg[7] was removed.  [/home/miglioranza/Pre-distorsion_filter/Pre-distorsion_filter.srcs/sources_1/new/Parallel_FIR_filter.vhd:104]
WARNING: [Synth 8-6014] Unused sequential element Q_shift_reg_reg[8] was removed.  [/home/miglioranza/Pre-distorsion_filter/Pre-distorsion_filter.srcs/sources_1/new/Parallel_FIR_filter.vhd:104]
WARNING: [Synth 8-6014] Unused sequential element Q_shift_reg_reg[9] was removed.  [/home/miglioranza/Pre-distorsion_filter/Pre-distorsion_filter.srcs/sources_1/new/Parallel_FIR_filter.vhd:104]
WARNING: [Synth 8-6014] Unused sequential element Q_shift_reg_reg[10] was removed.  [/home/miglioranza/Pre-distorsion_filter/Pre-distorsion_filter.srcs/sources_1/new/Parallel_FIR_filter.vhd:104]
WARNING: [Synth 8-6014] Unused sequential element Q_shift_reg_reg[11] was removed.  [/home/miglioranza/Pre-distorsion_filter/Pre-distorsion_filter.srcs/sources_1/new/Parallel_FIR_filter.vhd:104]
WARNING: [Synth 8-6014] Unused sequential element Q_shift_reg_reg[12] was removed.  [/home/miglioranza/Pre-distorsion_filter/Pre-distorsion_filter.srcs/sources_1/new/Parallel_FIR_filter.vhd:104]
WARNING: [Synth 8-6014] Unused sequential element Q_shift_reg_reg[13] was removed.  [/home/miglioranza/Pre-distorsion_filter/Pre-distorsion_filter.srcs/sources_1/new/Parallel_FIR_filter.vhd:104]
WARNING: [Synth 8-6014] Unused sequential element Q_shift_reg_reg[14] was removed.  [/home/miglioranza/Pre-distorsion_filter/Pre-distorsion_filter.srcs/sources_1/new/Parallel_FIR_filter.vhd:104]
WARNING: [Synth 8-6014] Unused sequential element Q_shift_reg_reg[15] was removed.  [/home/miglioranza/Pre-distorsion_filter/Pre-distorsion_filter.srcs/sources_1/new/Parallel_FIR_filter.vhd:104]
WARNING: [Synth 8-6014] Unused sequential element I_sum_reg_reg was removed.  [/home/miglioranza/Pre-distorsion_filter/Pre-distorsion_filter.srcs/sources_1/new/Parallel_FIR_filter.vhd:124]
WARNING: [Synth 8-6014] Unused sequential element Q_sum_reg_reg was removed.  [/home/miglioranza/Pre-distorsion_filter/Pre-distorsion_filter.srcs/sources_1/new/Parallel_FIR_filter.vhd:125]
WARNING: [Synth 8-6014] Unused sequential element index_reg was removed.  [/home/miglioranza/Pre-distorsion_filter/Pre-distorsion_filter.srcs/sources_1/new/Parallel_FIR_filter.vhd:135]
WARNING: [Synth 8-6014] Unused sequential element partial_I_reg was removed.  [/home/miglioranza/Pre-distorsion_filter/Pre-distorsion_filter.srcs/sources_1/new/Parallel_FIR_filter.vhd:140]
WARNING: [Synth 8-6014] Unused sequential element partial_Q_reg was removed.  [/home/miglioranza/Pre-distorsion_filter/Pre-distorsion_filter.srcs/sources_1/new/Parallel_FIR_filter.vhd:141]
INFO: [Synth 8-256] done synthesizing module 'Parallel_FIR_filter' (1#1) [/home/miglioranza/Pre-distorsion_filter/Pre-distorsion_filter.srcs/sources_1/new/Parallel_FIR_filter.vhd:57]
---------------------------------------------------------------------------------
Finished Synthesize : Time (s): cpu = 00:00:04 ; elapsed = 00:00:05 . Memory (MB): peak = 3096.977 ; gain = 0.000 ; free physical = 17983 ; free virtual = 108988
---------------------------------------------------------------------------------
---------------------------------------------------------------------------------
Finished Constraint Validation : Time (s): cpu = 00:00:05 ; elapsed = 00:00:05 . Memory (MB): peak = 3096.977 ; gain = 0.000 ; free physical = 17977 ; free virtual = 108983
---------------------------------------------------------------------------------
---------------------------------------------------------------------------------
Start Loading Part and Timing Information
---------------------------------------------------------------------------------
Loading part: xczu28dr-ffvg1517-2-e
INFO: [Synth 8-6742] Reading net delay rules and data
---------------------------------------------------------------------------------
Finished Loading Part and Timing Information : Time (s): cpu = 00:00:05 ; elapsed = 00:00:05 . Memory (MB): peak = 3106.980 ; gain = 10.004 ; free physical = 17977 ; free virtual = 108982
INFO: [Device 21-403] Loading part xczu28dr-ffvg1517-2-e
---------------------------------------------------------------------------------
---------------------------------------------------------------------------------
Finished RTL Optimization Phase 2 : Time (s): cpu = 00:00:05 ; elapsed = 00:00:06 . Memory (MB): peak = 3106.980 ; gain = 10.004 ; free physical = 17908 ; free virtual = 108914
---------------------------------------------------------------------------------
No constraint files found.
---------------------------------------------------------------------------------
Start RTL Component Statistics 
---------------------------------------------------------------------------------
Detailed RTL Component Info : 
+---Registers : 
	               32 Bit    Registers := 2     
	               12 Bit    Registers := 10    
	                1 Bit    Registers := 2     
---------------------------------------------------------------------------------
Finished RTL Component Statistics 
---------------------------------------------------------------------------------
---------------------------------------------------------------------------------
Start Part Resource Summary
---------------------------------------------------------------------------------
Part Resources:
DSPs: 4272 (col length:192)
BRAMs: 2160 (col length: RAMB18 192 RAMB36 96)
---------------------------------------------------------------------------------
Finished Part Resource Summary
---------------------------------------------------------------------------------
No constraint files found.
---------------------------------------------------------------------------------
Start Cross Boundary and Area Optimization
---------------------------------------------------------------------------------
WARNING: [Synth 8-7080] Parallel synthesis criteria is not met
DSP Report: Generating DSP Q_output15, operation Mode is: A*B.
DSP Report: operator Q_output15 is absorbed into DSP Q_output15.
DSP Report: Generating DSP Q_output12, operation Mode is: A*B.
DSP Report: operator Q_output12 is absorbed into DSP Q_output12.
DSP Report: Generating DSP Q_output11, operation Mode is: A*B.
DSP Report: operator Q_output11 is absorbed into DSP Q_output11.
DSP Report: Generating DSP Q_output6, operation Mode is: A*B.
DSP Report: operator Q_output6 is absorbed into DSP Q_output6.
DSP Report: Generating DSP Q_output3, operation Mode is: A*B.
DSP Report: operator Q_output3 is absorbed into DSP Q_output3.
DSP Report: Generating DSP Q_output2, operation Mode is: A*B.
DSP Report: operator Q_output2 is absorbed into DSP Q_output2.
DSP Report: Generating DSP Q_output1, operation Mode is: (A:0x5555)*B.
DSP Report: operator Q_output1 is absorbed into DSP Q_output1.
DSP Report: Generating DSP Q_output0, operation Mode is: PCIN+(A:0x6aaa)*B.
DSP Report: operator Q_output0 is absorbed into DSP Q_output0.
DSP Report: operator Q_output14 is absorbed into DSP Q_output0.
DSP Report: Generating DSP Q_output0, operation Mode is: PCIN+A*(B:0x2666).
DSP Report: operator Q_output0 is absorbed into DSP Q_output0.
DSP Report: operator Q_output2 is absorbed into DSP Q_output0.
DSP Report: Generating DSP Q_output5, operation Mode is: A*B.
DSP Report: operator Q_output5 is absorbed into DSP Q_output5.
DSP Report: Generating DSP Q_output0, operation Mode is: C+A*(B:0x1999).
DSP Report: operator Q_output0 is absorbed into DSP Q_output0.
DSP Report: operator Q_output4 is absorbed into DSP Q_output0.
DSP Report: Generating DSP Q_output0, operation Mode is: PCIN+A*(B:0x1333).
DSP Report: operator Q_output0 is absorbed into DSP Q_output0.
DSP Report: operator Q_output5 is absorbed into DSP Q_output0.
DSP Report: Generating DSP Q_output0, operation Mode is: PCIN+(A:0xccd)*B.
DSP Report: operator Q_output0 is absorbed into DSP Q_output0.
DSP Report: operator Q_output6 is absorbed into DSP Q_output0.
DSP Report: Generating DSP Q_output9, operation Mode is: A*B.
DSP Report: operator Q_output9 is absorbed into DSP Q_output9.
DSP Report: Generating DSP Q_output8, operation Mode is: A*B.
DSP Report: operator Q_output8 is absorbed into DSP Q_output8.
DSP Report: Generating DSP Q_output0, operation Mode is: C+(A:0xccd)*B.
DSP Report: operator Q_output0 is absorbed into DSP Q_output0.
DSP Report: operator Q_output9 is absorbed into DSP Q_output0.
DSP Report: Generating DSP Q_output0, operation Mode is: PCIN+A*(B:0x1333).
DSP Report: operator Q_output0 is absorbed into DSP Q_output0.
DSP Report: operator Q_output10 is absorbed into DSP Q_output0.
DSP Report: Generating DSP Q_output0, operation Mode is: PCIN+A*(B:0x1999).
DSP Report: operator Q_output0 is absorbed into DSP Q_output0.
DSP Report: operator Q_output11 is absorbed into DSP Q_output0.
DSP Report: Generating DSP Q_output14, operation Mode is: A*B.
DSP Report: operator Q_output14 is absorbed into DSP Q_output14.
DSP Report: Generating DSP Q_output0, operation Mode is: C+A*(B:0x2666).
DSP Report: operator Q_output0 is absorbed into DSP Q_output0.
DSP Report: operator Q_output13 is absorbed into DSP Q_output0.
DSP Report: Generating DSP Q_output0, operation Mode is: PCIN+(A:0x5555)*B.
DSP Report: operator Q_output0 is absorbed into DSP Q_output0.
DSP Report: operator Q_output14 is absorbed into DSP Q_output0.
DSP Report: Generating DSP I_output15, operation Mode is: A*B.
DSP Report: operator I_output15 is absorbed into DSP I_output15.
DSP Report: Generating DSP I_output12, operation Mode is: A*B.
DSP Report: operator I_output12 is absorbed into DSP I_output12.
DSP Report: Generating DSP I_output11, operation Mode is: A*B.
DSP Report: operator I_output11 is absorbed into DSP I_output11.
DSP Report: Generating DSP I_output6, operation Mode is: A*B.
DSP Report: operator I_output6 is absorbed into DSP I_output6.
DSP Report: Generating DSP I_output3, operation Mode is: A*B.
DSP Report: operator I_output3 is absorbed into DSP I_output3.
DSP Report: Generating DSP I_output2, operation Mode is: A*B.
DSP Report: operator I_output2 is absorbed into DSP I_output2.
DSP Report: Generating DSP I_output1, operation Mode is: (A:0x5555)*B.
DSP Report: operator I_output1 is absorbed into DSP I_output1.
DSP Report: Generating DSP I_output0, operation Mode is: PCIN+(A:0x6aaa)*B.
DSP Report: operator I_output0 is absorbed into DSP I_output0.
DSP Report: operator I_output14 is absorbed into DSP I_output0.
DSP Report: Generating DSP I_output0, operation Mode is: PCIN+A*(B:0x2666).
DSP Report: operator I_output0 is absorbed into DSP I_output0.
DSP Report: operator I_output2 is absorbed into DSP I_output0.
DSP Report: Generating DSP I_output5, operation Mode is: A*B.
DSP Report: operator I_output5 is absorbed into DSP I_output5.
DSP Report: Generating DSP I_output0, operation Mode is: C+A*(B:0x1999).
DSP Report: operator I_output0 is absorbed into DSP I_output0.
DSP Report: operator I_output4 is absorbed into DSP I_output0.
DSP Report: Generating DSP I_output0, operation Mode is: PCIN+A*(B:0x1333).
DSP Report: operator I_output0 is absorbed into DSP I_output0.
DSP Report: operator I_output5 is absorbed into DSP I_output0.
DSP Report: Generating DSP I_output0, operation Mode is: PCIN+(A:0xccd)*B.
DSP Report: operator I_output0 is absorbed into DSP I_output0.
DSP Report: operator I_output6 is absorbed into DSP I_output0.
DSP Report: Generating DSP I_output9, operation Mode is: A*B.
DSP Report: operator I_output9 is absorbed into DSP I_output9.
DSP Report: Generating DSP I_output8, operation Mode is: A*B.
DSP Report: operator I_output8 is absorbed into DSP I_output8.
DSP Report: Generating DSP I_output0, operation Mode is: C+(A:0xccd)*B.
DSP Report: operator I_output0 is absorbed into DSP I_output0.
DSP Report: operator I_output9 is absorbed into DSP I_output0.
DSP Report: Generating DSP I_output0, operation Mode is: PCIN+A*(B:0x1333).
DSP Report: operator I_output0 is absorbed into DSP I_output0.
DSP Report: operator I_output10 is absorbed into DSP I_output0.
DSP Report: Generating DSP I_output0, operation Mode is: PCIN+A*(B:0x1999).
DSP Report: operator I_output0 is absorbed into DSP I_output0.
DSP Report: operator I_output11 is absorbed into DSP I_output0.
DSP Report: Generating DSP I_output14, operation Mode is: A*B.
DSP Report: operator I_output14 is absorbed into DSP I_output14.
DSP Report: Generating DSP I_output0, operation Mode is: C+A*(B:0x2666).
DSP Report: operator I_output0 is absorbed into DSP I_output0.
DSP Report: operator I_output13 is absorbed into DSP I_output0.
DSP Report: Generating DSP I_output0, operation Mode is: PCIN+(A:0x5555)*B.
DSP Report: operator I_output0 is absorbed into DSP I_output0.
DSP Report: operator I_output14 is absorbed into DSP I_output0.
---------------------------------------------------------------------------------
Finished Cross Boundary and Area Optimization : Time (s): cpu = 00:00:12 ; elapsed = 00:00:16 . Memory (MB): peak = 3442.582 ; gain = 345.605 ; free physical = 17921 ; free virtual = 108934
---------------------------------------------------------------------------------
---------------------------------------------------------------------------------
Start ROM, RAM, DSP, Shift Register and Retiming Reporting
---------------------------------------------------------------------------------

DSP: Preliminary Mapping Report (see note below. The ' indicates corresponding REG is set)
+--------------------+-------------------+--------+--------+--------+--------+--------+------+------+------+------+-------+------+------+
|Module Name         | DSP Mapping       | A Size | B Size | C Size | D Size | P Size | AREG | BREG | CREG | DREG | ADREG | MREG | PREG | 
+--------------------+-------------------+--------+--------+--------+--------+--------+------+------+------+------+-------+------+------+
|Parallel_FIR_filter | A*B               | 12     | 12     | -      | -      | 24     | 0    | 0    | -    | -    | -     | 0    | 0    | 
|Parallel_FIR_filter | A*B               | 12     | 12     | -      | -      | 24     | 0    | 0    | -    | -    | -     | 0    | 0    | 
|Parallel_FIR_filter | A*B               | 24     | 12     | -      | -      | 36     | 0    | 0    | -    | -    | -     | 0    | 0    | 
|Parallel_FIR_filter | A*B               | 12     | 12     | -      | -      | 24     | 0    | 0    | -    | -    | -     | 0    | 0    | 
|Parallel_FIR_filter | A*B               | 12     | 12     | -      | -      | 24     | 0    | 0    | -    | -    | -     | 0    | 0    | 
|Parallel_FIR_filter | A*B               | 24     | 12     | -      | -      | 36     | 0    | 0    | -    | -    | -     | 0    | 0    | 
|Parallel_FIR_filter | (A:0x5555)*B      | 16     | 16     | -      | -      | 32     | 0    | 0    | -    | -    | -     | 0    | 0    | 
|Parallel_FIR_filter | PCIN+(A:0x6aaa)*B | 16     | 12     | -      | -      | 32     | 0    | 0    | -    | -    | -     | 0    | 0    | 
|Parallel_FIR_filter | PCIN+A*(B:0x2666) | 16     | 15     | -      | -      | 32     | 0    | 0    | -    | -    | -     | 0    | 0    | 
|Parallel_FIR_filter | A*B               | 24     | 12     | -      | -      | 36     | 0    | 0    | -    | -    | -     | 0    | 0    | 
|Parallel_FIR_filter | C+A*(B:0x1999)    | 16     | 14     | 32     | -      | 32     | 0    | 0    | 0    | -    | -     | 0    | 0    | 
|Parallel_FIR_filter | PCIN+A*(B:0x1333) | 16     | 14     | -      | -      | 32     | 0    | 0    | -    | -    | -     | 0    | 0    | 
|Parallel_FIR_filter | PCIN+(A:0xccd)*B  | 13     | 12     | -      | -      | 32     | 0    | 0    | -    | -    | -     | 0    | 0    | 
|Parallel_FIR_filter | A*B               | 12     | 12     | -      | -      | 24     | 0    | 0    | -    | -    | -     | 0    | 0    | 
|Parallel_FIR_filter | A*B               | 24     | 12     | -      | -      | 36     | 0    | 0    | -    | -    | -     | 0    | 0    | 
|Parallel_FIR_filter | C+(A:0xccd)*B     | 12     | 13     | 32     | -      | 32     | 0    | 0    | 0    | -    | -     | 0    | 0    | 
|Parallel_FIR_filter | PCIN+A*(B:0x1333) | 16     | 14     | -      | -      | 32     | 0    | 0    | -    | -    | -     | 0    | 0    | 
|Parallel_FIR_filter | PCIN+A*(B:0x1999) | 16     | 14     | -      | -      | 32     | 0    | 0    | -    | -    | -     | 0    | 0    | 
|Parallel_FIR_filter | A*B               | 24     | 12     | -      | -      | 36     | 0    | 0    | -    | -    | -     | 0    | 0    | 
|Parallel_FIR_filter | C+A*(B:0x2666)    | 16     | 15     | 32     | -      | 32     | 0    | 0    | 0    | -    | -     | 0    | 0    | 
|Parallel_FIR_filter | PCIN+(A:0x5555)*B | 16     | 16     | -      | -      | 32     | 0    | 0    | -    | -    | -     | 0    | 0    | 
|Parallel_FIR_filter | A*B               | 12     | 12     | -      | -      | 24     | 0    | 0    | -    | -    | -     | 0    | 0    | 
|Parallel_FIR_filter | A*B               | 12     | 12     | -      | -      | 24     | 0    | 0    | -    | -    | -     | 0    | 0    | 
|Parallel_FIR_filter | A*B               | 24     | 12     | -      | -      | 36     | 0    | 0    | -    | -    | -     | 0    | 0    | 
|Parallel_FIR_filter | A*B               | 12     | 12     | -      | -      | 24     | 0    | 0    | -    | -    | -     | 0    | 0    | 
|Parallel_FIR_filter | A*B               | 12     | 12     | -      | -      | 24     | 0    | 0    | -    | -    | -     | 0    | 0    | 
|Parallel_FIR_filter | A*B               | 24     | 12     | -      | -      | 36     | 0    | 0    | -    | -    | -     | 0    | 0    | 
|Parallel_FIR_filter | (A:0x5555)*B      | 16     | 16     | -      | -      | 32     | 0    | 0    | -    | -    | -     | 0    | 0    | 
|Parallel_FIR_filter | PCIN+(A:0x6aaa)*B | 16     | 12     | -      | -      | 32     | 0    | 0    | -    | -    | -     | 0    | 0    | 
|Parallel_FIR_filter | PCIN+A*(B:0x2666) | 16     | 15     | -      | -      | 32     | 0    | 0    | -    | -    | -     | 0    | 0    | 
|Parallel_FIR_filter | A*B               | 24     | 12     | -      | -      | 36     | 0    | 0    | -    | -    | -     | 0    | 0    | 
|Parallel_FIR_filter | C+A*(B:0x1999)    | 16     | 14     | 32     | -      | 32     | 0    | 0    | 0    | -    | -     | 0    | 0    | 
|Parallel_FIR_filter | PCIN+A*(B:0x1333) | 16     | 14     | -      | -      | 32     | 0    | 0    | -    | -    | -     | 0    | 0    | 
|Parallel_FIR_filter | PCIN+(A:0xccd)*B  | 13     | 12     | -      | -      | 32     | 0    | 0    | -    | -    | -     | 0    | 0    | 
|Parallel_FIR_filter | A*B               | 12     | 12     | -      | -      | 24     | 0    | 0    | -    | -    | -     | 0    | 0    | 
|Parallel_FIR_filter | A*B               | 24     | 12     | -      | -      | 36     | 0    | 0    | -    | -    | -     | 0    | 0    | 
|Parallel_FIR_filter | C+(A:0xccd)*B     | 12     | 13     | 32     | -      | 32     | 0    | 0    | 0    | -    | -     | 0    | 0    | 
|Parallel_FIR_filter | PCIN+A*(B:0x1333) | 16     | 14     | -      | -      | 32     | 0    | 0    | -    | -    | -     | 0    | 0    | 
|Parallel_FIR_filter | PCIN+A*(B:0x1999) | 16     | 14     | -      | -      | 32     | 0    | 0    | -    | -    | -     | 0    | 0    | 
|Parallel_FIR_filter | A*B               | 24     | 12     | -      | -      | 36     | 0    | 0    | -    | -    | -     | 0    | 0    | 
|Parallel_FIR_filter | C+A*(B:0x2666)    | 16     | 15     | 32     | -      | 32     | 0    | 0    | 0    | -    | -     | 0    | 0    | 
|Parallel_FIR_filter | PCIN+(A:0x5555)*B | 16     | 16     | -      | -      | 32     | 0    | 0    | -    | -    | -     | 0    | 0    | 
+--------------------+-------------------+--------+--------+--------+--------+--------+------+------+------+------+-------+------+------+

Note: The table above is a preliminary report that shows the DSPs inferred at the current stage of the synthesis flow. Some DSP may be reimplemented as non DSP primitives later in the synthesis flow. Multiple instantiated DSPs are reported only once.
---------------------------------------------------------------------------------
Finished ROM, RAM, DSP, Shift Register and Retiming Reporting
---------------------------------------------------------------------------------
No constraint files found.
---------------------------------------------------------------------------------
Start Timing Optimization
---------------------------------------------------------------------------------
---------------------------------------------------------------------------------
Finished Timing Optimization : Time (s): cpu = 00:00:12 ; elapsed = 00:00:16 . Memory (MB): peak = 3442.582 ; gain = 345.605 ; free physical = 17920 ; free virtual = 108933
---------------------------------------------------------------------------------
---------------------------------------------------------------------------------
Start Technology Mapping
---------------------------------------------------------------------------------
---------------------------------------------------------------------------------
Finished Technology Mapping : Time (s): cpu = 00:00:13 ; elapsed = 00:00:16 . Memory (MB): peak = 3450.590 ; gain = 353.613 ; free physical = 17920 ; free virtual = 108933
---------------------------------------------------------------------------------
---------------------------------------------------------------------------------
Start IO Insertion
---------------------------------------------------------------------------------
---------------------------------------------------------------------------------
Start Flattening Before IO Insertion
---------------------------------------------------------------------------------
---------------------------------------------------------------------------------
Finished Flattening Before IO Insertion
---------------------------------------------------------------------------------
---------------------------------------------------------------------------------
Start Final Netlist Cleanup
---------------------------------------------------------------------------------
---------------------------------------------------------------------------------
Finished Final Netlist Cleanup
---------------------------------------------------------------------------------
---------------------------------------------------------------------------------
Finished IO Insertion : Time (s): cpu = 00:00:15 ; elapsed = 00:00:18 . Memory (MB): peak = 3450.590 ; gain = 353.613 ; free physical = 17919 ; free virtual = 108932
---------------------------------------------------------------------------------
---------------------------------------------------------------------------------
Start Renaming Generated Instances
---------------------------------------------------------------------------------
---------------------------------------------------------------------------------
Finished Renaming Generated Instances : Time (s): cpu = 00:00:15 ; elapsed = 00:00:18 . Memory (MB): peak = 3450.590 ; gain = 353.613 ; free physical = 17919 ; free virtual = 108932
---------------------------------------------------------------------------------
---------------------------------------------------------------------------------
Start Rebuilding User Hierarchy
---------------------------------------------------------------------------------
---------------------------------------------------------------------------------
Finished Rebuilding User Hierarchy : Time (s): cpu = 00:00:15 ; elapsed = 00:00:18 . Memory (MB): peak = 3450.590 ; gain = 353.613 ; free physical = 17919 ; free virtual = 108932
---------------------------------------------------------------------------------
---------------------------------------------------------------------------------
Start Renaming Generated Ports
---------------------------------------------------------------------------------
---------------------------------------------------------------------------------
Finished Renaming Generated Ports : Time (s): cpu = 00:00:15 ; elapsed = 00:00:18 . Memory (MB): peak = 3450.590 ; gain = 353.613 ; free physical = 17919 ; free virtual = 108932
---------------------------------------------------------------------------------
---------------------------------------------------------------------------------
Start Handling Custom Attributes
---------------------------------------------------------------------------------
---------------------------------------------------------------------------------
Finished Handling Custom Attributes : Time (s): cpu = 00:00:15 ; elapsed = 00:00:18 . Memory (MB): peak = 3450.590 ; gain = 353.613 ; free physical = 17919 ; free virtual = 108932
---------------------------------------------------------------------------------
---------------------------------------------------------------------------------
Start Renaming Generated Nets
---------------------------------------------------------------------------------
---------------------------------------------------------------------------------
Finished Renaming Generated Nets : Time (s): cpu = 00:00:15 ; elapsed = 00:00:18 . Memory (MB): peak = 3450.590 ; gain = 353.613 ; free physical = 17919 ; free virtual = 108932
---------------------------------------------------------------------------------
---------------------------------------------------------------------------------
Start Writing Synthesis Report
---------------------------------------------------------------------------------

Report BlackBoxes: 
+-+--------------+----------+
| |BlackBox name |Instances |
+-+--------------+----------+
+-+--------------+----------+

Report Cell Usage: 
+------+----------------+------+
|      |Cell            |Count |
+------+----------------+------+
|1     |BUFG            |     1|
|2     |CARRY8          |    24|
|3     |DSP48E2         |    40|
|4     |DSP_ALU         |     2|
|5     |DSP_A_B_DATA    |     2|
|6     |DSP_C_DATA      |     2|
|7     |DSP_MULTIPLIER  |     2|
|8     |DSP_M_DATA      |     2|
|9     |DSP_OUTPUT      |     2|
|10    |DSP_PREADD      |     2|
|11    |DSP_PREADD_DATA |     2|
|12    |LUT1            |     8|
|13    |LUT2            |   213|
|14    |FDCE            |   122|
|15    |IBUF            |    28|
|16    |OBUF            |    66|
+------+----------------+------+

Report Instance Areas: 
+------+---------------+-----------------------+------+
|      |Instance       |Module                 |Cells |
+------+---------------+-----------------------+------+
|1     |top            |                       |   518|
|2     |  Q_output0__8 |Q_output0__8_funnel    |     8|
|3     |  I_output0__8 |Q_output0__8_funnel__1 |     8|
+------+---------------+-----------------------+------+
---------------------------------------------------------------------------------
Finished Writing Synthesis Report : Time (s): cpu = 00:00:15 ; elapsed = 00:00:18 . Memory (MB): peak = 3450.590 ; gain = 353.613 ; free physical = 17919 ; free virtual = 108932
---------------------------------------------------------------------------------
Synthesis finished with 0 errors, 0 critical warnings and 28 warnings.
Synthesis Optimization Runtime : Time (s): cpu = 00:00:15 ; elapsed = 00:00:18 . Memory (MB): peak = 3450.590 ; gain = 353.613 ; free physical = 17922 ; free virtual = 108935
Synthesis Optimization Complete : Time (s): cpu = 00:00:15 ; elapsed = 00:00:18 . Memory (MB): peak = 3450.598 ; gain = 353.613 ; free physical = 17922 ; free virtual = 108935
INFO: [Project 1-571] Translating synthesized netlist
Netlist sorting complete. Time (s): cpu = 00:00:00.01 ; elapsed = 00:00:00.02 . Memory (MB): peak = 3462.559 ; gain = 0.000 ; free physical = 18017 ; free virtual = 109030
INFO: [Netlist 29-17] Analyzing 95 Unisim elements for replacement
INFO: [Netlist 29-28] Unisim Transformation completed in 0 CPU seconds
INFO: [Project 1-570] Preparing netlist for logic optimization
INFO: [Opt 31-138] Pushed 0 inverter(s) to 0 load pin(s).
Netlist sorting complete. Time (s): cpu = 00:00:00 ; elapsed = 00:00:00 . Memory (MB): peak = 3622.477 ; gain = 0.000 ; free physical = 17898 ; free virtual = 108911
INFO: [Project 1-111] Unisim Transformation Summary:
  A total of 71 instances were transformed.
  BUFG => BUFGCE: 1 instance 
  DSP48E2 => DSP48E2 (DSP_ALU, DSP_A_B_DATA, DSP_C_DATA, DSP_MULTIPLIER, DSP_M_DATA, DSP_OUTPUT, DSP_PREADD, DSP_PREADD_DATA): 42 instances
  IBUF => IBUF (IBUFCTRL, INBUF): 28 instances

Synth Design complete, checksum: 27b8dfe5
INFO: [Common 17-83] Releasing license: Synthesis
18 Infos, 28 Warnings, 0 Critical Warnings and 0 Errors encountered.
synth_design completed successfully
synth_design: Time (s): cpu = 00:00:24 ; elapsed = 00:00:22 . Memory (MB): peak = 3622.477 ; gain = 555.707 ; free physical = 17951 ; free virtual = 108964
INFO: [Common 17-1381] The checkpoint '/home/miglioranza/Pre-distorsion_filter/Pre-distorsion_filter.runs/synth_1/Parallel_FIR_filter.dcp' has been generated.
INFO: [runtcl-4] Executing : report_utilization -file Parallel_FIR_filter_utilization_synth.rpt -pb Parallel_FIR_filter_utilization_synth.pb
INFO: [Common 17-206] Exiting Vivado at Tue Mar  4 12:18:52 2025...
