
*** Running vivado
    with args -log LDPC_encoder.vds -m64 -product Vivado -mode batch -messageDb vivado.pb -notrace -source LDPC_encoder.tcl


****** Vivado v2021.2 (64-bit)
  **** SW Build 3367213 on Tue Oct 19 02:47:39 MDT 2021
  **** IP Build 3369179 on Thu Oct 21 08:25:16 MDT 2021
    ** Copyright 1986-2021 Xilinx, Inc. All Rights Reserved.

source LDPC_encoder.tcl -notrace
create_project: Time (s): cpu = 00:00:05 ; elapsed = 00:00:06 . Memory (MB): peak = 3066.770 ; gain = 2.016 ; free physical = 44698 ; free virtual = 103966
Command: read_checkpoint -auto_incremental -incremental /ihp/departments/D-SYA/work/miglioranza/Encoder/Encoder.srcs/utils_1/imports/synth_2/LDPC_encoder.dcp
INFO: [Vivado 12-5825] Read reference checkpoint from /ihp/departments/D-SYA/work/miglioranza/Encoder/Encoder.srcs/utils_1/imports/synth_2/LDPC_encoder.dcp for incremental synthesis
INFO: [Vivado 12-7989] Please ensure there are no constraint changes
Command: synth_design -top LDPC_encoder -part xczu28dr-ffvg1517-2-e -directive AreaOptimized_medium -control_set_opt_threshold 1
Starting synth_design
Attempting to get a license for feature 'Synthesis' and/or device 'xczu28dr'
INFO: [Common 17-349] Got license for feature 'Synthesis' and/or device 'xczu28dr'
INFO: [Device 21-403] Loading part xczu28dr-ffvg1517-2-e
WARNING: [Designutils 20-4072] Reference run did not run incremental synthesis because the design is too small; reverting to default synthesis
INFO: [Designutils 20-4379] Flow is switching to default flow due to incremental criteria not met. If you would like to alter this behaviour and have the flow terminate instead, please set the following parameter config_implementation {autoIncr.Synth.RejectBehavior Terminate}
INFO: [Synth 8-7079] Multithreading enabled for synth_design using a maximum of 4 processes.
INFO: [Synth 8-7078] Launching helper process for spawning children vivado processes
INFO: [Synth 8-7075] Helper process launched with PID 2206813
---------------------------------------------------------------------------------
Starting RTL Elaboration : Time (s): cpu = 00:00:03 ; elapsed = 00:00:04 . Memory (MB): peak = 3476.262 ; gain = 229.688 ; free physical = 43382 ; free virtual = 102650
---------------------------------------------------------------------------------
INFO: [Synth 8-638] synthesizing module 'LDPC_encoder' [/ihp/departments/D-SYA/work/miglioranza/Encoder/Encoder.srcs/sources_1/new/LDPC_encoder.vhd:63]
INFO: [Synth 8-3491] module 'Data_controller' declared at '/ihp/departments/D-SYA/work/miglioranza/Encoder/Encoder.srcs/sources_1/new/Data_controller.vhd:34' bound to instance 'Data_controller_inst' of component 'Data_controller' [/ihp/departments/D-SYA/work/miglioranza/Encoder/Encoder.srcs/sources_1/new/LDPC_encoder.vhd:229]
INFO: [Synth 8-638] synthesizing module 'Data_controller' [/ihp/departments/D-SYA/work/miglioranza/Encoder/Encoder.srcs/sources_1/new/Data_controller.vhd:67]
WARNING: [Synth 8-614] signal 'cw_counter0' is read in the process but is not in the sensitivity list [/ihp/departments/D-SYA/work/miglioranza/Encoder/Encoder.srcs/sources_1/new/Data_controller.vhd:185]
WARNING: [Synth 8-614] signal 'state0' is read in the process but is not in the sensitivity list [/ihp/departments/D-SYA/work/miglioranza/Encoder/Encoder.srcs/sources_1/new/Data_controller.vhd:185]
WARNING: [Synth 8-614] signal 'cw_counter1' is read in the process but is not in the sensitivity list [/ihp/departments/D-SYA/work/miglioranza/Encoder/Encoder.srcs/sources_1/new/Data_controller.vhd:311]
WARNING: [Synth 8-614] signal 'state1' is read in the process but is not in the sensitivity list [/ihp/departments/D-SYA/work/miglioranza/Encoder/Encoder.srcs/sources_1/new/Data_controller.vhd:311]
WARNING: [Synth 8-614] signal 'cw_counter2' is read in the process but is not in the sensitivity list [/ihp/departments/D-SYA/work/miglioranza/Encoder/Encoder.srcs/sources_1/new/Data_controller.vhd:438]
WARNING: [Synth 8-614] signal 'state2' is read in the process but is not in the sensitivity list [/ihp/departments/D-SYA/work/miglioranza/Encoder/Encoder.srcs/sources_1/new/Data_controller.vhd:438]
WARNING: [Synth 8-614] signal 'cw_counter3' is read in the process but is not in the sensitivity list [/ihp/departments/D-SYA/work/miglioranza/Encoder/Encoder.srcs/sources_1/new/Data_controller.vhd:550]
WARNING: [Synth 8-614] signal 'state3' is read in the process but is not in the sensitivity list [/ihp/departments/D-SYA/work/miglioranza/Encoder/Encoder.srcs/sources_1/new/Data_controller.vhd:550]
WARNING: [Synth 8-6014] Unused sequential element pad_counter0_reg was removed.  [/ihp/departments/D-SYA/work/miglioranza/Encoder/Encoder.srcs/sources_1/new/Data_controller.vhd:151]
WARNING: [Synth 8-6014] Unused sequential element pad_counter1_reg was removed.  [/ihp/departments/D-SYA/work/miglioranza/Encoder/Encoder.srcs/sources_1/new/Data_controller.vhd:152]
WARNING: [Synth 8-6014] Unused sequential element pad_counter2_reg was removed.  [/ihp/departments/D-SYA/work/miglioranza/Encoder/Encoder.srcs/sources_1/new/Data_controller.vhd:153]
WARNING: [Synth 8-6014] Unused sequential element pad_counter3_reg was removed.  [/ihp/departments/D-SYA/work/miglioranza/Encoder/Encoder.srcs/sources_1/new/Data_controller.vhd:154]
WARNING: [Synth 8-3848] Net last_frame in module/entity Data_controller does not have driver. [/ihp/departments/D-SYA/work/miglioranza/Encoder/Encoder.srcs/sources_1/new/Data_controller.vhd:60]
INFO: [Synth 8-256] done synthesizing module 'Data_controller' (1#1) [/ihp/departments/D-SYA/work/miglioranza/Encoder/Encoder.srcs/sources_1/new/Data_controller.vhd:67]
INFO: [Synth 8-3491] module 'sd_fec_0' declared at '/ihp/departments/D-SYA/work/miglioranza/Encoder/Encoder.runs/synth_2/.Xil/Vivado-2205921-uxsrv005/realtime/sd_fec_0_stub.vhdl:5' bound to instance 'LDPC_core0' of component 'sd_fec_0' [/ihp/departments/D-SYA/work/miglioranza/Encoder/Encoder.srcs/sources_1/new/LDPC_encoder.vhd:252]
INFO: [Synth 8-638] synthesizing module 'sd_fec_0' [/ihp/departments/D-SYA/work/miglioranza/Encoder/Encoder.runs/synth_2/.Xil/Vivado-2205921-uxsrv005/realtime/sd_fec_0_stub.vhdl:32]
INFO: [Synth 8-3491] module 'sd_fec_0' declared at '/ihp/departments/D-SYA/work/miglioranza/Encoder/Encoder.runs/synth_2/.Xil/Vivado-2205921-uxsrv005/realtime/sd_fec_0_stub.vhdl:5' bound to instance 'LDPC_core1' of component 'sd_fec_0' [/ihp/departments/D-SYA/work/miglioranza/Encoder/Encoder.srcs/sources_1/new/LDPC_encoder.vhd:277]
INFO: [Synth 8-3491] module 'sd_fec_0' declared at '/ihp/departments/D-SYA/work/miglioranza/Encoder/Encoder.runs/synth_2/.Xil/Vivado-2205921-uxsrv005/realtime/sd_fec_0_stub.vhdl:5' bound to instance 'LDPC_core2' of component 'sd_fec_0' [/ihp/departments/D-SYA/work/miglioranza/Encoder/Encoder.srcs/sources_1/new/LDPC_encoder.vhd:302]
INFO: [Synth 8-3491] module 'sd_fec_0' declared at '/ihp/departments/D-SYA/work/miglioranza/Encoder/Encoder.runs/synth_2/.Xil/Vivado-2205921-uxsrv005/realtime/sd_fec_0_stub.vhdl:5' bound to instance 'LDPC_core3' of component 'sd_fec_0' [/ihp/departments/D-SYA/work/miglioranza/Encoder/Encoder.srcs/sources_1/new/LDPC_encoder.vhd:327]
INFO: [Synth 8-3491] module 'axis_data_fifo_0' declared at '/ihp/departments/D-SYA/work/miglioranza/Encoder/Encoder.runs/synth_2/.Xil/Vivado-2205921-uxsrv005/realtime/axis_data_fifo_0_stub.vhdl:5' bound to instance 'input_fifo_0' of component 'axis_data_fifo_0' [/ihp/departments/D-SYA/work/miglioranza/Encoder/Encoder.srcs/sources_1/new/LDPC_encoder.vhd:352]
INFO: [Synth 8-638] synthesizing module 'axis_data_fifo_0' [/ihp/departments/D-SYA/work/miglioranza/Encoder/Encoder.runs/synth_2/.Xil/Vivado-2205921-uxsrv005/realtime/axis_data_fifo_0_stub.vhdl:23]
INFO: [Synth 8-3491] module 'axis_data_fifo_0' declared at '/ihp/departments/D-SYA/work/miglioranza/Encoder/Encoder.runs/synth_2/.Xil/Vivado-2205921-uxsrv005/realtime/axis_data_fifo_0_stub.vhdl:5' bound to instance 'input_fifo_1' of component 'axis_data_fifo_0' [/ihp/departments/D-SYA/work/miglioranza/Encoder/Encoder.srcs/sources_1/new/LDPC_encoder.vhd:369]
INFO: [Synth 8-3491] module 'axis_data_fifo_0' declared at '/ihp/departments/D-SYA/work/miglioranza/Encoder/Encoder.runs/synth_2/.Xil/Vivado-2205921-uxsrv005/realtime/axis_data_fifo_0_stub.vhdl:5' bound to instance 'input_fifo_2' of component 'axis_data_fifo_0' [/ihp/departments/D-SYA/work/miglioranza/Encoder/Encoder.srcs/sources_1/new/LDPC_encoder.vhd:386]
INFO: [Synth 8-3491] module 'axis_data_fifo_0' declared at '/ihp/departments/D-SYA/work/miglioranza/Encoder/Encoder.runs/synth_2/.Xil/Vivado-2205921-uxsrv005/realtime/axis_data_fifo_0_stub.vhdl:5' bound to instance 'input_fifo_3' of component 'axis_data_fifo_0' [/ihp/departments/D-SYA/work/miglioranza/Encoder/Encoder.srcs/sources_1/new/LDPC_encoder.vhd:403]
INFO: [Synth 8-3491] module 'axis_data_fifo_1' declared at '/ihp/departments/D-SYA/work/miglioranza/Encoder/Encoder.runs/synth_2/.Xil/Vivado-2205921-uxsrv005/realtime/axis_data_fifo_1_stub.vhdl:5' bound to instance 'output_fifo' of component 'axis_data_fifo_1' [/ihp/departments/D-SYA/work/miglioranza/Encoder/Encoder.srcs/sources_1/new/LDPC_encoder.vhd:444]
INFO: [Synth 8-638] synthesizing module 'axis_data_fifo_1' [/ihp/departments/D-SYA/work/miglioranza/Encoder/Encoder.runs/synth_2/.Xil/Vivado-2205921-uxsrv005/realtime/axis_data_fifo_1_stub.vhdl:21]
INFO: [Synth 8-3491] module 'axis_data_fifo_1' declared at '/ihp/departments/D-SYA/work/miglioranza/Encoder/Encoder.runs/synth_2/.Xil/Vivado-2205921-uxsrv005/realtime/axis_data_fifo_1_stub.vhdl:5' bound to instance 'output_fifo' of component 'axis_data_fifo_1' [/ihp/departments/D-SYA/work/miglioranza/Encoder/Encoder.srcs/sources_1/new/LDPC_encoder.vhd:444]
INFO: [Synth 8-3491] module 'axis_data_fifo_1' declared at '/ihp/departments/D-SYA/work/miglioranza/Encoder/Encoder.runs/synth_2/.Xil/Vivado-2205921-uxsrv005/realtime/axis_data_fifo_1_stub.vhdl:5' bound to instance 'output_fifo' of component 'axis_data_fifo_1' [/ihp/departments/D-SYA/work/miglioranza/Encoder/Encoder.srcs/sources_1/new/LDPC_encoder.vhd:444]
INFO: [Synth 8-3491] module 'axis_data_fifo_1' declared at '/ihp/departments/D-SYA/work/miglioranza/Encoder/Encoder.runs/synth_2/.Xil/Vivado-2205921-uxsrv005/realtime/axis_data_fifo_1_stub.vhdl:5' bound to instance 'output_fifo' of component 'axis_data_fifo_1' [/ihp/departments/D-SYA/work/miglioranza/Encoder/Encoder.srcs/sources_1/new/LDPC_encoder.vhd:444]
WARNING: [Synth 8-3848] Net data_out_ready in module/entity LDPC_encoder does not have driver. [/ihp/departments/D-SYA/work/miglioranza/Encoder/Encoder.srcs/sources_1/new/LDPC_encoder.vhd:54]
WARNING: [Synth 8-3848] Net data_out_last in module/entity LDPC_encoder does not have driver. [/ihp/departments/D-SYA/work/miglioranza/Encoder/Encoder.srcs/sources_1/new/LDPC_encoder.vhd:56]
WARNING: [Synth 8-3848] Net last_frame in module/entity LDPC_encoder does not have driver. [/ihp/departments/D-SYA/work/miglioranza/Encoder/Encoder.srcs/sources_1/new/LDPC_encoder.vhd:58]
INFO: [Synth 8-256] done synthesizing module 'LDPC_encoder' (2#1) [/ihp/departments/D-SYA/work/miglioranza/Encoder/Encoder.srcs/sources_1/new/LDPC_encoder.vhd:63]
WARNING: [Synth 8-7129] Port last_frame in module Data_controller is either unconnected or has no load
WARNING: [Synth 8-7129] Port data_out_ready in module LDPC_encoder is either unconnected or has no load
WARNING: [Synth 8-7129] Port data_out_last in module LDPC_encoder is either unconnected or has no load
WARNING: [Synth 8-7129] Port last_frame in module LDPC_encoder is either unconnected or has no load
WARNING: [Synth 8-7129] Port sel_code_rate[3] in module LDPC_encoder is either unconnected or has no load
WARNING: [Synth 8-7129] Port sel_code_rate[2] in module LDPC_encoder is either unconnected or has no load
WARNING: [Synth 8-7129] Port sel_code_rate[1] in module LDPC_encoder is either unconnected or has no load
WARNING: [Synth 8-7129] Port sel_code_rate[0] in module LDPC_encoder is either unconnected or has no load
---------------------------------------------------------------------------------
Finished RTL Elaboration : Time (s): cpu = 00:00:04 ; elapsed = 00:00:05 . Memory (MB): peak = 3524.199 ; gain = 277.625 ; free physical = 42407 ; free virtual = 101676
---------------------------------------------------------------------------------
---------------------------------------------------------------------------------
Start Handling Custom Attributes
---------------------------------------------------------------------------------
---------------------------------------------------------------------------------
Finished Handling Custom Attributes : Time (s): cpu = 00:00:05 ; elapsed = 00:00:06 . Memory (MB): peak = 3542.012 ; gain = 295.438 ; free physical = 43277 ; free virtual = 102545
---------------------------------------------------------------------------------
---------------------------------------------------------------------------------
Finished RTL Optimization Phase 1 : Time (s): cpu = 00:00:05 ; elapsed = 00:00:06 . Memory (MB): peak = 3542.012 ; gain = 295.438 ; free physical = 43277 ; free virtual = 102545
---------------------------------------------------------------------------------
Netlist sorting complete. Time (s): cpu = 00:00:00.03 ; elapsed = 00:00:00.02 . Memory (MB): peak = 3542.012 ; gain = 0.000 ; free physical = 43266 ; free virtual = 102535
INFO: [Project 1-570] Preparing netlist for logic optimization

Processing XDC Constraints
Initializing timing engine
Parsing XDC File [/ihp/departments/D-SYA/work/miglioranza/Encoder/Encoder.gen/sources_1/ip/sd_fec_0/sd_fec_0/sd_fec_0_in_context.xdc] for cell 'LDPC_core0'
Finished Parsing XDC File [/ihp/departments/D-SYA/work/miglioranza/Encoder/Encoder.gen/sources_1/ip/sd_fec_0/sd_fec_0/sd_fec_0_in_context.xdc] for cell 'LDPC_core0'
Parsing XDC File [/ihp/departments/D-SYA/work/miglioranza/Encoder/Encoder.gen/sources_1/ip/sd_fec_0/sd_fec_0/sd_fec_0_in_context.xdc] for cell 'LDPC_core1'
Finished Parsing XDC File [/ihp/departments/D-SYA/work/miglioranza/Encoder/Encoder.gen/sources_1/ip/sd_fec_0/sd_fec_0/sd_fec_0_in_context.xdc] for cell 'LDPC_core1'
Parsing XDC File [/ihp/departments/D-SYA/work/miglioranza/Encoder/Encoder.gen/sources_1/ip/sd_fec_0/sd_fec_0/sd_fec_0_in_context.xdc] for cell 'LDPC_core2'
Finished Parsing XDC File [/ihp/departments/D-SYA/work/miglioranza/Encoder/Encoder.gen/sources_1/ip/sd_fec_0/sd_fec_0/sd_fec_0_in_context.xdc] for cell 'LDPC_core2'
Parsing XDC File [/ihp/departments/D-SYA/work/miglioranza/Encoder/Encoder.gen/sources_1/ip/sd_fec_0/sd_fec_0/sd_fec_0_in_context.xdc] for cell 'LDPC_core3'
Finished Parsing XDC File [/ihp/departments/D-SYA/work/miglioranza/Encoder/Encoder.gen/sources_1/ip/sd_fec_0/sd_fec_0/sd_fec_0_in_context.xdc] for cell 'LDPC_core3'
Parsing XDC File [/ihp/departments/D-SYA/work/miglioranza/Encoder/Encoder.gen/sources_1/ip/axis_data_fifo_0/axis_data_fifo_0/axis_data_fifo_0_in_context.xdc] for cell 'input_fifo_0'
Finished Parsing XDC File [/ihp/departments/D-SYA/work/miglioranza/Encoder/Encoder.gen/sources_1/ip/axis_data_fifo_0/axis_data_fifo_0/axis_data_fifo_0_in_context.xdc] for cell 'input_fifo_0'
Parsing XDC File [/ihp/departments/D-SYA/work/miglioranza/Encoder/Encoder.gen/sources_1/ip/axis_data_fifo_0/axis_data_fifo_0/axis_data_fifo_0_in_context.xdc] for cell 'input_fifo_1'
Finished Parsing XDC File [/ihp/departments/D-SYA/work/miglioranza/Encoder/Encoder.gen/sources_1/ip/axis_data_fifo_0/axis_data_fifo_0/axis_data_fifo_0_in_context.xdc] for cell 'input_fifo_1'
Parsing XDC File [/ihp/departments/D-SYA/work/miglioranza/Encoder/Encoder.gen/sources_1/ip/axis_data_fifo_0/axis_data_fifo_0/axis_data_fifo_0_in_context.xdc] for cell 'input_fifo_2'
Finished Parsing XDC File [/ihp/departments/D-SYA/work/miglioranza/Encoder/Encoder.gen/sources_1/ip/axis_data_fifo_0/axis_data_fifo_0/axis_data_fifo_0_in_context.xdc] for cell 'input_fifo_2'
Parsing XDC File [/ihp/departments/D-SYA/work/miglioranza/Encoder/Encoder.gen/sources_1/ip/axis_data_fifo_0/axis_data_fifo_0/axis_data_fifo_0_in_context.xdc] for cell 'input_fifo_3'
Finished Parsing XDC File [/ihp/departments/D-SYA/work/miglioranza/Encoder/Encoder.gen/sources_1/ip/axis_data_fifo_0/axis_data_fifo_0/axis_data_fifo_0_in_context.xdc] for cell 'input_fifo_3'
Parsing XDC File [/ihp/departments/D-SYA/work/miglioranza/Encoder/Encoder.gen/sources_1/ip/axis_data_fifo_1/axis_data_fifo_1/axis_data_fifo_1_in_context.xdc] for cell 'Output_FIFO_inst[0].output_fifo'
Finished Parsing XDC File [/ihp/departments/D-SYA/work/miglioranza/Encoder/Encoder.gen/sources_1/ip/axis_data_fifo_1/axis_data_fifo_1/axis_data_fifo_1_in_context.xdc] for cell 'Output_FIFO_inst[0].output_fifo'
Parsing XDC File [/ihp/departments/D-SYA/work/miglioranza/Encoder/Encoder.gen/sources_1/ip/axis_data_fifo_1/axis_data_fifo_1/axis_data_fifo_1_in_context.xdc] for cell 'Output_FIFO_inst[1].output_fifo'
Finished Parsing XDC File [/ihp/departments/D-SYA/work/miglioranza/Encoder/Encoder.gen/sources_1/ip/axis_data_fifo_1/axis_data_fifo_1/axis_data_fifo_1_in_context.xdc] for cell 'Output_FIFO_inst[1].output_fifo'
Parsing XDC File [/ihp/departments/D-SYA/work/miglioranza/Encoder/Encoder.gen/sources_1/ip/axis_data_fifo_1/axis_data_fifo_1/axis_data_fifo_1_in_context.xdc] for cell 'Output_FIFO_inst[2].output_fifo'
Finished Parsing XDC File [/ihp/departments/D-SYA/work/miglioranza/Encoder/Encoder.gen/sources_1/ip/axis_data_fifo_1/axis_data_fifo_1/axis_data_fifo_1_in_context.xdc] for cell 'Output_FIFO_inst[2].output_fifo'
Parsing XDC File [/ihp/departments/D-SYA/work/miglioranza/Encoder/Encoder.gen/sources_1/ip/axis_data_fifo_1/axis_data_fifo_1/axis_data_fifo_1_in_context.xdc] for cell 'Output_FIFO_inst[3].output_fifo'
Finished Parsing XDC File [/ihp/departments/D-SYA/work/miglioranza/Encoder/Encoder.gen/sources_1/ip/axis_data_fifo_1/axis_data_fifo_1/axis_data_fifo_1_in_context.xdc] for cell 'Output_FIFO_inst[3].output_fifo'
Parsing XDC File [/ihp/departments/D-SYA/work/miglioranza/Encoder/Encoder.srcs/constrs_1/new/Encoder_constraints.xdc]
create_clock: Time (s): cpu = 00:00:06 ; elapsed = 00:00:06 . Memory (MB): peak = 3738.637 ; gain = 23.812 ; free physical = 43229 ; free virtual = 102498
Finished Parsing XDC File [/ihp/departments/D-SYA/work/miglioranza/Encoder/Encoder.srcs/constrs_1/new/Encoder_constraints.xdc]
Parsing XDC File [/ihp/departments/D-SYA/work/miglioranza/Encoder/Encoder.runs/synth_2/dont_touch.xdc]
Finished Parsing XDC File [/ihp/departments/D-SYA/work/miglioranza/Encoder/Encoder.runs/synth_2/dont_touch.xdc]
Completed Processing XDC Constraints

Netlist sorting complete. Time (s): cpu = 00:00:00 ; elapsed = 00:00:00 . Memory (MB): peak = 3738.637 ; gain = 0.000 ; free physical = 43229 ; free virtual = 102498
INFO: [Project 1-111] Unisim Transformation Summary:
No Unisim elements were transformed.

Constraint Validation Runtime : Time (s): cpu = 00:00:00.03 ; elapsed = 00:00:00.02 . Memory (MB): peak = 3738.637 ; gain = 0.000 ; free physical = 43229 ; free virtual = 102498
WARNING: [Timing 38-316] Clock period '10.000' specified during out-of-context synthesis of instance 'Output_FIFO_inst[0].output_fifo' at clock pin 's_axis_aclk' is different from the actual clock period '5.000', this can lead to different synthesis results.
WARNING: [Timing 38-316] Clock period '10.000' specified during out-of-context synthesis of instance 'Output_FIFO_inst[1].output_fifo' at clock pin 's_axis_aclk' is different from the actual clock period '5.000', this can lead to different synthesis results.
WARNING: [Timing 38-316] Clock period '10.000' specified during out-of-context synthesis of instance 'Output_FIFO_inst[2].output_fifo' at clock pin 's_axis_aclk' is different from the actual clock period '5.000', this can lead to different synthesis results.
WARNING: [Timing 38-316] Clock period '10.000' specified during out-of-context synthesis of instance 'Output_FIFO_inst[3].output_fifo' at clock pin 's_axis_aclk' is different from the actual clock period '5.000', this can lead to different synthesis results.
WARNING: [Timing 38-316] Clock period '10.000' specified during out-of-context synthesis of instance 'input_fifo_0' at clock pin 's_axis_aclk' is different from the actual clock period '5.000', this can lead to different synthesis results.
WARNING: [Timing 38-316] Clock period '10.000' specified during out-of-context synthesis of instance 'input_fifo_1' at clock pin 's_axis_aclk' is different from the actual clock period '5.000', this can lead to different synthesis results.
WARNING: [Timing 38-316] Clock period '10.000' specified during out-of-context synthesis of instance 'input_fifo_2' at clock pin 's_axis_aclk' is different from the actual clock period '5.000', this can lead to different synthesis results.
WARNING: [Timing 38-316] Clock period '10.000' specified during out-of-context synthesis of instance 'input_fifo_3' at clock pin 's_axis_aclk' is different from the actual clock period '5.000', this can lead to different synthesis results.
WARNING: [Designutils 20-4072] Reference run did not run incremental synthesis because the design is too small; reverting to default synthesis
INFO: [Designutils 20-4379] Flow is switching to default flow due to incremental criteria not met. If you would like to alter this behaviour and have the flow terminate instead, please set the following parameter config_implementation {autoIncr.Synth.RejectBehavior Terminate}
---------------------------------------------------------------------------------
Finished Constraint Validation : Time (s): cpu = 00:00:16 ; elapsed = 00:00:19 . Memory (MB): peak = 3738.637 ; gain = 492.062 ; free physical = 43489 ; free virtual = 102759
---------------------------------------------------------------------------------
---------------------------------------------------------------------------------
Start Loading Part and Timing Information
---------------------------------------------------------------------------------
Loading part: xczu28dr-ffvg1517-2-e
INFO: [Synth 8-6742] Reading net delay rules and data
---------------------------------------------------------------------------------
Finished Loading Part and Timing Information : Time (s): cpu = 00:00:16 ; elapsed = 00:00:19 . Memory (MB): peak = 3738.637 ; gain = 492.062 ; free physical = 43489 ; free virtual = 102759
---------------------------------------------------------------------------------
---------------------------------------------------------------------------------
Start Applying 'set_property' XDC Constraints
---------------------------------------------------------------------------------
Applied set_property KEEP_HIERARCHY = SOFT for LDPC_core0. (constraint file  auto generated constraint).
Applied set_property KEEP_HIERARCHY = SOFT for LDPC_core1. (constraint file  auto generated constraint).
Applied set_property KEEP_HIERARCHY = SOFT for LDPC_core2. (constraint file  auto generated constraint).
Applied set_property KEEP_HIERARCHY = SOFT for LDPC_core3. (constraint file  auto generated constraint).
Applied set_property KEEP_HIERARCHY = SOFT for input_fifo_0. (constraint file  auto generated constraint).
Applied set_property KEEP_HIERARCHY = SOFT for input_fifo_1. (constraint file  auto generated constraint).
Applied set_property KEEP_HIERARCHY = SOFT for input_fifo_2. (constraint file  auto generated constraint).
Applied set_property KEEP_HIERARCHY = SOFT for input_fifo_3. (constraint file  auto generated constraint).
Applied set_property KEEP_HIERARCHY = SOFT for \Output_FIFO_inst[0].output_fifo . (constraint file  auto generated constraint).
Applied set_property KEEP_HIERARCHY = SOFT for \Output_FIFO_inst[1].output_fifo . (constraint file  auto generated constraint).
Applied set_property KEEP_HIERARCHY = SOFT for \Output_FIFO_inst[2].output_fifo . (constraint file  auto generated constraint).
Applied set_property KEEP_HIERARCHY = SOFT for \Output_FIFO_inst[3].output_fifo . (constraint file  auto generated constraint).
---------------------------------------------------------------------------------
Finished applying 'set_property' XDC Constraints : Time (s): cpu = 00:00:17 ; elapsed = 00:00:19 . Memory (MB): peak = 3738.637 ; gain = 492.062 ; free physical = 43489 ; free virtual = 102758
---------------------------------------------------------------------------------
---------------------------------------------------------------------------------
Finished RTL Optimization Phase 2 : Time (s): cpu = 00:00:17 ; elapsed = 00:00:20 . Memory (MB): peak = 3738.637 ; gain = 492.062 ; free physical = 43483 ; free virtual = 102753
---------------------------------------------------------------------------------
---------------------------------------------------------------------------------
Start RTL Component Statistics 
---------------------------------------------------------------------------------
Detailed RTL Component Info : 
+---Adders : 
	   2 Input    6 Bit       Adders := 3     
	   2 Input    5 Bit       Adders := 1     
+---Registers : 
	              128 Bit    Registers := 4     
	                6 Bit    Registers := 3     
	                5 Bit    Registers := 1     
	                4 Bit    Registers := 3     
	                1 Bit    Registers := 1     
+---Muxes : 
	   2 Input   32 Bit        Muxes := 9     
	   4 Input   32 Bit        Muxes := 4     
	   6 Input   32 Bit        Muxes := 1     
	   2 Input    6 Bit        Muxes := 11    
	   4 Input    6 Bit        Muxes := 3     
	   2 Input    5 Bit        Muxes := 4     
	   4 Input    5 Bit        Muxes := 1     
	   2 Input    4 Bit        Muxes := 9     
	   4 Input    4 Bit        Muxes := 3     
	   4 Input    2 Bit        Muxes := 4     
	   6 Input    2 Bit        Muxes := 3     
	   2 Input    2 Bit        Muxes := 9     
	   5 Input    2 Bit        Muxes := 1     
	   3 Input    2 Bit        Muxes := 1     
	   4 Input    1 Bit        Muxes := 12    
	   5 Input    1 Bit        Muxes := 7     
	   2 Input    1 Bit        Muxes := 7     
---------------------------------------------------------------------------------
Finished RTL Component Statistics 
---------------------------------------------------------------------------------
---------------------------------------------------------------------------------
Start Part Resource Summary
---------------------------------------------------------------------------------
Part Resources:
DSPs: 4272 (col length:192)
BRAMs: 2160 (col length: RAMB18 192 RAMB36 96)
---------------------------------------------------------------------------------
Finished Part Resource Summary
---------------------------------------------------------------------------------
---------------------------------------------------------------------------------
Start Cross Boundary and Area Optimization
---------------------------------------------------------------------------------
WARNING: [Synth 8-7080] Parallel synthesis criteria is not met
WARNING: [Synth 8-7129] Port last_frame in module Data_controller is either unconnected or has no load
WARNING: [Synth 8-7129] Port data_out_ready in module LDPC_encoder is either unconnected or has no load
WARNING: [Synth 8-7129] Port data_out_last in module LDPC_encoder is either unconnected or has no load
WARNING: [Synth 8-7129] Port last_frame in module LDPC_encoder is either unconnected or has no load
WARNING: [Synth 8-7129] Port sel_code_rate[3] in module LDPC_encoder is either unconnected or has no load
WARNING: [Synth 8-7129] Port sel_code_rate[2] in module LDPC_encoder is either unconnected or has no load
WARNING: [Synth 8-7129] Port sel_code_rate[1] in module LDPC_encoder is either unconnected or has no load
WARNING: [Synth 8-7129] Port sel_code_rate[0] in module LDPC_encoder is either unconnected or has no load
---------------------------------------------------------------------------------
Finished Cross Boundary and Area Optimization : Time (s): cpu = 00:00:24 ; elapsed = 00:00:28 . Memory (MB): peak = 3738.637 ; gain = 492.062 ; free physical = 43469 ; free virtual = 102742
---------------------------------------------------------------------------------
---------------------------------------------------------------------------------
Start Applying XDC Timing Constraints
---------------------------------------------------------------------------------
---------------------------------------------------------------------------------
Finished Applying XDC Timing Constraints : Time (s): cpu = 00:00:33 ; elapsed = 00:00:39 . Memory (MB): peak = 3967.469 ; gain = 720.895 ; free physical = 42983 ; free virtual = 102257
---------------------------------------------------------------------------------
---------------------------------------------------------------------------------
Start Timing Optimization
---------------------------------------------------------------------------------
WARNING: [Synth 8-326] inferred exception to break timing loop: 'set_false_path -through Data_controller_insti_3/i_29/O'
WARNING: [Synth 8-326] inferred exception to break timing loop: 'set_false_path -through Data_controller_insti_0/i_39/O'
WARNING: [Synth 8-326] inferred exception to break timing loop: 'set_false_path -through Data_controller_insti_0/i_39/O'
WARNING: [Synth 8-326] inferred exception to break timing loop: 'set_false_path -through Data_controller_insti_2/i_2/O'
WARNING: [Synth 8-326] inferred exception to break timing loop: 'set_false_path -through Data_controller_insti_1/i_31/O'
WARNING: [Synth 8-326] inferred exception to break timing loop: 'set_false_path -through Data_controller_insti_2/i_24/O'
---------------------------------------------------------------------------------
Finished Timing Optimization : Time (s): cpu = 00:00:33 ; elapsed = 00:00:39 . Memory (MB): peak = 3989.500 ; gain = 742.926 ; free physical = 42979 ; free virtual = 102253
---------------------------------------------------------------------------------
---------------------------------------------------------------------------------
Start Technology Mapping
---------------------------------------------------------------------------------
Found timing loop:
     0: i_51/O (LUT2)
      [/ihp/departments/D-SYA/work/miglioranza/Encoder/Encoder.srcs/sources_1/new/Data_controller.vhd:195]
     1: i_51/I1 (LUT2)
     2: i_23/O (LUT4)
      [/ihp/departments/D-SYA/work/miglioranza/Encoder/Encoder.srcs/sources_1/new/Data_controller.vhd:195]
     3: i_23/I3 (LUT4)
     4: i_53/O (LUT2)
      [/ihp/departments/D-SYA/work/miglioranza/Encoder/Encoder.srcs/sources_1/new/Data_controller.vhd:195]
     5: i_53/I1 (LUT2)
     6: i_48/O (LUT2)
      [/ihp/departments/D-SYA/work/miglioranza/Encoder/Encoder.srcs/sources_1/new/Data_controller.vhd:195]
     7: i_48/I1 (LUT2)
     8: i_51/O (LUT2)
      [/ihp/departments/D-SYA/work/miglioranza/Encoder/Encoder.srcs/sources_1/new/Data_controller.vhd:195]
CRITICAL WARNING: [Synth 8-295] found timing loop. [/ihp/departments/D-SYA/work/miglioranza/Encoder/Encoder.srcs/sources_1/new/LDPC_encoder.vhd:34]
Inferred a: "set_disable_timing -from I1 -to O i_51"
Found timing loop:
     0: i_51/O (LUT2)
      [/ihp/departments/D-SYA/work/miglioranza/Encoder/Encoder.srcs/sources_1/new/Data_controller.vhd:195]
     1: i_51/O (LUT2)
CRITICAL WARNING: [Synth 8-295] found timing loop. [/ihp/departments/D-SYA/work/miglioranza/Encoder/Encoder.srcs/sources_1/new/LDPC_encoder.vhd:34]
Found timing loop:
     0: i_52/O (LUT2)
      [/ihp/departments/D-SYA/work/miglioranza/Encoder/Encoder.srcs/sources_1/new/Data_controller.vhd:195]
     1: i_52/I1 (LUT2)
     2: i_51/O (LUT2)
      [/ihp/departments/D-SYA/work/miglioranza/Encoder/Encoder.srcs/sources_1/new/Data_controller.vhd:195]
     3: i_51/O (LUT2)
CRITICAL WARNING: [Synth 8-295] found timing loop. [/ihp/departments/D-SYA/work/miglioranza/Encoder/Encoder.srcs/sources_1/new/LDPC_encoder.vhd:34]
Inferred a: "set_disable_timing -from I1 -to O i_52"
Found timing loop:
     0: i_51/O (LUT2)
      [/ihp/departments/D-SYA/work/miglioranza/Encoder/Encoder.srcs/sources_1/new/Data_controller.vhd:195]
     1: i_51/O (LUT2)
CRITICAL WARNING: [Synth 8-295] found timing loop. [/ihp/departments/D-SYA/work/miglioranza/Encoder/Encoder.srcs/sources_1/new/LDPC_encoder.vhd:34]
Found timing loop:
     0: i_51/O (LUT2)
      [/ihp/departments/D-SYA/work/miglioranza/Encoder/Encoder.srcs/sources_1/new/Data_controller.vhd:195]
     1: i_51/I0 (LUT2)
     2: i_47/O (LUT5)
      [/ihp/departments/D-SYA/work/miglioranza/Encoder/Encoder.srcs/sources_1/new/Data_controller.vhd:195]
     3: i_47/I4 (LUT5)
     4: i_51/O (LUT2)
      [/ihp/departments/D-SYA/work/miglioranza/Encoder/Encoder.srcs/sources_1/new/Data_controller.vhd:195]
CRITICAL WARNING: [Synth 8-295] found timing loop. [/ihp/departments/D-SYA/work/miglioranza/Encoder/Encoder.srcs/sources_1/new/LDPC_encoder.vhd:34]
Inferred a: "set_disable_timing -from I0 -to O i_51"
Found timing loop:
     0: i_117/O (LUT2)
      [/ihp/departments/D-SYA/work/miglioranza/Encoder/Encoder.srcs/sources_1/new/Data_controller.vhd:321]
     1: i_117/I1 (LUT2)
     2: i_105/O (LUT5)
      [/ihp/departments/D-SYA/work/miglioranza/Encoder/Encoder.srcs/sources_1/new/Data_controller.vhd:321]
     3: i_105/I4 (LUT5)
     4: i_117/O (LUT2)
      [/ihp/departments/D-SYA/work/miglioranza/Encoder/Encoder.srcs/sources_1/new/Data_controller.vhd:321]
CRITICAL WARNING: [Synth 8-295] found timing loop. [/ihp/departments/D-SYA/work/miglioranza/Encoder/Encoder.srcs/sources_1/new/LDPC_encoder.vhd:34]
Inferred a: "set_disable_timing -from I1 -to O i_117"
Found timing loop:
     0: i_117/O (LUT2)
      [/ihp/departments/D-SYA/work/miglioranza/Encoder/Encoder.srcs/sources_1/new/Data_controller.vhd:321]
     1: i_117/O (LUT2)
CRITICAL WARNING: [Synth 8-295] found timing loop. [/ihp/departments/D-SYA/work/miglioranza/Encoder/Encoder.srcs/sources_1/new/LDPC_encoder.vhd:34]
Found timing loop:
     0: i_119/O (LUT2)
      [/ihp/departments/D-SYA/work/miglioranza/Encoder/Encoder.srcs/sources_1/new/Data_controller.vhd:321]
     1: i_119/I1 (LUT2)
     2: i_118/O (LUT2)
      [/ihp/departments/D-SYA/work/miglioranza/Encoder/Encoder.srcs/sources_1/new/Data_controller.vhd:321]
     3: i_118/I1 (LUT2)
     4: i_117/O (LUT2)
      [/ihp/departments/D-SYA/work/miglioranza/Encoder/Encoder.srcs/sources_1/new/Data_controller.vhd:321]
     5: i_117/O (LUT2)
CRITICAL WARNING: [Synth 8-295] found timing loop. [/ihp/departments/D-SYA/work/miglioranza/Encoder/Encoder.srcs/sources_1/new/LDPC_encoder.vhd:34]
Inferred a: "set_disable_timing -from I1 -to O i_119"
Found timing loop:
     0: i_119/O (LUT2)
      [/ihp/departments/D-SYA/work/miglioranza/Encoder/Encoder.srcs/sources_1/new/Data_controller.vhd:321]
     1: i_119/O (LUT2)
CRITICAL WARNING: [Synth 8-295] found timing loop. [/ihp/departments/D-SYA/work/miglioranza/Encoder/Encoder.srcs/sources_1/new/LDPC_encoder.vhd:34]
Found timing loop:
     0: i_117/O (LUT2)
      [/ihp/departments/D-SYA/work/miglioranza/Encoder/Encoder.srcs/sources_1/new/Data_controller.vhd:321]
     1: i_117/O (LUT2)
CRITICAL WARNING: [Synth 8-295] found timing loop. [/ihp/departments/D-SYA/work/miglioranza/Encoder/Encoder.srcs/sources_1/new/LDPC_encoder.vhd:34]
Found timing loop:
     0: i_119/O (LUT2)
      [/ihp/departments/D-SYA/work/miglioranza/Encoder/Encoder.srcs/sources_1/new/Data_controller.vhd:321]
     1: i_119/I0 (LUT2)
     2: i_103/O (LUT3)
      [/ihp/departments/D-SYA/work/miglioranza/Encoder/Encoder.srcs/sources_1/new/Data_controller.vhd:321]
     3: i_103/I2 (LUT3)
     4: i_117/O (LUT2)
      [/ihp/departments/D-SYA/work/miglioranza/Encoder/Encoder.srcs/sources_1/new/Data_controller.vhd:321]
     5: i_117/O (LUT2)
CRITICAL WARNING: [Synth 8-295] found timing loop. [/ihp/departments/D-SYA/work/miglioranza/Encoder/Encoder.srcs/sources_1/new/LDPC_encoder.vhd:34]
Inferred a: "set_disable_timing -from I0 -to O i_119"
Found timing loop:
     0: i_117/O (LUT2)
      [/ihp/departments/D-SYA/work/miglioranza/Encoder/Encoder.srcs/sources_1/new/Data_controller.vhd:321]
     1: i_117/I0 (LUT2)
     2: i_106/O (LUT6)
      [/ihp/departments/D-SYA/work/miglioranza/Encoder/Encoder.srcs/sources_1/new/Data_controller.vhd:321]
     3: i_106/I5 (LUT6)
     4: i_117/O (LUT2)
      [/ihp/departments/D-SYA/work/miglioranza/Encoder/Encoder.srcs/sources_1/new/Data_controller.vhd:321]
CRITICAL WARNING: [Synth 8-295] found timing loop. [/ihp/departments/D-SYA/work/miglioranza/Encoder/Encoder.srcs/sources_1/new/LDPC_encoder.vhd:34]
Inferred a: "set_disable_timing -from I0 -to O i_117"
Found timing loop:
     0: i_174/O (LUT2)
      [/ihp/departments/D-SYA/work/miglioranza/Encoder/Encoder.srcs/sources_1/new/Data_controller.vhd:447]
     1: i_174/I1 (LUT2)
     2: i_173/O (LUT2)
      [/ihp/departments/D-SYA/work/miglioranza/Encoder/Encoder.srcs/sources_1/new/Data_controller.vhd:447]
     3: i_173/I0 (LUT2)
     4: i_167/O (LUT2)
      [/ihp/departments/D-SYA/work/miglioranza/Encoder/Encoder.srcs/sources_1/new/Data_controller.vhd:447]
     5: i_167/I1 (LUT2)
     6: i_174/O (LUT2)
      [/ihp/departments/D-SYA/work/miglioranza/Encoder/Encoder.srcs/sources_1/new/Data_controller.vhd:447]
CRITICAL WARNING: [Synth 8-295] found timing loop. [/ihp/departments/D-SYA/work/miglioranza/Encoder/Encoder.srcs/sources_1/new/LDPC_encoder.vhd:34]
Inferred a: "set_disable_timing -from I1 -to O i_174"
Found timing loop:
     0: i_174/O (LUT2)
      [/ihp/departments/D-SYA/work/miglioranza/Encoder/Encoder.srcs/sources_1/new/Data_controller.vhd:447]
     1: i_174/O (LUT2)
CRITICAL WARNING: [Synth 8-295] found timing loop. [/ihp/departments/D-SYA/work/miglioranza/Encoder/Encoder.srcs/sources_1/new/LDPC_encoder.vhd:34]
Found timing loop:
     0: i_176/O (LUT2)
      [/ihp/departments/D-SYA/work/miglioranza/Encoder/Encoder.srcs/sources_1/new/Data_controller.vhd:447]
     1: i_176/I1 (LUT2)
     2: i_175/O (LUT2)
      [/ihp/departments/D-SYA/work/miglioranza/Encoder/Encoder.srcs/sources_1/new/Data_controller.vhd:447]
     3: i_175/I1 (LUT2)
     4: i_174/O (LUT2)
      [/ihp/departments/D-SYA/work/miglioranza/Encoder/Encoder.srcs/sources_1/new/Data_controller.vhd:447]
     5: i_174/O (LUT2)
CRITICAL WARNING: [Synth 8-295] found timing loop. [/ihp/departments/D-SYA/work/miglioranza/Encoder/Encoder.srcs/sources_1/new/LDPC_encoder.vhd:34]
Inferred a: "set_disable_timing -from I1 -to O i_176"
Found timing loop:
     0: i_176/O (LUT2)
      [/ihp/departments/D-SYA/work/miglioranza/Encoder/Encoder.srcs/sources_1/new/Data_controller.vhd:447]
     1: i_176/O (LUT2)
CRITICAL WARNING: [Synth 8-295] found timing loop. [/ihp/departments/D-SYA/work/miglioranza/Encoder/Encoder.srcs/sources_1/new/LDPC_encoder.vhd:34]
Found timing loop:
     0: i_174/O (LUT2)
      [/ihp/departments/D-SYA/work/miglioranza/Encoder/Encoder.srcs/sources_1/new/Data_controller.vhd:447]
     1: i_174/O (LUT2)
CRITICAL WARNING: [Synth 8-295] found timing loop. [/ihp/departments/D-SYA/work/miglioranza/Encoder/Encoder.srcs/sources_1/new/LDPC_encoder.vhd:34]
Found timing loop:
     0: i_176/O (LUT2)
      [/ihp/departments/D-SYA/work/miglioranza/Encoder/Encoder.srcs/sources_1/new/Data_controller.vhd:447]
     1: i_176/I0 (LUT2)
     2: i_163/O (LUT3)
      [/ihp/departments/D-SYA/work/miglioranza/Encoder/Encoder.srcs/sources_1/new/Data_controller.vhd:447]
     3: i_163/I2 (LUT3)
     4: i_174/O (LUT2)
      [/ihp/departments/D-SYA/work/miglioranza/Encoder/Encoder.srcs/sources_1/new/Data_controller.vhd:447]
     5: i_174/O (LUT2)
CRITICAL WARNING: [Synth 8-295] found timing loop. [/ihp/departments/D-SYA/work/miglioranza/Encoder/Encoder.srcs/sources_1/new/LDPC_encoder.vhd:34]
Inferred a: "set_disable_timing -from I0 -to O i_176"
Found timing loop:
     0: i_174/O (LUT2)
      [/ihp/departments/D-SYA/work/miglioranza/Encoder/Encoder.srcs/sources_1/new/Data_controller.vhd:447]
     1: i_174/I0 (LUT2)
     2: i_164/O (LUT6)
      [/ihp/departments/D-SYA/work/miglioranza/Encoder/Encoder.srcs/sources_1/new/Data_controller.vhd:447]
     3: i_164/I1 (LUT6)
     4: i_174/O (LUT2)
      [/ihp/departments/D-SYA/work/miglioranza/Encoder/Encoder.srcs/sources_1/new/Data_controller.vhd:447]
CRITICAL WARNING: [Synth 8-295] found timing loop. [/ihp/departments/D-SYA/work/miglioranza/Encoder/Encoder.srcs/sources_1/new/LDPC_encoder.vhd:34]
Inferred a: "set_disable_timing -from I0 -to O i_174"
Found timing loop:
     0: i_242/O (LUT2)
      [/ihp/departments/D-SYA/work/miglioranza/Encoder/Encoder.srcs/sources_1/new/Data_controller.vhd:560]
     1: i_242/I1 (LUT2)
     2: i_229/O (LUT5)
      [/ihp/departments/D-SYA/work/miglioranza/Encoder/Encoder.srcs/sources_1/new/Data_controller.vhd:560]
     3: i_229/I4 (LUT5)
     4: i_242/O (LUT2)
      [/ihp/departments/D-SYA/work/miglioranza/Encoder/Encoder.srcs/sources_1/new/Data_controller.vhd:560]
CRITICAL WARNING: [Synth 8-295] found timing loop. [/ihp/departments/D-SYA/work/miglioranza/Encoder/Encoder.srcs/sources_1/new/LDPC_encoder.vhd:34]
Inferred a: "set_disable_timing -from I1 -to O i_242"
Found timing loop:
     0: i_242/O (LUT2)
      [/ihp/departments/D-SYA/work/miglioranza/Encoder/Encoder.srcs/sources_1/new/Data_controller.vhd:560]
     1: i_242/O (LUT2)
CRITICAL WARNING: [Synth 8-295] found timing loop. [/ihp/departments/D-SYA/work/miglioranza/Encoder/Encoder.srcs/sources_1/new/LDPC_encoder.vhd:34]
Found timing loop:
     0: i_244/O (LUT2)
      [/ihp/departments/D-SYA/work/miglioranza/Encoder/Encoder.srcs/sources_1/new/Data_controller.vhd:560]
     1: i_244/I1 (LUT2)
     2: i_243/O (LUT2)
      [/ihp/departments/D-SYA/work/miglioranza/Encoder/Encoder.srcs/sources_1/new/Data_controller.vhd:560]
     3: i_243/I1 (LUT2)
     4: i_242/O (LUT2)
      [/ihp/departments/D-SYA/work/miglioranza/Encoder/Encoder.srcs/sources_1/new/Data_controller.vhd:560]
     5: i_242/O (LUT2)
CRITICAL WARNING: [Synth 8-295] found timing loop. [/ihp/departments/D-SYA/work/miglioranza/Encoder/Encoder.srcs/sources_1/new/LDPC_encoder.vhd:34]
Inferred a: "set_disable_timing -from I1 -to O i_244"
Found timing loop:
     0: i_244/O (LUT2)
      [/ihp/departments/D-SYA/work/miglioranza/Encoder/Encoder.srcs/sources_1/new/Data_controller.vhd:560]
     1: i_244/O (LUT2)
CRITICAL WARNING: [Synth 8-295] found timing loop. [/ihp/departments/D-SYA/work/miglioranza/Encoder/Encoder.srcs/sources_1/new/LDPC_encoder.vhd:34]
Found timing loop:
     0: i_242/O (LUT2)
      [/ihp/departments/D-SYA/work/miglioranza/Encoder/Encoder.srcs/sources_1/new/Data_controller.vhd:560]
     1: i_242/O (LUT2)
CRITICAL WARNING: [Synth 8-295] found timing loop. [/ihp/departments/D-SYA/work/miglioranza/Encoder/Encoder.srcs/sources_1/new/LDPC_encoder.vhd:34]
Found timing loop:
     0: i_244/O (LUT2)
      [/ihp/departments/D-SYA/work/miglioranza/Encoder/Encoder.srcs/sources_1/new/Data_controller.vhd:560]
     1: i_244/I0 (LUT2)
     2: i_227/O (LUT3)
      [/ihp/departments/D-SYA/work/miglioranza/Encoder/Encoder.srcs/sources_1/new/Data_controller.vhd:560]
     3: i_227/I2 (LUT3)
     4: i_242/O (LUT2)
      [/ihp/departments/D-SYA/work/miglioranza/Encoder/Encoder.srcs/sources_1/new/Data_controller.vhd:560]
     5: i_242/O (LUT2)
CRITICAL WARNING: [Synth 8-295] found timing loop. [/ihp/departments/D-SYA/work/miglioranza/Encoder/Encoder.srcs/sources_1/new/LDPC_encoder.vhd:34]
Inferred a: "set_disable_timing -from I0 -to O i_244"
Found timing loop:
     0: i_242/O (LUT2)
      [/ihp/departments/D-SYA/work/miglioranza/Encoder/Encoder.srcs/sources_1/new/Data_controller.vhd:560]
     1: i_242/I0 (LUT2)
     2: i_230/O (LUT6)
      [/ihp/departments/D-SYA/work/miglioranza/Encoder/Encoder.srcs/sources_1/new/Data_controller.vhd:560]
     3: i_230/I4 (LUT6)
     4: i_242/O (LUT2)
      [/ihp/departments/D-SYA/work/miglioranza/Encoder/Encoder.srcs/sources_1/new/Data_controller.vhd:560]
CRITICAL WARNING: [Synth 8-295] found timing loop. [/ihp/departments/D-SYA/work/miglioranza/Encoder/Encoder.srcs/sources_1/new/LDPC_encoder.vhd:34]
Inferred a: "set_disable_timing -from I0 -to O i_242"
WARNING: [Synth 8-326] inferred exception to break timing loop: 'set_false_path -through i_22/O'
---------------------------------------------------------------------------------
Finished Technology Mapping : Time (s): cpu = 00:00:33 ; elapsed = 00:00:40 . Memory (MB): peak = 3990.508 ; gain = 743.934 ; free physical = 42978 ; free virtual = 102252
---------------------------------------------------------------------------------
---------------------------------------------------------------------------------
Start IO Insertion
---------------------------------------------------------------------------------
---------------------------------------------------------------------------------
Start Flattening Before IO Insertion
---------------------------------------------------------------------------------
---------------------------------------------------------------------------------
Finished Flattening Before IO Insertion
---------------------------------------------------------------------------------
---------------------------------------------------------------------------------
Start Final Netlist Cleanup
---------------------------------------------------------------------------------
---------------------------------------------------------------------------------
Finished Final Netlist Cleanup
---------------------------------------------------------------------------------
---------------------------------------------------------------------------------
Finished IO Insertion : Time (s): cpu = 00:00:36 ; elapsed = 00:00:42 . Memory (MB): peak = 3996.445 ; gain = 749.871 ; free physical = 42977 ; free virtual = 102251
---------------------------------------------------------------------------------
---------------------------------------------------------------------------------
Start Renaming Generated Instances
---------------------------------------------------------------------------------
---------------------------------------------------------------------------------
Finished Renaming Generated Instances : Time (s): cpu = 00:00:36 ; elapsed = 00:00:42 . Memory (MB): peak = 3996.445 ; gain = 749.871 ; free physical = 42977 ; free virtual = 102251
---------------------------------------------------------------------------------
Found timing loop:
     0: \dout_valid[0]_i_2 /O (LUT6)
      [/ihp/departments/D-SYA/work/miglioranza/Encoder/Encoder.srcs/sources_1/new/Data_controller.vhd:195]
     1: \dout_valid[0]_i_2 /I4 (LUT6)
     2: \dout_valid[0]_i_2 /O (LUT6)
CRITICAL WARNING: [Synth 8-295] found timing loop. [/ihp/departments/D-SYA/work/miglioranza/Encoder/Encoder.srcs/sources_1/new/LDPC_encoder.vhd:34]
Inferred a: "set_disable_timing -from I4 -to O \dout_valid[0]_i_2 "
Found timing loop:
     0: \dout_valid[0]_i_3 /O (LUT6)
      [/ihp/departments/D-SYA/work/miglioranza/Encoder/Encoder.srcs/sources_1/new/Data_controller.vhd:195]
     1: \dout_valid[0]_i_3 /I0 (LUT6)
     2: \dout_valid[0]_i_3 /O (LUT6)
CRITICAL WARNING: [Synth 8-295] found timing loop. [/ihp/departments/D-SYA/work/miglioranza/Encoder/Encoder.srcs/sources_1/new/LDPC_encoder.vhd:34]
Inferred a: "set_disable_timing -from I0 -to O \dout_valid[0]_i_3 "
Found timing loop:
     0: \dout_valid[1]_i_3 /O (LUT6)
      [/ihp/departments/D-SYA/work/miglioranza/Encoder/Encoder.srcs/sources_1/new/Data_controller.vhd:321]
     1: \dout_valid[1]_i_3 /I5 (LUT6)
     2: \dout_valid[1]_i_3 /O (LUT6)
CRITICAL WARNING: [Synth 8-295] found timing loop. [/ihp/departments/D-SYA/work/miglioranza/Encoder/Encoder.srcs/sources_1/new/LDPC_encoder.vhd:34]
Inferred a: "set_disable_timing -from I5 -to O \dout_valid[1]_i_3 "
Found timing loop:
     0: \dout_valid[1]_i_2 /O (LUT3)
      [/ihp/departments/D-SYA/work/miglioranza/Encoder/Encoder.srcs/sources_1/new/Data_controller.vhd:321]
     1: \dout_valid[1]_i_2 /I2 (LUT3)
     2: \dout_valid[1]_i_3 /O (LUT6)
      [/ihp/departments/D-SYA/work/miglioranza/Encoder/Encoder.srcs/sources_1/new/Data_controller.vhd:321]
     3: \dout_valid[1]_i_3 /I4 (LUT6)
     4: \dout_valid[1]_i_2 /O (LUT3)
      [/ihp/departments/D-SYA/work/miglioranza/Encoder/Encoder.srcs/sources_1/new/Data_controller.vhd:321]
CRITICAL WARNING: [Synth 8-295] found timing loop. [/ihp/departments/D-SYA/work/miglioranza/Encoder/Encoder.srcs/sources_1/new/LDPC_encoder.vhd:34]
Inferred a: "set_disable_timing -from I2 -to O \dout_valid[1]_i_2 "
Found timing loop:
     0: \dout_valid[1]_i_2 /O (LUT3)
      [/ihp/departments/D-SYA/work/miglioranza/Encoder/Encoder.srcs/sources_1/new/Data_controller.vhd:321]
     1: \dout_valid[1]_i_2 /I1 (LUT3)
     2: \dout_valid[1]_i_2 /O (LUT3)
CRITICAL WARNING: [Synth 8-295] found timing loop. [/ihp/departments/D-SYA/work/miglioranza/Encoder/Encoder.srcs/sources_1/new/LDPC_encoder.vhd:34]
Inferred a: "set_disable_timing -from I1 -to O \dout_valid[1]_i_2 "
Found timing loop:
     0: \dout_valid[3]_i_3 /O (LUT6)
      [/ihp/departments/D-SYA/work/miglioranza/Encoder/Encoder.srcs/sources_1/new/Data_controller.vhd:560]
     1: \dout_valid[3]_i_3 /I4 (LUT6)
     2: \dout_valid[3]_i_3 /O (LUT6)
CRITICAL WARNING: [Synth 8-295] found timing loop. [/ihp/departments/D-SYA/work/miglioranza/Encoder/Encoder.srcs/sources_1/new/LDPC_encoder.vhd:34]
Inferred a: "set_disable_timing -from I4 -to O \dout_valid[3]_i_3 "
Found timing loop:
     0: \dout_valid[3]_i_2 /O (LUT3)
      [/ihp/departments/D-SYA/work/miglioranza/Encoder/Encoder.srcs/sources_1/new/Data_controller.vhd:560]
     1: \dout_valid[3]_i_2 /I2 (LUT3)
     2: \dout_valid[3]_i_3 /O (LUT6)
      [/ihp/departments/D-SYA/work/miglioranza/Encoder/Encoder.srcs/sources_1/new/Data_controller.vhd:560]
     3: \dout_valid[3]_i_3 /I3 (LUT6)
     4: \dout_valid[3]_i_2 /O (LUT3)
      [/ihp/departments/D-SYA/work/miglioranza/Encoder/Encoder.srcs/sources_1/new/Data_controller.vhd:560]
CRITICAL WARNING: [Synth 8-295] found timing loop. [/ihp/departments/D-SYA/work/miglioranza/Encoder/Encoder.srcs/sources_1/new/LDPC_encoder.vhd:34]
Inferred a: "set_disable_timing -from I2 -to O \dout_valid[3]_i_2 "
Found timing loop:
     0: \dout_valid[3]_i_2 /O (LUT3)
      [/ihp/departments/D-SYA/work/miglioranza/Encoder/Encoder.srcs/sources_1/new/Data_controller.vhd:560]
     1: \dout_valid[3]_i_2 /I1 (LUT3)
     2: \dout_valid[3]_i_2 /O (LUT3)
CRITICAL WARNING: [Synth 8-295] found timing loop. [/ihp/departments/D-SYA/work/miglioranza/Encoder/Encoder.srcs/sources_1/new/LDPC_encoder.vhd:34]
Inferred a: "set_disable_timing -from I1 -to O \dout_valid[3]_i_2 "
Found timing loop:
     0: \dout_valid[2]_i_3 /O (LUT4)
      [/ihp/departments/D-SYA/work/miglioranza/Encoder/Encoder.srcs/sources_1/new/Data_controller.vhd:447]
     1: \dout_valid[2]_i_3 /I1 (LUT4)
     2: \dout_valid[2]_i_3 /O (LUT4)
CRITICAL WARNING: [Synth 8-295] found timing loop. [/ihp/departments/D-SYA/work/miglioranza/Encoder/Encoder.srcs/sources_1/new/LDPC_encoder.vhd:34]
Inferred a: "set_disable_timing -from I1 -to O \dout_valid[2]_i_3 "
Found timing loop:
     0: \dout_valid[2]_i_3 /O (LUT4)
      [/ihp/departments/D-SYA/work/miglioranza/Encoder/Encoder.srcs/sources_1/new/Data_controller.vhd:447]
     1: \dout_valid[2]_i_3 /I0 (LUT4)
     2: \dout_valid[2]_i_2 /O (LUT3)
      [/ihp/departments/D-SYA/work/miglioranza/Encoder/Encoder.srcs/sources_1/new/Data_controller.vhd:447]
     3: \dout_valid[2]_i_2 /I2 (LUT3)
     4: \dout_valid[2]_i_3 /O (LUT4)
      [/ihp/departments/D-SYA/work/miglioranza/Encoder/Encoder.srcs/sources_1/new/Data_controller.vhd:447]
CRITICAL WARNING: [Synth 8-295] found timing loop. [/ihp/departments/D-SYA/work/miglioranza/Encoder/Encoder.srcs/sources_1/new/LDPC_encoder.vhd:34]
Inferred a: "set_disable_timing -from I0 -to O \dout_valid[2]_i_3 "
Found timing loop:
     0: \dout_valid[2]_i_2 /O (LUT3)
      [/ihp/departments/D-SYA/work/miglioranza/Encoder/Encoder.srcs/sources_1/new/Data_controller.vhd:447]
     1: \dout_valid[2]_i_2 /I2 (LUT3)
     2: \dout_valid[2]_i_3 /O (LUT4)
      [/ihp/departments/D-SYA/work/miglioranza/Encoder/Encoder.srcs/sources_1/new/Data_controller.vhd:447]
     3: \dout_valid[2]_i_3 /O (LUT4)
CRITICAL WARNING: [Synth 8-295] found timing loop. [/ihp/departments/D-SYA/work/miglioranza/Encoder/Encoder.srcs/sources_1/new/LDPC_encoder.vhd:34]
Inferred a: "set_disable_timing -from I2 -to O \dout_valid[2]_i_2 "
WARNING: [Synth 8-326] inferred exception to break timing loop: 'set_false_path -through \dout_valid[0]_i_2 /O'
---------------------------------------------------------------------------------
Start Rebuilding User Hierarchy
---------------------------------------------------------------------------------
---------------------------------------------------------------------------------
Finished Rebuilding User Hierarchy : Time (s): cpu = 00:00:36 ; elapsed = 00:00:42 . Memory (MB): peak = 3996.445 ; gain = 749.871 ; free physical = 42977 ; free virtual = 102251
---------------------------------------------------------------------------------
---------------------------------------------------------------------------------
Start Renaming Generated Ports
---------------------------------------------------------------------------------
---------------------------------------------------------------------------------
Finished Renaming Generated Ports : Time (s): cpu = 00:00:36 ; elapsed = 00:00:42 . Memory (MB): peak = 3996.445 ; gain = 749.871 ; free physical = 42977 ; free virtual = 102251
---------------------------------------------------------------------------------
---------------------------------------------------------------------------------
Start Handling Custom Attributes
---------------------------------------------------------------------------------
---------------------------------------------------------------------------------
Finished Handling Custom Attributes : Time (s): cpu = 00:00:36 ; elapsed = 00:00:42 . Memory (MB): peak = 3996.445 ; gain = 749.871 ; free physical = 42977 ; free virtual = 102251
---------------------------------------------------------------------------------
---------------------------------------------------------------------------------
Start Renaming Generated Nets
---------------------------------------------------------------------------------
---------------------------------------------------------------------------------
Finished Renaming Generated Nets : Time (s): cpu = 00:00:36 ; elapsed = 00:00:42 . Memory (MB): peak = 3996.445 ; gain = 749.871 ; free physical = 42977 ; free virtual = 102251
---------------------------------------------------------------------------------
---------------------------------------------------------------------------------
Start Writing Synthesis Report
---------------------------------------------------------------------------------

Report BlackBoxes: 
+------+-----------------+----------+
|      |BlackBox name    |Instances |
+------+-----------------+----------+
|1     |sd_fec_0         |         4|
|2     |axis_data_fifo_0 |         4|
|3     |axis_data_fifo_1 |         4|
+------+-----------------+----------+

Report Cell Usage: 
+------+----------------------+------+
|      |Cell                  |Count |
+------+----------------------+------+
|1     |axis_data_fifo_0_bbox |     4|
|5     |axis_data_fifo_1_bbox |     4|
|9     |sd_fec_0_bbox         |     4|
|13    |BUFG                  |     1|
|14    |LUT2                  |    33|
|15    |LUT3                  |    61|
|16    |LUT4                  |    47|
|17    |LUT5                  |    26|
|18    |LUT6                  |    61|
|19    |FDCE                  |   163|
|20    |IBUF                  |    39|
|21    |OBUF                  |   132|
|22    |OBUFT                 |     3|
+------+----------------------+------+
---------------------------------------------------------------------------------
Finished Writing Synthesis Report : Time (s): cpu = 00:00:36 ; elapsed = 00:00:43 . Memory (MB): peak = 3996.445 ; gain = 749.871 ; free physical = 42977 ; free virtual = 102251
---------------------------------------------------------------------------------
Synthesis finished with 0 errors, 37 critical warnings and 17 warnings.
Synthesis Optimization Runtime : Time (s): cpu = 00:00:28 ; elapsed = 00:00:34 . Memory (MB): peak = 3996.445 ; gain = 553.246 ; free physical = 43013 ; free virtual = 102288
Synthesis Optimization Complete : Time (s): cpu = 00:00:36 ; elapsed = 00:00:43 . Memory (MB): peak = 3996.453 ; gain = 749.871 ; free physical = 43013 ; free virtual = 102288
INFO: [Project 1-571] Translating synthesized netlist
Netlist sorting complete. Time (s): cpu = 00:00:00 ; elapsed = 00:00:00.01 . Memory (MB): peak = 4008.414 ; gain = 0.000 ; free physical = 43111 ; free virtual = 102385
INFO: [Netlist 29-17] Analyzing 40 Unisim elements for replacement
INFO: [Netlist 29-28] Unisim Transformation completed in 0 CPU seconds
INFO: [Project 1-570] Preparing netlist for logic optimization
INFO: [Opt 31-138] Pushed 0 inverter(s) to 0 load pin(s).
Netlist sorting complete. Time (s): cpu = 00:00:00 ; elapsed = 00:00:00 . Memory (MB): peak = 4092.152 ; gain = 0.000 ; free physical = 43032 ; free virtual = 102306
INFO: [Project 1-111] Unisim Transformation Summary:
  A total of 40 instances were transformed.
  BUFG => BUFGCE: 1 instance 
  IBUF => IBUF (IBUFCTRL, INBUF): 39 instances

Synth Design complete, checksum: 9c6da2ba
INFO: [Common 17-83] Releasing license: Synthesis
39 Infos, 51 Warnings, 37 Critical Warnings and 0 Errors encountered.
synth_design completed successfully
synth_design: Time (s): cpu = 00:00:49 ; elapsed = 00:01:25 . Memory (MB): peak = 4092.152 ; gain = 999.234 ; free physical = 43174 ; free virtual = 102448
INFO: [runtcl-6] Synthesis results are not added to the cache due to CRITICAL_WARNING
INFO: [Common 17-1381] The checkpoint '/ihp/departments/D-SYA/work/miglioranza/Encoder/Encoder.runs/synth_2/LDPC_encoder.dcp' has been generated.
INFO: [runtcl-4] Executing : report_utilization -file LDPC_encoder_utilization_synth.rpt -pb LDPC_encoder_utilization_synth.pb
INFO: [Common 17-206] Exiting Vivado at Tue Aug 19 15:54:45 2025...
