
*** Running vivado
    with args -log LDPC_encoder.vds -m64 -product Vivado -mode batch -messageDb vivado.pb -notrace -source LDPC_encoder.tcl


****** Vivado v2021.2 (64-bit)
  **** SW Build 3367213 on Tue Oct 19 02:47:39 MDT 2021
  **** IP Build 3369179 on Thu Oct 21 08:25:16 MDT 2021
    ** Copyright 1986-2021 Xilinx, Inc. All Rights Reserved.

source LDPC_encoder.tcl -notrace
create_project: Time (s): cpu = 00:00:09 ; elapsed = 00:00:09 . Memory (MB): peak = 3066.770 ; gain = 2.016 ; free physical = 49498 ; free virtual = 104537
Command: read_checkpoint -auto_incremental -incremental /ihp/departments/D-SYA/work/miglioranza/Encoder/Encoder.srcs/utils_1/imports/synth_1/LDPC_encoder.dcp
INFO: [Vivado 12-5825] Read reference checkpoint from /ihp/departments/D-SYA/work/miglioranza/Encoder/Encoder.srcs/utils_1/imports/synth_1/LDPC_encoder.dcp for incremental synthesis
INFO: [Vivado 12-7989] Please ensure there are no constraint changes
Command: synth_design -top LDPC_encoder -part xczu28dr-ffvg1517-2-e
Starting synth_design
Attempting to get a license for feature 'Synthesis' and/or device 'xczu28dr'
INFO: [Common 17-349] Got license for feature 'Synthesis' and/or device 'xczu28dr'
INFO: [Device 21-403] Loading part xczu28dr-ffvg1517-2-e
WARNING: [Designutils 20-4072] Reference run did not run incremental synthesis because the design is too small; reverting to default synthesis
INFO: [Designutils 20-4379] Flow is switching to default flow due to incremental criteria not met. If you would like to alter this behaviour and have the flow terminate instead, please set the following parameter config_implementation {autoIncr.Synth.RejectBehavior Terminate}
INFO: [Synth 8-7079] Multithreading enabled for synth_design using a maximum of 4 processes.
INFO: [Synth 8-7078] Launching helper process for spawning children vivado processes
INFO: [Synth 8-7075] Helper process launched with PID 3011187
---------------------------------------------------------------------------------
Starting RTL Elaboration : Time (s): cpu = 00:00:05 ; elapsed = 00:00:06 . Memory (MB): peak = 3477.262 ; gain = 229.688 ; free physical = 47732 ; free virtual = 102772
---------------------------------------------------------------------------------
INFO: [Synth 8-638] synthesizing module 'LDPC_encoder' [/ihp/departments/D-SYA/work/miglioranza/Encoder/Encoder.srcs/sources_1/new/LDPC_encoder.vhd:61]
WARNING: [Synth 8-5640] Port 'm_axis_tlast' is missing in component declaration [/ihp/departments/D-SYA/work/miglioranza/Encoder/Encoder.srcs/sources_1/new/LDPC_encoder.vhd:65]
INFO: [Synth 8-3491] module 'axis_data_fifo_0' declared at '/ihp/departments/D-SYA/work/miglioranza/Encoder/Encoder.runs/synth_1/.Xil/Vivado-3010256-uxsrv005/realtime/axis_data_fifo_0_stub.vhdl:5' bound to instance 'input_fifo' of component 'axis_data_fifo_0' [/ihp/departments/D-SYA/work/miglioranza/Encoder/Encoder.srcs/sources_1/new/LDPC_encoder.vhd:129]
INFO: [Synth 8-638] synthesizing module 'axis_data_fifo_0' [/ihp/departments/D-SYA/work/miglioranza/Encoder/Encoder.runs/synth_1/.Xil/Vivado-3010256-uxsrv005/realtime/axis_data_fifo_0_stub.vhdl:21]
WARNING: [Synth 8-5640] Port 'm_axis_tlast' is missing in component declaration [/ihp/departments/D-SYA/work/miglioranza/Encoder/Encoder.srcs/sources_1/new/LDPC_encoder.vhd:65]
INFO: [Synth 8-3491] module 'axis_data_fifo_0' declared at '/ihp/departments/D-SYA/work/miglioranza/Encoder/Encoder.runs/synth_1/.Xil/Vivado-3010256-uxsrv005/realtime/axis_data_fifo_0_stub.vhdl:5' bound to instance 'input_fifo' of component 'axis_data_fifo_0' [/ihp/departments/D-SYA/work/miglioranza/Encoder/Encoder.srcs/sources_1/new/LDPC_encoder.vhd:129]
WARNING: [Synth 8-5640] Port 'm_axis_tlast' is missing in component declaration [/ihp/departments/D-SYA/work/miglioranza/Encoder/Encoder.srcs/sources_1/new/LDPC_encoder.vhd:65]
INFO: [Synth 8-3491] module 'axis_data_fifo_0' declared at '/ihp/departments/D-SYA/work/miglioranza/Encoder/Encoder.runs/synth_1/.Xil/Vivado-3010256-uxsrv005/realtime/axis_data_fifo_0_stub.vhdl:5' bound to instance 'input_fifo' of component 'axis_data_fifo_0' [/ihp/departments/D-SYA/work/miglioranza/Encoder/Encoder.srcs/sources_1/new/LDPC_encoder.vhd:129]
WARNING: [Synth 8-5640] Port 'm_axis_tlast' is missing in component declaration [/ihp/departments/D-SYA/work/miglioranza/Encoder/Encoder.srcs/sources_1/new/LDPC_encoder.vhd:65]
INFO: [Synth 8-3491] module 'axis_data_fifo_0' declared at '/ihp/departments/D-SYA/work/miglioranza/Encoder/Encoder.runs/synth_1/.Xil/Vivado-3010256-uxsrv005/realtime/axis_data_fifo_0_stub.vhdl:5' bound to instance 'input_fifo' of component 'axis_data_fifo_0' [/ihp/departments/D-SYA/work/miglioranza/Encoder/Encoder.srcs/sources_1/new/LDPC_encoder.vhd:129]
INFO: [Synth 8-3491] module 'Cores_controller' declared at '/ihp/departments/D-SYA/work/miglioranza/Encoder/Encoder.srcs/sources_1/new/Cores_controller.vhd:34' bound to instance 'Cores_Contr' of component 'Cores_controller' [/ihp/departments/D-SYA/work/miglioranza/Encoder/Encoder.srcs/sources_1/new/LDPC_encoder.vhd:144]
INFO: [Synth 8-638] synthesizing module 'Cores_controller' [/ihp/departments/D-SYA/work/miglioranza/Encoder/Encoder.srcs/sources_1/new/Cores_controller.vhd:67]
INFO: [Synth 8-3491] module 'sd_fec_0' declared at '/ihp/departments/D-SYA/work/miglioranza/Encoder/Encoder.runs/synth_1/.Xil/Vivado-3010256-uxsrv005/realtime/sd_fec_0_stub.vhdl:5' bound to instance 'inst' of component 'sd_fec_0' [/ihp/departments/D-SYA/work/miglioranza/Encoder/Encoder.srcs/sources_1/new/Cores_controller.vhd:119]
INFO: [Synth 8-638] synthesizing module 'sd_fec_0' [/ihp/departments/D-SYA/work/miglioranza/Encoder/Encoder.runs/synth_1/.Xil/Vivado-3010256-uxsrv005/realtime/sd_fec_0_stub.vhdl:32]
INFO: [Synth 8-3491] module 'sd_fec_0' declared at '/ihp/departments/D-SYA/work/miglioranza/Encoder/Encoder.runs/synth_1/.Xil/Vivado-3010256-uxsrv005/realtime/sd_fec_0_stub.vhdl:5' bound to instance 'inst' of component 'sd_fec_0' [/ihp/departments/D-SYA/work/miglioranza/Encoder/Encoder.srcs/sources_1/new/Cores_controller.vhd:119]
INFO: [Synth 8-3491] module 'sd_fec_0' declared at '/ihp/departments/D-SYA/work/miglioranza/Encoder/Encoder.runs/synth_1/.Xil/Vivado-3010256-uxsrv005/realtime/sd_fec_0_stub.vhdl:5' bound to instance 'inst' of component 'sd_fec_0' [/ihp/departments/D-SYA/work/miglioranza/Encoder/Encoder.srcs/sources_1/new/Cores_controller.vhd:119]
INFO: [Synth 8-3491] module 'sd_fec_0' declared at '/ihp/departments/D-SYA/work/miglioranza/Encoder/Encoder.runs/synth_1/.Xil/Vivado-3010256-uxsrv005/realtime/sd_fec_0_stub.vhdl:5' bound to instance 'inst' of component 'sd_fec_0' [/ihp/departments/D-SYA/work/miglioranza/Encoder/Encoder.srcs/sources_1/new/Cores_controller.vhd:119]
WARNING: [Synth 8-614] signal 'state' is read in the process but is not in the sensitivity list [/ihp/departments/D-SYA/work/miglioranza/Encoder/Encoder.srcs/sources_1/new/Cores_controller.vhd:162]
WARNING: [Synth 8-614] signal 'state' is read in the process but is not in the sensitivity list [/ihp/departments/D-SYA/work/miglioranza/Encoder/Encoder.srcs/sources_1/new/Cores_controller.vhd:216]
WARNING: [Synth 8-614] signal 'data_input1' is read in the process but is not in the sensitivity list [/ihp/departments/D-SYA/work/miglioranza/Encoder/Encoder.srcs/sources_1/new/Cores_controller.vhd:216]
WARNING: [Synth 8-614] signal 'state' is read in the process but is not in the sensitivity list [/ihp/departments/D-SYA/work/miglioranza/Encoder/Encoder.srcs/sources_1/new/Cores_controller.vhd:269]
WARNING: [Synth 8-614] signal 'data_input2' is read in the process but is not in the sensitivity list [/ihp/departments/D-SYA/work/miglioranza/Encoder/Encoder.srcs/sources_1/new/Cores_controller.vhd:269]
WARNING: [Synth 8-614] signal 'state' is read in the process but is not in the sensitivity list [/ihp/departments/D-SYA/work/miglioranza/Encoder/Encoder.srcs/sources_1/new/Cores_controller.vhd:321]
WARNING: [Synth 8-614] signal 'data_input3' is read in the process but is not in the sensitivity list [/ihp/departments/D-SYA/work/miglioranza/Encoder/Encoder.srcs/sources_1/new/Cores_controller.vhd:321]
WARNING: [Synth 8-3848] Net dout_data0 in module/entity Cores_controller does not have driver. [/ihp/departments/D-SYA/work/miglioranza/Encoder/Encoder.srcs/sources_1/new/Cores_controller.vhd:57]
WARNING: [Synth 8-3848] Net dout_data1 in module/entity Cores_controller does not have driver. [/ihp/departments/D-SYA/work/miglioranza/Encoder/Encoder.srcs/sources_1/new/Cores_controller.vhd:58]
WARNING: [Synth 8-3848] Net dout_data2 in module/entity Cores_controller does not have driver. [/ihp/departments/D-SYA/work/miglioranza/Encoder/Encoder.srcs/sources_1/new/Cores_controller.vhd:59]
WARNING: [Synth 8-3848] Net dout_data3 in module/entity Cores_controller does not have driver. [/ihp/departments/D-SYA/work/miglioranza/Encoder/Encoder.srcs/sources_1/new/Cores_controller.vhd:60]
WARNING: [Synth 8-3848] Net last_frame in module/entity Cores_controller does not have driver. [/ihp/departments/D-SYA/work/miglioranza/Encoder/Encoder.srcs/sources_1/new/Cores_controller.vhd:62]
INFO: [Synth 8-256] done synthesizing module 'Cores_controller' (1#1) [/ihp/departments/D-SYA/work/miglioranza/Encoder/Encoder.srcs/sources_1/new/Cores_controller.vhd:67]
WARNING: [Synth 8-5640] Port 'm_axis_tlast' is missing in component declaration [/ihp/departments/D-SYA/work/miglioranza/Encoder/Encoder.srcs/sources_1/new/LDPC_encoder.vhd:65]
INFO: [Synth 8-3491] module 'axis_data_fifo_0' declared at '/ihp/departments/D-SYA/work/miglioranza/Encoder/Encoder.runs/synth_1/.Xil/Vivado-3010256-uxsrv005/realtime/axis_data_fifo_0_stub.vhdl:5' bound to instance 'output_fifo' of component 'axis_data_fifo_0' [/ihp/departments/D-SYA/work/miglioranza/Encoder/Encoder.srcs/sources_1/new/LDPC_encoder.vhd:169]
WARNING: [Synth 8-5640] Port 'm_axis_tlast' is missing in component declaration [/ihp/departments/D-SYA/work/miglioranza/Encoder/Encoder.srcs/sources_1/new/LDPC_encoder.vhd:65]
INFO: [Synth 8-3491] module 'axis_data_fifo_0' declared at '/ihp/departments/D-SYA/work/miglioranza/Encoder/Encoder.runs/synth_1/.Xil/Vivado-3010256-uxsrv005/realtime/axis_data_fifo_0_stub.vhdl:5' bound to instance 'output_fifo' of component 'axis_data_fifo_0' [/ihp/departments/D-SYA/work/miglioranza/Encoder/Encoder.srcs/sources_1/new/LDPC_encoder.vhd:169]
WARNING: [Synth 8-5640] Port 'm_axis_tlast' is missing in component declaration [/ihp/departments/D-SYA/work/miglioranza/Encoder/Encoder.srcs/sources_1/new/LDPC_encoder.vhd:65]
INFO: [Synth 8-3491] module 'axis_data_fifo_0' declared at '/ihp/departments/D-SYA/work/miglioranza/Encoder/Encoder.runs/synth_1/.Xil/Vivado-3010256-uxsrv005/realtime/axis_data_fifo_0_stub.vhdl:5' bound to instance 'output_fifo' of component 'axis_data_fifo_0' [/ihp/departments/D-SYA/work/miglioranza/Encoder/Encoder.srcs/sources_1/new/LDPC_encoder.vhd:169]
WARNING: [Synth 8-5640] Port 'm_axis_tlast' is missing in component declaration [/ihp/departments/D-SYA/work/miglioranza/Encoder/Encoder.srcs/sources_1/new/LDPC_encoder.vhd:65]
INFO: [Synth 8-3491] module 'axis_data_fifo_0' declared at '/ihp/departments/D-SYA/work/miglioranza/Encoder/Encoder.runs/synth_1/.Xil/Vivado-3010256-uxsrv005/realtime/axis_data_fifo_0_stub.vhdl:5' bound to instance 'output_fifo' of component 'axis_data_fifo_0' [/ihp/departments/D-SYA/work/miglioranza/Encoder/Encoder.srcs/sources_1/new/LDPC_encoder.vhd:169]
WARNING: [Synth 8-3848] Net data_out_ready in module/entity LDPC_encoder does not have driver. [/ihp/departments/D-SYA/work/miglioranza/Encoder/Encoder.srcs/sources_1/new/LDPC_encoder.vhd:52]
WARNING: [Synth 8-3848] Net data_out_valid in module/entity LDPC_encoder does not have driver. [/ihp/departments/D-SYA/work/miglioranza/Encoder/Encoder.srcs/sources_1/new/LDPC_encoder.vhd:53]
WARNING: [Synth 8-3848] Net data_out_last in module/entity LDPC_encoder does not have driver. [/ihp/departments/D-SYA/work/miglioranza/Encoder/Encoder.srcs/sources_1/new/LDPC_encoder.vhd:54]
WARNING: [Synth 8-3848] Net current_cr in module/entity LDPC_encoder does not have driver. [/ihp/departments/D-SYA/work/miglioranza/Encoder/Encoder.srcs/sources_1/new/LDPC_encoder.vhd:55]
WARNING: [Synth 8-3848] Net last_frame in module/entity LDPC_encoder does not have driver. [/ihp/departments/D-SYA/work/miglioranza/Encoder/Encoder.srcs/sources_1/new/LDPC_encoder.vhd:56]
INFO: [Synth 8-256] done synthesizing module 'LDPC_encoder' (2#1) [/ihp/departments/D-SYA/work/miglioranza/Encoder/Encoder.srcs/sources_1/new/LDPC_encoder.vhd:61]
WARNING: [Synth 8-7129] Port dout_data0[31] in module Cores_controller is either unconnected or has no load
WARNING: [Synth 8-7129] Port dout_data0[30] in module Cores_controller is either unconnected or has no load
WARNING: [Synth 8-7129] Port dout_data0[29] in module Cores_controller is either unconnected or has no load
WARNING: [Synth 8-7129] Port dout_data0[28] in module Cores_controller is either unconnected or has no load
WARNING: [Synth 8-7129] Port dout_data0[27] in module Cores_controller is either unconnected or has no load
WARNING: [Synth 8-7129] Port dout_data0[26] in module Cores_controller is either unconnected or has no load
WARNING: [Synth 8-7129] Port dout_data0[25] in module Cores_controller is either unconnected or has no load
WARNING: [Synth 8-7129] Port dout_data0[24] in module Cores_controller is either unconnected or has no load
WARNING: [Synth 8-7129] Port dout_data0[23] in module Cores_controller is either unconnected or has no load
WARNING: [Synth 8-7129] Port dout_data0[22] in module Cores_controller is either unconnected or has no load
WARNING: [Synth 8-7129] Port dout_data0[21] in module Cores_controller is either unconnected or has no load
WARNING: [Synth 8-7129] Port dout_data0[20] in module Cores_controller is either unconnected or has no load
WARNING: [Synth 8-7129] Port dout_data0[19] in module Cores_controller is either unconnected or has no load
WARNING: [Synth 8-7129] Port dout_data0[18] in module Cores_controller is either unconnected or has no load
WARNING: [Synth 8-7129] Port dout_data0[17] in module Cores_controller is either unconnected or has no load
WARNING: [Synth 8-7129] Port dout_data0[16] in module Cores_controller is either unconnected or has no load
WARNING: [Synth 8-7129] Port dout_data0[15] in module Cores_controller is either unconnected or has no load
WARNING: [Synth 8-7129] Port dout_data0[14] in module Cores_controller is either unconnected or has no load
WARNING: [Synth 8-7129] Port dout_data0[13] in module Cores_controller is either unconnected or has no load
WARNING: [Synth 8-7129] Port dout_data0[12] in module Cores_controller is either unconnected or has no load
WARNING: [Synth 8-7129] Port dout_data0[11] in module Cores_controller is either unconnected or has no load
WARNING: [Synth 8-7129] Port dout_data0[10] in module Cores_controller is either unconnected or has no load
WARNING: [Synth 8-7129] Port dout_data0[9] in module Cores_controller is either unconnected or has no load
WARNING: [Synth 8-7129] Port dout_data0[8] in module Cores_controller is either unconnected or has no load
WARNING: [Synth 8-7129] Port dout_data0[7] in module Cores_controller is either unconnected or has no load
WARNING: [Synth 8-7129] Port dout_data0[6] in module Cores_controller is either unconnected or has no load
WARNING: [Synth 8-7129] Port dout_data0[5] in module Cores_controller is either unconnected or has no load
WARNING: [Synth 8-7129] Port dout_data0[4] in module Cores_controller is either unconnected or has no load
WARNING: [Synth 8-7129] Port dout_data0[3] in module Cores_controller is either unconnected or has no load
WARNING: [Synth 8-7129] Port dout_data0[2] in module Cores_controller is either unconnected or has no load
WARNING: [Synth 8-7129] Port dout_data0[1] in module Cores_controller is either unconnected or has no load
WARNING: [Synth 8-7129] Port dout_data0[0] in module Cores_controller is either unconnected or has no load
WARNING: [Synth 8-7129] Port dout_data1[31] in module Cores_controller is either unconnected or has no load
WARNING: [Synth 8-7129] Port dout_data1[30] in module Cores_controller is either unconnected or has no load
WARNING: [Synth 8-7129] Port dout_data1[29] in module Cores_controller is either unconnected or has no load
WARNING: [Synth 8-7129] Port dout_data1[28] in module Cores_controller is either unconnected or has no load
WARNING: [Synth 8-7129] Port dout_data1[27] in module Cores_controller is either unconnected or has no load
WARNING: [Synth 8-7129] Port dout_data1[26] in module Cores_controller is either unconnected or has no load
WARNING: [Synth 8-7129] Port dout_data1[25] in module Cores_controller is either unconnected or has no load
WARNING: [Synth 8-7129] Port dout_data1[24] in module Cores_controller is either unconnected or has no load
WARNING: [Synth 8-7129] Port dout_data1[23] in module Cores_controller is either unconnected or has no load
WARNING: [Synth 8-7129] Port dout_data1[22] in module Cores_controller is either unconnected or has no load
WARNING: [Synth 8-7129] Port dout_data1[21] in module Cores_controller is either unconnected or has no load
WARNING: [Synth 8-7129] Port dout_data1[20] in module Cores_controller is either unconnected or has no load
WARNING: [Synth 8-7129] Port dout_data1[19] in module Cores_controller is either unconnected or has no load
WARNING: [Synth 8-7129] Port dout_data1[18] in module Cores_controller is either unconnected or has no load
WARNING: [Synth 8-7129] Port dout_data1[17] in module Cores_controller is either unconnected or has no load
WARNING: [Synth 8-7129] Port dout_data1[16] in module Cores_controller is either unconnected or has no load
WARNING: [Synth 8-7129] Port dout_data1[15] in module Cores_controller is either unconnected or has no load
WARNING: [Synth 8-7129] Port dout_data1[14] in module Cores_controller is either unconnected or has no load
WARNING: [Synth 8-7129] Port dout_data1[13] in module Cores_controller is either unconnected or has no load
WARNING: [Synth 8-7129] Port dout_data1[12] in module Cores_controller is either unconnected or has no load
WARNING: [Synth 8-7129] Port dout_data1[11] in module Cores_controller is either unconnected or has no load
WARNING: [Synth 8-7129] Port dout_data1[10] in module Cores_controller is either unconnected or has no load
WARNING: [Synth 8-7129] Port dout_data1[9] in module Cores_controller is either unconnected or has no load
WARNING: [Synth 8-7129] Port dout_data1[8] in module Cores_controller is either unconnected or has no load
WARNING: [Synth 8-7129] Port dout_data1[7] in module Cores_controller is either unconnected or has no load
WARNING: [Synth 8-7129] Port dout_data1[6] in module Cores_controller is either unconnected or has no load
WARNING: [Synth 8-7129] Port dout_data1[5] in module Cores_controller is either unconnected or has no load
WARNING: [Synth 8-7129] Port dout_data1[4] in module Cores_controller is either unconnected or has no load
WARNING: [Synth 8-7129] Port dout_data1[3] in module Cores_controller is either unconnected or has no load
WARNING: [Synth 8-7129] Port dout_data1[2] in module Cores_controller is either unconnected or has no load
WARNING: [Synth 8-7129] Port dout_data1[1] in module Cores_controller is either unconnected or has no load
WARNING: [Synth 8-7129] Port dout_data1[0] in module Cores_controller is either unconnected or has no load
WARNING: [Synth 8-7129] Port dout_data2[31] in module Cores_controller is either unconnected or has no load
WARNING: [Synth 8-7129] Port dout_data2[30] in module Cores_controller is either unconnected or has no load
WARNING: [Synth 8-7129] Port dout_data2[29] in module Cores_controller is either unconnected or has no load
WARNING: [Synth 8-7129] Port dout_data2[28] in module Cores_controller is either unconnected or has no load
WARNING: [Synth 8-7129] Port dout_data2[27] in module Cores_controller is either unconnected or has no load
WARNING: [Synth 8-7129] Port dout_data2[26] in module Cores_controller is either unconnected or has no load
WARNING: [Synth 8-7129] Port dout_data2[25] in module Cores_controller is either unconnected or has no load
WARNING: [Synth 8-7129] Port dout_data2[24] in module Cores_controller is either unconnected or has no load
WARNING: [Synth 8-7129] Port dout_data2[23] in module Cores_controller is either unconnected or has no load
WARNING: [Synth 8-7129] Port dout_data2[22] in module Cores_controller is either unconnected or has no load
WARNING: [Synth 8-7129] Port dout_data2[21] in module Cores_controller is either unconnected or has no load
WARNING: [Synth 8-7129] Port dout_data2[20] in module Cores_controller is either unconnected or has no load
WARNING: [Synth 8-7129] Port dout_data2[19] in module Cores_controller is either unconnected or has no load
WARNING: [Synth 8-7129] Port dout_data2[18] in module Cores_controller is either unconnected or has no load
WARNING: [Synth 8-7129] Port dout_data2[17] in module Cores_controller is either unconnected or has no load
WARNING: [Synth 8-7129] Port dout_data2[16] in module Cores_controller is either unconnected or has no load
WARNING: [Synth 8-7129] Port dout_data2[15] in module Cores_controller is either unconnected or has no load
WARNING: [Synth 8-7129] Port dout_data2[14] in module Cores_controller is either unconnected or has no load
WARNING: [Synth 8-7129] Port dout_data2[13] in module Cores_controller is either unconnected or has no load
WARNING: [Synth 8-7129] Port dout_data2[12] in module Cores_controller is either unconnected or has no load
WARNING: [Synth 8-7129] Port dout_data2[11] in module Cores_controller is either unconnected or has no load
WARNING: [Synth 8-7129] Port dout_data2[10] in module Cores_controller is either unconnected or has no load
WARNING: [Synth 8-7129] Port dout_data2[9] in module Cores_controller is either unconnected or has no load
WARNING: [Synth 8-7129] Port dout_data2[8] in module Cores_controller is either unconnected or has no load
WARNING: [Synth 8-7129] Port dout_data2[7] in module Cores_controller is either unconnected or has no load
WARNING: [Synth 8-7129] Port dout_data2[6] in module Cores_controller is either unconnected or has no load
WARNING: [Synth 8-7129] Port dout_data2[5] in module Cores_controller is either unconnected or has no load
WARNING: [Synth 8-7129] Port dout_data2[4] in module Cores_controller is either unconnected or has no load
WARNING: [Synth 8-7129] Port dout_data2[3] in module Cores_controller is either unconnected or has no load
WARNING: [Synth 8-7129] Port dout_data2[2] in module Cores_controller is either unconnected or has no load
WARNING: [Synth 8-7129] Port dout_data2[1] in module Cores_controller is either unconnected or has no load
WARNING: [Synth 8-7129] Port dout_data2[0] in module Cores_controller is either unconnected or has no load
WARNING: [Synth 8-7129] Port dout_data3[31] in module Cores_controller is either unconnected or has no load
WARNING: [Synth 8-7129] Port dout_data3[30] in module Cores_controller is either unconnected or has no load
WARNING: [Synth 8-7129] Port dout_data3[29] in module Cores_controller is either unconnected or has no load
WARNING: [Synth 8-7129] Port dout_data3[28] in module Cores_controller is either unconnected or has no load
INFO: [Common 17-14] Message 'Synth 8-7129' appears 100 times and further instances of the messages will be disabled. Use the Tcl command set_msg_config to change the current settings.
---------------------------------------------------------------------------------
Finished RTL Elaboration : Time (s): cpu = 00:00:08 ; elapsed = 00:00:09 . Memory (MB): peak = 3521.199 ; gain = 273.625 ; free physical = 48235 ; free virtual = 103275
---------------------------------------------------------------------------------
---------------------------------------------------------------------------------
Start Handling Custom Attributes
---------------------------------------------------------------------------------
---------------------------------------------------------------------------------
Finished Handling Custom Attributes : Time (s): cpu = 00:00:09 ; elapsed = 00:00:10 . Memory (MB): peak = 3539.012 ; gain = 291.438 ; free physical = 48229 ; free virtual = 103270
---------------------------------------------------------------------------------
---------------------------------------------------------------------------------
Finished RTL Optimization Phase 1 : Time (s): cpu = 00:00:09 ; elapsed = 00:00:10 . Memory (MB): peak = 3539.012 ; gain = 291.438 ; free physical = 48229 ; free virtual = 103270
---------------------------------------------------------------------------------
Netlist sorting complete. Time (s): cpu = 00:00:00.02 ; elapsed = 00:00:00.02 . Memory (MB): peak = 3539.012 ; gain = 0.000 ; free physical = 48223 ; free virtual = 103264
INFO: [Project 1-570] Preparing netlist for logic optimization

Processing XDC Constraints
Initializing timing engine
Parsing XDC File [/ihp/departments/D-SYA/work/miglioranza/Encoder/Encoder.gen/sources_1/ip/axis_data_fifo_0/axis_data_fifo_0/axis_data_fifo_0_in_context.xdc] for cell 'Input_FIFO_inst[0].input_fifo'
Finished Parsing XDC File [/ihp/departments/D-SYA/work/miglioranza/Encoder/Encoder.gen/sources_1/ip/axis_data_fifo_0/axis_data_fifo_0/axis_data_fifo_0_in_context.xdc] for cell 'Input_FIFO_inst[0].input_fifo'
Parsing XDC File [/ihp/departments/D-SYA/work/miglioranza/Encoder/Encoder.gen/sources_1/ip/axis_data_fifo_0/axis_data_fifo_0/axis_data_fifo_0_in_context.xdc] for cell 'Input_FIFO_inst[1].input_fifo'
Finished Parsing XDC File [/ihp/departments/D-SYA/work/miglioranza/Encoder/Encoder.gen/sources_1/ip/axis_data_fifo_0/axis_data_fifo_0/axis_data_fifo_0_in_context.xdc] for cell 'Input_FIFO_inst[1].input_fifo'
Parsing XDC File [/ihp/departments/D-SYA/work/miglioranza/Encoder/Encoder.gen/sources_1/ip/axis_data_fifo_0/axis_data_fifo_0/axis_data_fifo_0_in_context.xdc] for cell 'Input_FIFO_inst[2].input_fifo'
Finished Parsing XDC File [/ihp/departments/D-SYA/work/miglioranza/Encoder/Encoder.gen/sources_1/ip/axis_data_fifo_0/axis_data_fifo_0/axis_data_fifo_0_in_context.xdc] for cell 'Input_FIFO_inst[2].input_fifo'
Parsing XDC File [/ihp/departments/D-SYA/work/miglioranza/Encoder/Encoder.gen/sources_1/ip/axis_data_fifo_0/axis_data_fifo_0/axis_data_fifo_0_in_context.xdc] for cell 'Input_FIFO_inst[3].input_fifo'
Finished Parsing XDC File [/ihp/departments/D-SYA/work/miglioranza/Encoder/Encoder.gen/sources_1/ip/axis_data_fifo_0/axis_data_fifo_0/axis_data_fifo_0_in_context.xdc] for cell 'Input_FIFO_inst[3].input_fifo'
Parsing XDC File [/ihp/departments/D-SYA/work/miglioranza/Encoder/Encoder.gen/sources_1/ip/axis_data_fifo_0/axis_data_fifo_0/axis_data_fifo_0_in_context.xdc] for cell 'Output_FIFO_inst[0].output_fifo'
Finished Parsing XDC File [/ihp/departments/D-SYA/work/miglioranza/Encoder/Encoder.gen/sources_1/ip/axis_data_fifo_0/axis_data_fifo_0/axis_data_fifo_0_in_context.xdc] for cell 'Output_FIFO_inst[0].output_fifo'
Parsing XDC File [/ihp/departments/D-SYA/work/miglioranza/Encoder/Encoder.gen/sources_1/ip/axis_data_fifo_0/axis_data_fifo_0/axis_data_fifo_0_in_context.xdc] for cell 'Output_FIFO_inst[1].output_fifo'
Finished Parsing XDC File [/ihp/departments/D-SYA/work/miglioranza/Encoder/Encoder.gen/sources_1/ip/axis_data_fifo_0/axis_data_fifo_0/axis_data_fifo_0_in_context.xdc] for cell 'Output_FIFO_inst[1].output_fifo'
Parsing XDC File [/ihp/departments/D-SYA/work/miglioranza/Encoder/Encoder.gen/sources_1/ip/axis_data_fifo_0/axis_data_fifo_0/axis_data_fifo_0_in_context.xdc] for cell 'Output_FIFO_inst[2].output_fifo'
Finished Parsing XDC File [/ihp/departments/D-SYA/work/miglioranza/Encoder/Encoder.gen/sources_1/ip/axis_data_fifo_0/axis_data_fifo_0/axis_data_fifo_0_in_context.xdc] for cell 'Output_FIFO_inst[2].output_fifo'
Parsing XDC File [/ihp/departments/D-SYA/work/miglioranza/Encoder/Encoder.gen/sources_1/ip/axis_data_fifo_0/axis_data_fifo_0/axis_data_fifo_0_in_context.xdc] for cell 'Output_FIFO_inst[3].output_fifo'
Finished Parsing XDC File [/ihp/departments/D-SYA/work/miglioranza/Encoder/Encoder.gen/sources_1/ip/axis_data_fifo_0/axis_data_fifo_0/axis_data_fifo_0_in_context.xdc] for cell 'Output_FIFO_inst[3].output_fifo'
Parsing XDC File [/ihp/departments/D-SYA/work/miglioranza/Encoder/Encoder.gen/sources_1/ip/sd_fec_0/sd_fec_0/sd_fec_0_in_context.xdc] for cell 'Cores_Contr/LDCP_core_inst[0].inst'
Finished Parsing XDC File [/ihp/departments/D-SYA/work/miglioranza/Encoder/Encoder.gen/sources_1/ip/sd_fec_0/sd_fec_0/sd_fec_0_in_context.xdc] for cell 'Cores_Contr/LDCP_core_inst[0].inst'
Parsing XDC File [/ihp/departments/D-SYA/work/miglioranza/Encoder/Encoder.gen/sources_1/ip/sd_fec_0/sd_fec_0/sd_fec_0_in_context.xdc] for cell 'Cores_Contr/LDCP_core_inst[1].inst'
Finished Parsing XDC File [/ihp/departments/D-SYA/work/miglioranza/Encoder/Encoder.gen/sources_1/ip/sd_fec_0/sd_fec_0/sd_fec_0_in_context.xdc] for cell 'Cores_Contr/LDCP_core_inst[1].inst'
Parsing XDC File [/ihp/departments/D-SYA/work/miglioranza/Encoder/Encoder.gen/sources_1/ip/sd_fec_0/sd_fec_0/sd_fec_0_in_context.xdc] for cell 'Cores_Contr/LDCP_core_inst[2].inst'
Finished Parsing XDC File [/ihp/departments/D-SYA/work/miglioranza/Encoder/Encoder.gen/sources_1/ip/sd_fec_0/sd_fec_0/sd_fec_0_in_context.xdc] for cell 'Cores_Contr/LDCP_core_inst[2].inst'
Parsing XDC File [/ihp/departments/D-SYA/work/miglioranza/Encoder/Encoder.gen/sources_1/ip/sd_fec_0/sd_fec_0/sd_fec_0_in_context.xdc] for cell 'Cores_Contr/LDCP_core_inst[3].inst'
Finished Parsing XDC File [/ihp/departments/D-SYA/work/miglioranza/Encoder/Encoder.gen/sources_1/ip/sd_fec_0/sd_fec_0/sd_fec_0_in_context.xdc] for cell 'Cores_Contr/LDCP_core_inst[3].inst'
Completed Processing XDC Constraints

Netlist sorting complete. Time (s): cpu = 00:00:00 ; elapsed = 00:00:00 . Memory (MB): peak = 3699.824 ; gain = 0.000 ; free physical = 48075 ; free virtual = 103116
INFO: [Project 1-111] Unisim Transformation Summary:
No Unisim elements were transformed.

Constraint Validation Runtime : Time (s): cpu = 00:00:00.01 ; elapsed = 00:00:00.01 . Memory (MB): peak = 3699.824 ; gain = 0.000 ; free physical = 48075 ; free virtual = 103116
WARNING: [Designutils 20-4072] Reference run did not run incremental synthesis because the design is too small; reverting to default synthesis
INFO: [Designutils 20-4379] Flow is switching to default flow due to incremental criteria not met. If you would like to alter this behaviour and have the flow terminate instead, please set the following parameter config_implementation {autoIncr.Synth.RejectBehavior Terminate}
---------------------------------------------------------------------------------
Finished Constraint Validation : Time (s): cpu = 00:00:17 ; elapsed = 00:00:19 . Memory (MB): peak = 3699.824 ; gain = 452.250 ; free physical = 48208 ; free virtual = 103250
---------------------------------------------------------------------------------
---------------------------------------------------------------------------------
Start Loading Part and Timing Information
---------------------------------------------------------------------------------
Loading part: xczu28dr-ffvg1517-2-e
INFO: [Synth 8-6742] Reading net delay rules and data
---------------------------------------------------------------------------------
Finished Loading Part and Timing Information : Time (s): cpu = 00:00:17 ; elapsed = 00:00:19 . Memory (MB): peak = 3699.824 ; gain = 452.250 ; free physical = 48208 ; free virtual = 103250
---------------------------------------------------------------------------------
---------------------------------------------------------------------------------
Start Applying 'set_property' XDC Constraints
---------------------------------------------------------------------------------
Applied set_property KEEP_HIERARCHY = SOFT for \Input_FIFO_inst[0].input_fifo . (constraint file  auto generated constraint).
Applied set_property KEEP_HIERARCHY = SOFT for \Input_FIFO_inst[1].input_fifo . (constraint file  auto generated constraint).
Applied set_property KEEP_HIERARCHY = SOFT for \Input_FIFO_inst[2].input_fifo . (constraint file  auto generated constraint).
Applied set_property KEEP_HIERARCHY = SOFT for \Input_FIFO_inst[3].input_fifo . (constraint file  auto generated constraint).
Applied set_property KEEP_HIERARCHY = SOFT for \Output_FIFO_inst[0].output_fifo . (constraint file  auto generated constraint).
Applied set_property KEEP_HIERARCHY = SOFT for \Output_FIFO_inst[1].output_fifo . (constraint file  auto generated constraint).
Applied set_property KEEP_HIERARCHY = SOFT for \Output_FIFO_inst[2].output_fifo . (constraint file  auto generated constraint).
Applied set_property KEEP_HIERARCHY = SOFT for \Output_FIFO_inst[3].output_fifo . (constraint file  auto generated constraint).
Applied set_property KEEP_HIERARCHY = SOFT for Cores_Contr/\LDCP_core_inst[0].inst . (constraint file  auto generated constraint).
Applied set_property KEEP_HIERARCHY = SOFT for Cores_Contr/\LDCP_core_inst[1].inst . (constraint file  auto generated constraint).
Applied set_property KEEP_HIERARCHY = SOFT for Cores_Contr/\LDCP_core_inst[2].inst . (constraint file  auto generated constraint).
Applied set_property KEEP_HIERARCHY = SOFT for Cores_Contr/\LDCP_core_inst[3].inst . (constraint file  auto generated constraint).
---------------------------------------------------------------------------------
Finished applying 'set_property' XDC Constraints : Time (s): cpu = 00:00:17 ; elapsed = 00:00:19 . Memory (MB): peak = 3699.824 ; gain = 452.250 ; free physical = 48208 ; free virtual = 103250
---------------------------------------------------------------------------------
---------------------------------------------------------------------------------
Finished RTL Optimization Phase 2 : Time (s): cpu = 00:00:17 ; elapsed = 00:00:20 . Memory (MB): peak = 3699.824 ; gain = 452.250 ; free physical = 48199 ; free virtual = 103241
---------------------------------------------------------------------------------
---------------------------------------------------------------------------------
Start RTL Component Statistics 
---------------------------------------------------------------------------------
Detailed RTL Component Info : 
+---Adders : 
	   2 Input   32 Bit       Adders := 8     
+---Registers : 
	               32 Bit    Registers := 4     
	                4 Bit    Registers := 1     
+---Muxes : 
	   4 Input  128 Bit        Muxes := 4     
	   2 Input   32 Bit        Muxes := 16    
	   4 Input   32 Bit        Muxes := 4     
	   5 Input    2 Bit        Muxes := 4     
---------------------------------------------------------------------------------
Finished RTL Component Statistics 
---------------------------------------------------------------------------------
---------------------------------------------------------------------------------
Start Part Resource Summary
---------------------------------------------------------------------------------
Part Resources:
DSPs: 4272 (col length:192)
BRAMs: 2160 (col length: RAMB18 192 RAMB36 96)
---------------------------------------------------------------------------------
Finished Part Resource Summary
---------------------------------------------------------------------------------
---------------------------------------------------------------------------------
Start Cross Boundary and Area Optimization
---------------------------------------------------------------------------------
WARNING: [Synth 8-7080] Parallel synthesis criteria is not met
---------------------------------------------------------------------------------
Finished Cross Boundary and Area Optimization : Time (s): cpu = 00:00:19 ; elapsed = 00:00:23 . Memory (MB): peak = 3699.824 ; gain = 452.250 ; free physical = 48188 ; free virtual = 103233
---------------------------------------------------------------------------------
---------------------------------------------------------------------------------
Start Applying XDC Timing Constraints
---------------------------------------------------------------------------------
---------------------------------------------------------------------------------
Finished Applying XDC Timing Constraints : Time (s): cpu = 00:00:33 ; elapsed = 00:00:39 . Memory (MB): peak = 3965.508 ; gain = 717.934 ; free physical = 47712 ; free virtual = 102758
---------------------------------------------------------------------------------
---------------------------------------------------------------------------------
Start Timing Optimization
---------------------------------------------------------------------------------
---------------------------------------------------------------------------------
Finished Timing Optimization : Time (s): cpu = 00:00:33 ; elapsed = 00:00:39 . Memory (MB): peak = 3965.508 ; gain = 717.934 ; free physical = 47711 ; free virtual = 102757
---------------------------------------------------------------------------------
---------------------------------------------------------------------------------
Start Technology Mapping
---------------------------------------------------------------------------------
---------------------------------------------------------------------------------
Finished Technology Mapping : Time (s): cpu = 00:00:33 ; elapsed = 00:00:39 . Memory (MB): peak = 3984.539 ; gain = 736.965 ; free physical = 47710 ; free virtual = 102756
---------------------------------------------------------------------------------
---------------------------------------------------------------------------------
Start IO Insertion
---------------------------------------------------------------------------------
---------------------------------------------------------------------------------
Start Flattening Before IO Insertion
---------------------------------------------------------------------------------
---------------------------------------------------------------------------------
Finished Flattening Before IO Insertion
---------------------------------------------------------------------------------
---------------------------------------------------------------------------------
Start Final Netlist Cleanup
---------------------------------------------------------------------------------
---------------------------------------------------------------------------------
Finished Final Netlist Cleanup
---------------------------------------------------------------------------------
---------------------------------------------------------------------------------
Finished IO Insertion : Time (s): cpu = 00:00:37 ; elapsed = 00:00:43 . Memory (MB): peak = 3992.477 ; gain = 744.902 ; free physical = 47710 ; free virtual = 102756
---------------------------------------------------------------------------------
---------------------------------------------------------------------------------
Start Renaming Generated Instances
---------------------------------------------------------------------------------
---------------------------------------------------------------------------------
Finished Renaming Generated Instances : Time (s): cpu = 00:00:37 ; elapsed = 00:00:43 . Memory (MB): peak = 3992.477 ; gain = 744.902 ; free physical = 47710 ; free virtual = 102756
---------------------------------------------------------------------------------
CRITICAL WARNING: [Synth 8-6859] multi-driven net on pin LDCP_core_inst[0].inst_i_177_n_0 with 1st driver pin 'LDCP_core_inst[0].inst_i_177/O' [/ihp/departments/D-SYA/work/miglioranza/Encoder/Encoder.srcs/sources_1/new/LDPC_encoder.vhd:34]
CRITICAL WARNING: [Synth 8-6859] multi-driven net on pin LDCP_core_inst[0].inst_i_177_n_0 with 2nd driver pin 'LDCP_core_inst[0].inst_i_178/O' [/ihp/departments/D-SYA/work/miglioranza/Encoder/Encoder.srcs/sources_1/new/LDPC_encoder.vhd:34]
CRITICAL WARNING: [Synth 8-6859] multi-driven net on pin LDCP_core_inst[0].inst_i_177_n_0 with 3rd driver pin 'LDCP_core_inst[0].inst_i_179/O' [/ihp/departments/D-SYA/work/miglioranza/Encoder/Encoder.srcs/sources_1/new/LDPC_encoder.vhd:34]
CRITICAL WARNING: [Synth 8-6859] multi-driven net on pin LDCP_core_inst[0].inst_i_177_n_0 with 4th driver pin 'LDCP_core_inst[0].inst_i_180/O' [/ihp/departments/D-SYA/work/miglioranza/Encoder/Encoder.srcs/sources_1/new/LDPC_encoder.vhd:34]
CRITICAL WARNING: [Synth 8-6859] multi-driven net on pin LDCP_core_inst[0].inst_i_1_n_0 with 1st driver pin 'LDCP_core_inst[0].inst_i_1/O' [/ihp/departments/D-SYA/work/miglioranza/Encoder/Encoder.srcs/sources_1/new/LDPC_encoder.vhd:34]
CRITICAL WARNING: [Synth 8-6859] multi-driven net on pin LDCP_core_inst[0].inst_i_1_n_0 with 2nd driver pin 'LDCP_core_inst[0].inst_i_2/O' [/ihp/departments/D-SYA/work/miglioranza/Encoder/Encoder.srcs/sources_1/new/LDPC_encoder.vhd:34]
CRITICAL WARNING: [Synth 8-6859] multi-driven net on pin LDCP_core_inst[0].inst_i_1_n_0 with 3rd driver pin 'LDCP_core_inst[0].inst_i_3/O' [/ihp/departments/D-SYA/work/miglioranza/Encoder/Encoder.srcs/sources_1/new/LDPC_encoder.vhd:34]
CRITICAL WARNING: [Synth 8-6859] multi-driven net on pin LDCP_core_inst[0].inst_i_1_n_0 with 4th driver pin 'LDCP_core_inst[0].inst_i_4/O' [/ihp/departments/D-SYA/work/miglioranza/Encoder/Encoder.srcs/sources_1/new/LDPC_encoder.vhd:34]

Report Check Netlist: 
+------+------------------+-------+---------+-------+------------------+
|      |Item              |Errors |Warnings |Status |Description       |
+------+------------------+-------+---------+-------+------------------+
|1     |multi_driven_nets |      0|        2|Failed |Multi driven nets |
+------+------------------+-------+---------+-------+------------------+
---------------------------------------------------------------------------------
Start Rebuilding User Hierarchy
---------------------------------------------------------------------------------
---------------------------------------------------------------------------------
Finished Rebuilding User Hierarchy : Time (s): cpu = 00:00:37 ; elapsed = 00:00:43 . Memory (MB): peak = 3992.477 ; gain = 744.902 ; free physical = 47710 ; free virtual = 102756
---------------------------------------------------------------------------------
---------------------------------------------------------------------------------
Start Renaming Generated Ports
---------------------------------------------------------------------------------
---------------------------------------------------------------------------------
Finished Renaming Generated Ports : Time (s): cpu = 00:00:37 ; elapsed = 00:00:43 . Memory (MB): peak = 3992.477 ; gain = 744.902 ; free physical = 47710 ; free virtual = 102756
---------------------------------------------------------------------------------
---------------------------------------------------------------------------------
Start Handling Custom Attributes
---------------------------------------------------------------------------------
---------------------------------------------------------------------------------
Finished Handling Custom Attributes : Time (s): cpu = 00:00:37 ; elapsed = 00:00:43 . Memory (MB): peak = 3992.477 ; gain = 744.902 ; free physical = 47710 ; free virtual = 102756
---------------------------------------------------------------------------------
---------------------------------------------------------------------------------
Start Renaming Generated Nets
---------------------------------------------------------------------------------
---------------------------------------------------------------------------------
Finished Renaming Generated Nets : Time (s): cpu = 00:00:37 ; elapsed = 00:00:43 . Memory (MB): peak = 3992.477 ; gain = 744.902 ; free physical = 47710 ; free virtual = 102756
---------------------------------------------------------------------------------
---------------------------------------------------------------------------------
Start Writing Synthesis Report
---------------------------------------------------------------------------------

Report BlackBoxes: 
+------+-----------------+----------+
|      |BlackBox name    |Instances |
+------+-----------------+----------+
|1     |axis_data_fifo_0 |         8|
|2     |sd_fec_0         |         4|
+------+-----------------+----------+

Report Cell Usage: 
+------+----------------------+------+
|      |Cell                  |Count |
+------+----------------------+------+
|1     |axis_data_fifo_0_bbox |     8|
|9     |sd_fec_0_bbox         |     4|
|13    |BUFG                  |     1|
|14    |CARRY8                |    16|
|15    |LUT2                  |    12|
|16    |LUT5                  |   128|
|17    |LUT6                  |   152|
|18    |FDCE                  |     4|
|19    |IBUF                  |     3|
|20    |OBUF                  |   128|
|21    |OBUFT                 |     7|
+------+----------------------+------+
---------------------------------------------------------------------------------
Finished Writing Synthesis Report : Time (s): cpu = 00:00:37 ; elapsed = 00:00:43 . Memory (MB): peak = 3992.477 ; gain = 744.902 ; free physical = 47710 ; free virtual = 102756
---------------------------------------------------------------------------------
Synthesis finished with 0 errors, 8 critical warnings and 46 warnings.
Synthesis Optimization Runtime : Time (s): cpu = 00:00:34 ; elapsed = 00:00:40 . Memory (MB): peak = 3992.477 ; gain = 584.090 ; free physical = 47749 ; free virtual = 102795
Synthesis Optimization Complete : Time (s): cpu = 00:00:37 ; elapsed = 00:00:43 . Memory (MB): peak = 3992.484 ; gain = 744.902 ; free physical = 47749 ; free virtual = 102795
INFO: [Project 1-571] Translating synthesized netlist
Netlist sorting complete. Time (s): cpu = 00:00:00.01 ; elapsed = 00:00:00 . Memory (MB): peak = 3998.414 ; gain = 0.000 ; free physical = 47843 ; free virtual = 102889
INFO: [Netlist 29-17] Analyzing 20 Unisim elements for replacement
INFO: [Netlist 29-28] Unisim Transformation completed in 0 CPU seconds
INFO: [Project 1-570] Preparing netlist for logic optimization
INFO: [Opt 31-138] Pushed 0 inverter(s) to 0 load pin(s).
Netlist sorting complete. Time (s): cpu = 00:00:00 ; elapsed = 00:00:00 . Memory (MB): peak = 4037.070 ; gain = 0.000 ; free physical = 47762 ; free virtual = 102808
INFO: [Project 1-111] Unisim Transformation Summary:
  A total of 4 instances were transformed.
  BUFG => BUFGCE: 1 instance 
  IBUF => IBUF (IBUFCTRL, INBUF): 3 instances

Synth Design complete, checksum: 30d867d2
INFO: [Common 17-83] Releasing license: Synthesis
39 Infos, 128 Warnings, 8 Critical Warnings and 0 Errors encountered.
synth_design completed successfully
synth_design: Time (s): cpu = 00:00:56 ; elapsed = 00:01:29 . Memory (MB): peak = 4037.070 ; gain = 944.152 ; free physical = 47905 ; free virtual = 102950
INFO: [runtcl-6] Synthesis results are not added to the cache due to CRITICAL_WARNING
INFO: [Common 17-1381] The checkpoint '/ihp/departments/D-SYA/work/miglioranza/Encoder/Encoder.runs/synth_1/LDPC_encoder.dcp' has been generated.
INFO: [runtcl-4] Executing : report_utilization -file LDPC_encoder_utilization_synth.rpt -pb LDPC_encoder_utilization_synth.pb
INFO: [Common 17-206] Exiting Vivado at Wed Jul 23 17:32:51 2025...
