Time resolution is 1 ps
********************** HSIAO_H_MATRIX ******************************
1101001101001000110100100010000 
0101001001010100100010001000000 
1001100100100010001000001010101 
1000100010001000001100101100100 
0010001000000111000111000100011 
1001111110000001111000000111100 
0011111111110000000000111110000 
********************** HSIAO_H_MATRIX ******************************
1101001101001000110100100010000 
0101001001010100100010001000000 
1001100100100010001000001010101 
1000100010001000001100101100100 
0010001000000111000111000100011 
1001111110000001111000000111100 
0011111111110000000000111110000 
********************** HSIAO_H_MATRIX ******************************
1101001101001000110100100010000 
0101001001010100100010001000000 
1001100100100010001000001010101 
1000100010001000001100101100100 
0010001000000111000111000100011 
1001111110000001111000000111100 
0011111111110000000000111110000 
********************** HSIAO_H_MATRIX ******************************
1101001101001000110100100010000 
0101001001010100100010001000000 
1001100100100010001000001010101 
1000100010001000001100101100100 
0010001000000111000111000100011 
1001111110000001111000000111100 
0011111111110000000000111110000 
Stopped at time : 38847500 ps : File "/home/miglioranza/FEC/FEC.srcs/sim_1/new/Encoder_tb.vhd" Line 209
Stopped at time : 38867500 ps : File "/home/miglioranza/FEC/FEC.srcs/sim_1/new/Encoder_tb.vhd" Line 210
INFO: xsimkernel Simulation Memory Usage: 496328 KB (Peak: 496328 KB), Simulation CPU Usage: 56620 ms
