INFO: [VRFC 10-2263] Analyzing Verilog file "/home/miglioranza/FEC/FEC.sim/sim_1/synth/func/xsim/Encoder_tb_func_synth.v" into library xil_defaultlib
INFO: [VRFC 10-311] analyzing module Encoder
INFO: [VRFC 10-311] analyzing module LDPC_core
INFO: [VRFC 10-311] analyzing module LDPC_core__xdcDup__1
INFO: [VRFC 10-311] analyzing module LDPC_core__xdcDup__2
INFO: [VRFC 10-311] analyzing module LDPC_core__xdcDup__3
INFO: [VRFC 10-311] analyzing module Output_fifo
INFO: [VRFC 10-311] analyzing module Wifi_Input_FSM
INFO: [VRFC 10-311] analyzing module fifo_generator_0
INFO: [VRFC 10-311] analyzing module fifo_generator_0_xpm_cdc_sync_rst
INFO: [VRFC 10-311] analyzing module sd_fec_0
INFO: [VRFC 10-311] analyzing module sd_fec_0_xpm_cdc_sync_rst
INFO: [VRFC 10-311] analyzing module sd_fec_0_xpm_counter_updn__parameterized0
INFO: [VRFC 10-311] analyzing module sd_fec_0_xpm_counter_updn__parameterized0_1
INFO: [VRFC 10-311] analyzing module sd_fec_0_xpm_counter_updn__parameterized0_3
INFO: [VRFC 10-311] analyzing module sd_fec_0_xpm_counter_updn__parameterized0_6
INFO: [VRFC 10-311] analyzing module sd_fec_0_xpm_counter_updn__parameterized1
INFO: [VRFC 10-311] analyzing module sd_fec_0_xpm_counter_updn__parameterized1_2
INFO: [VRFC 10-311] analyzing module sd_fec_0_xpm_counter_updn__parameterized1_4
INFO: [VRFC 10-311] analyzing module sd_fec_0_xpm_counter_updn__parameterized1_7
INFO: [VRFC 10-311] analyzing module sd_fec_0_xpm_fifo_base
INFO: [VRFC 10-311] analyzing module sd_fec_0_xpm_fifo_base__parameterized0
INFO: [VRFC 10-311] analyzing module sd_fec_0_xpm_fifo_reg_bit
INFO: [VRFC 10-311] analyzing module sd_fec_0_xpm_fifo_reg_bit_5
INFO: [VRFC 10-311] analyzing module sd_fec_0_xpm_fifo_rst
INFO: [VRFC 10-311] analyzing module sd_fec_0_xpm_fifo_rst_8
INFO: [VRFC 10-311] analyzing module sd_fec_0_xpm_fifo_sync
INFO: [VRFC 10-311] analyzing module sd_fec_0_xpm_fifo_sync__parameterized0
INFO: [VRFC 10-311] analyzing module sd_fec_0_xpm_memory_base
INFO: [VRFC 10-311] analyzing module sd_fec_0_xpm_memory_base__parameterized0
INFO: [VRFC 10-311] analyzing module sd_fec_0_ecc_v2_0_13
INFO: [VRFC 10-311] analyzing module sd_fec_0_ecc_v2_0_13_hsiao_dec
INFO: [VRFC 10-311] analyzing module sd_fec_0_ecc_v2_0_13_reg_stage__parameterized0
INFO: [VRFC 10-311] analyzing module sd_fec_0_fec_5g_common_v1_1_1_pipe_reg
INFO: [VRFC 10-311] analyzing module sd_fec_0_fec_5g_common_v1_1_1_pipe_reg_0
INFO: [VRFC 10-311] analyzing module sd_fec_0_fec_5g_common_v1_1_1_srl_array
INFO: [VRFC 10-311] analyzing module sd_fec_0_fec_5g_common_v1_1_1_srl_fifo
INFO: [VRFC 10-311] analyzing module sd_fec_0_fec_5g_common_v1_1_1_srl_fifo__parameterized0
INFO: [VRFC 10-311] analyzing module sd_fec_0_fec_5g_common_v1_1_1_srl_fifo__parameterized1
INFO: [VRFC 10-311] analyzing module sd_fec_0_sd_fec_v1_1_8
INFO: [VRFC 10-311] analyzing module sd_fec_0_sd_fec_v1_1_8_arbiter
INFO: [VRFC 10-311] analyzing module sd_fec_0_sd_fec_v1_1_8_error_handle
INFO: [VRFC 10-311] analyzing module sd_fec_0_sd_fec_v1_1_8_non_5g
INFO: [VRFC 10-311] analyzing module sd_fec_0_sd_fec_v1_1_8_non_5g_code_generator
INFO: [VRFC 10-311] analyzing module sd_fec_0_sd_fec_v1_1_8_non_5g_code_manager
INFO: [VRFC 10-311] analyzing module sd_fec_0_sd_fec_v1_1_8_non_5g_ref_code_table_if
INFO: [VRFC 10-311] analyzing module sd_fec_0_sd_fec_v1_1_8_sdp_ram
INFO: [VRFC 10-311] analyzing module fifo_generator_0_compare
INFO: [VRFC 10-311] analyzing module fifo_generator_0_compare_0
INFO: [VRFC 10-311] analyzing module fifo_generator_0_compare_1
INFO: [VRFC 10-311] analyzing module fifo_generator_0_compare_2
INFO: [VRFC 10-311] analyzing module fifo_generator_0_dc_ss_fwft
INFO: [VRFC 10-311] analyzing module fifo_generator_0_fifo_generator_ramfifo
INFO: [VRFC 10-311] analyzing module fifo_generator_0_fifo_generator_top
INFO: [VRFC 10-311] analyzing module fifo_generator_0_fifo_generator_v13_2_6
INFO: [VRFC 10-311] analyzing module fifo_generator_0_fifo_generator_v13_2_6_synth
INFO: [VRFC 10-311] analyzing module fifo_generator_0_memory
INFO: [VRFC 10-311] analyzing module fifo_generator_0_rd_bin_cntr
INFO: [VRFC 10-311] analyzing module fifo_generator_0_rd_fwft
INFO: [VRFC 10-311] analyzing module fifo_generator_0_rd_logic
INFO: [VRFC 10-311] analyzing module fifo_generator_0_rd_status_flags_ss
INFO: [VRFC 10-311] analyzing module fifo_generator_0_reset_blk_ramfifo
INFO: [VRFC 10-311] analyzing module fifo_generator_0_wr_bin_cntr
INFO: [VRFC 10-311] analyzing module fifo_generator_0_wr_logic
INFO: [VRFC 10-311] analyzing module fifo_generator_0_wr_status_flags_ss
INFO: [VRFC 10-311] analyzing module fifo_generator_0_updn_cntr
INFO: [VRFC 10-311] analyzing module fifo_generator_0_blk_mem_gen_generic_cstr
INFO: [VRFC 10-311] analyzing module fifo_generator_0_blk_mem_gen_prim_width
INFO: [VRFC 10-311] analyzing module fifo_generator_0_blk_mem_gen_prim_width__parameterized0
INFO: [VRFC 10-311] analyzing module fifo_generator_0_blk_mem_gen_prim_width__parameterized1
INFO: [VRFC 10-311] analyzing module fifo_generator_0_blk_mem_gen_prim_width__parameterized2
INFO: [VRFC 10-311] analyzing module fifo_generator_0_blk_mem_gen_prim_wrapper
INFO: [VRFC 10-311] analyzing module fifo_generator_0_blk_mem_gen_prim_wrapper__parameterized0
INFO: [VRFC 10-311] analyzing module fifo_generator_0_blk_mem_gen_prim_wrapper__parameterized1
INFO: [VRFC 10-311] analyzing module fifo_generator_0_blk_mem_gen_prim_wrapper__parameterized2
INFO: [VRFC 10-311] analyzing module fifo_generator_0_blk_mem_gen_top
INFO: [VRFC 10-311] analyzing module fifo_generator_0_blk_mem_gen_v8_4_5
INFO: [VRFC 10-311] analyzing module fifo_generator_0_blk_mem_gen_v8_4_5_synth
INFO: [VRFC 10-311] analyzing module glbl
