
*** Running vivado
    with args -log block_interleaver.vds -m64 -product Vivado -mode batch -messageDb vivado.pb -notrace -source block_interleaver.tcl


****** Vivado v2021.2 (64-bit)
  **** SW Build 3367213 on Tue Oct 19 02:47:39 MDT 2021
  **** IP Build 3369179 on Thu Oct 21 08:25:16 MDT 2021
    ** Copyright 1986-2021 Xilinx, Inc. All Rights Reserved.

source block_interleaver.tcl -notrace
create_project: Time (s): cpu = 00:00:05 ; elapsed = 00:00:06 . Memory (MB): peak = 3069.738 ; gain = 2.016 ; free physical = 12945 ; free virtual = 106921
INFO: [IP_Flow 19-234] Refreshing IP repositories
INFO: [IP_Flow 19-1700] Loaded user IP repository '/home/miglioranza/Interleaver_BB/Interleaver_BB.srcs'.
INFO: [IP_Flow 19-2313] Loaded Vivado IP repository '/ihpusr/xilinx/vivado2021.2/Vivado/2021.2/data/ip'.
Command: read_checkpoint -auto_incremental -incremental /home/miglioranza/Interleaver_BB/Interleaver_BB.srcs/utils_1/imports/synth_1/block_interleaver.dcp
INFO: [Vivado 12-5825] Read reference checkpoint from /home/miglioranza/Interleaver_BB/Interleaver_BB.srcs/utils_1/imports/synth_1/block_interleaver.dcp for incremental synthesis
INFO: [Vivado 12-7989] Please ensure there are no constraint changes
Command: synth_design -top block_interleaver -part xczu28dr-ffvg1517-2-e
Starting synth_design
Attempting to get a license for feature 'Synthesis' and/or device 'xczu28dr'
INFO: [Common 17-349] Got license for feature 'Synthesis' and/or device 'xczu28dr'
WARNING: [Designutils 20-4072] Reference run did not run incremental synthesis because the design is too small; reverting to default synthesis
INFO: [Designutils 20-4379] Flow is switching to default flow due to incremental criteria not met. If you would like to alter this behaviour and have the flow terminate instead, please set the following parameter config_implementation {autoIncr.Synth.RejectBehavior Terminate}
INFO: [Synth 8-7079] Multithreading enabled for synth_design using a maximum of 4 processes.
INFO: [Synth 8-7078] Launching helper process for spawning children vivado processes
INFO: [Synth 8-7075] Helper process launched with PID 2631075
---------------------------------------------------------------------------------
Starting Synthesize : Time (s): cpu = 00:00:03 ; elapsed = 00:00:03 . Memory (MB): peak = 3099.945 ; gain = 0.000 ; free physical = 12581 ; free virtual = 106567
---------------------------------------------------------------------------------
INFO: [Synth 8-638] synthesizing module 'block_interleaver' [/home/miglioranza/Interleaver_BB/Interleaver_BB.srcs/sources_1/new/Interleaver.vhd:64]
INFO: [Synth 8-226] default block is never used [/home/miglioranza/Interleaver_BB/Interleaver_BB.srcs/sources_1/new/Interleaver.vhd:87]
WARNING: [Synth 8-614] signal 'code_rate' is read in the process but is not in the sensitivity list [/home/miglioranza/Interleaver_BB/Interleaver_BB.srcs/sources_1/new/Interleaver.vhd:85]
WARNING: [Synth 8-6014] Unused sequential element write_done_reg was removed.  [/home/miglioranza/Interleaver_BB/Interleaver_BB.srcs/sources_1/new/Interleaver.vhd:110]
WARNING: [Synth 8-6014] Unused sequential element read_done_reg was removed.  [/home/miglioranza/Interleaver_BB/Interleaver_BB.srcs/sources_1/new/Interleaver.vhd:111]
INFO: [Synth 8-256] done synthesizing module 'block_interleaver' (1#1) [/home/miglioranza/Interleaver_BB/Interleaver_BB.srcs/sources_1/new/Interleaver.vhd:64]
---------------------------------------------------------------------------------
Finished Synthesize : Time (s): cpu = 00:00:04 ; elapsed = 00:00:05 . Memory (MB): peak = 3099.945 ; gain = 0.000 ; free physical = 11696 ; free virtual = 105683
---------------------------------------------------------------------------------
---------------------------------------------------------------------------------
Finished Constraint Validation : Time (s): cpu = 00:00:05 ; elapsed = 00:00:05 . Memory (MB): peak = 3099.945 ; gain = 0.000 ; free physical = 11547 ; free virtual = 105534
---------------------------------------------------------------------------------
---------------------------------------------------------------------------------
Start Loading Part and Timing Information
---------------------------------------------------------------------------------
Loading part: xczu28dr-ffvg1517-2-e
INFO: [Synth 8-6742] Reading net delay rules and data
---------------------------------------------------------------------------------
Finished Loading Part and Timing Information : Time (s): cpu = 00:00:05 ; elapsed = 00:00:05 . Memory (MB): peak = 3109.949 ; gain = 10.004 ; free physical = 11546 ; free virtual = 105533
INFO: [Device 21-403] Loading part xczu28dr-ffvg1517-2-e
---------------------------------------------------------------------------------
INFO: [Synth 8-802] inferred FSM for state register 'state_reg' in module 'block_interleaver'
---------------------------------------------------------------------------------------------------
                   State |                     New Encoding |                Previous Encoding 
---------------------------------------------------------------------------------------------------
                    idle |                              001 |                               00
                   write |                              010 |                               01
                    read |                              100 |                               10
---------------------------------------------------------------------------------------------------
INFO: [Synth 8-3354] encoded FSM with state register 'state_reg' using encoding 'one-hot' in module 'block_interleaver'
INFO: [Synth 8-6904] The RAM "block_interleaver/memory_reg" of size (depth=63 x width=32) is automatically implemented using LUTRAM. BRAM implementation would be inefficient 
---------------------------------------------------------------------------------
Finished RTL Optimization Phase 2 : Time (s): cpu = 00:00:05 ; elapsed = 00:00:05 . Memory (MB): peak = 3109.949 ; gain = 10.004 ; free physical = 11501 ; free virtual = 105488
---------------------------------------------------------------------------------
No constraint files found.
---------------------------------------------------------------------------------
Start RTL Component Statistics 
---------------------------------------------------------------------------------
Detailed RTL Component Info : 
+---Adders : 
	   3 Input   31 Bit       Adders := 1     
	   2 Input   31 Bit       Adders := 1     
	   2 Input   12 Bit       Adders := 1     
	   2 Input    4 Bit       Adders := 2     
+---Registers : 
	               32 Bit    Registers := 1     
	                4 Bit    Registers := 2     
	                3 Bit    Registers := 1     
	                2 Bit    Registers := 2     
	                1 Bit    Registers := 3     
+---Multipliers : 
	              31x31  Multipliers := 1     
+---RAMs : 
	               1K Bit	(63 X 32 bit)          RAMs := 1     
+---Muxes : 
	   2 Input   12 Bit        Muxes := 3     
	   3 Input   12 Bit        Muxes := 1     
	   2 Input    4 Bit        Muxes := 3     
	   4 Input    2 Bit        Muxes := 1     
	   2 Input    1 Bit        Muxes := 2     
	   3 Input    1 Bit        Muxes := 12    
---------------------------------------------------------------------------------
Finished RTL Component Statistics 
---------------------------------------------------------------------------------
---------------------------------------------------------------------------------
Start Part Resource Summary
---------------------------------------------------------------------------------
Part Resources:
DSPs: 4272 (col length:192)
BRAMs: 2160 (col length: RAMB18 192 RAMB36 96)
---------------------------------------------------------------------------------
Finished Part Resource Summary
---------------------------------------------------------------------------------
No constraint files found.
---------------------------------------------------------------------------------
Start Cross Boundary and Area Optimization
---------------------------------------------------------------------------------
WARNING: [Synth 8-7080] Parallel synthesis criteria is not met
DSP Report: Generating DSP data_out_ready2, operation Mode is: A*(B:0x7).
DSP Report: operator data_out_ready2 is absorbed into DSP data_out_ready2.
DSP Report: operator data_out_ready2 is absorbed into DSP data_out_ready2.
DSP Report: Generating DSP data_out_ready2, operation Mode is: (PCIN>>17)+A*B.
DSP Report: operator data_out_ready2 is absorbed into DSP data_out_ready2.
DSP Report: operator data_out_ready2 is absorbed into DSP data_out_ready2.
DSP Report: Generating DSP data_out_ready2, operation Mode is: A*(B:0x7).
DSP Report: operator data_out_ready2 is absorbed into DSP data_out_ready2.
DSP Report: operator data_out_ready2 is absorbed into DSP data_out_ready2.
DSP Report: Generating DSP data_out_ready2, operation Mode is: (PCIN>>17)+A*B.
DSP Report: operator data_out_ready2 is absorbed into DSP data_out_ready2.
DSP Report: operator data_out_ready2 is absorbed into DSP data_out_ready2.
INFO: [Synth 8-6904] The RAM "block_interleaver/memory_reg" of size (depth=63 x width=32) is automatically implemented using LUTRAM. BRAM implementation would be inefficient 
INFO: [Synth 8-6904] The RAM "block_interleaver/memory_reg" of size (depth=63 x width=32) is automatically implemented using LUTRAM. BRAM implementation would be inefficient 
---------------------------------------------------------------------------------
Finished Cross Boundary and Area Optimization : Time (s): cpu = 00:00:12 ; elapsed = 00:00:15 . Memory (MB): peak = 3440.551 ; gain = 340.605 ; free physical = 11559 ; free virtual = 105551
---------------------------------------------------------------------------------
---------------------------------------------------------------------------------
Start ROM, RAM, DSP, Shift Register and Retiming Reporting
---------------------------------------------------------------------------------

Distributed RAM: Preliminary Mapping Report (see note below)
+------------------+------------+-----------+----------------------+--------------+
|Module Name       | RTL Object | Inference | Size (Depth x Width) | Primitives   | 
+------------------+------------+-----------+----------------------+--------------+
|block_interleaver | memory_reg | Implied   | 64 x 32              | RAM64M8 x 5  | 
+------------------+------------+-----------+----------------------+--------------+

Note: The table above is a preliminary report that shows the Distributed RAMs at the current stage of the synthesis flow. Some Distributed RAMs may be reimplemented as non Distributed RAM primitives later in the synthesis flow. Multiple instantiated RAMs are reported only once.

DSP: Preliminary Mapping Report (see note below. The ' indicates corresponding REG is set)
+------------------+----------------+--------+--------+--------+--------+--------+------+------+------+------+-------+------+------+
|Module Name       | DSP Mapping    | A Size | B Size | C Size | D Size | P Size | AREG | BREG | CREG | DREG | ADREG | MREG | PREG | 
+------------------+----------------+--------+--------+--------+--------+--------+------+------+------+------+-------+------+------+
|block_interleaver | A*(B:0x7)      | 15     | 4      | -      | -      | 48     | 0    | 0    | -    | -    | -     | 0    | 0    | 
|block_interleaver | (PCIN>>17)+A*B | 15     | 15     | -      | -      | 48     | 0    | 0    | -    | -    | -     | 0    | 0    | 
|block_interleaver | A*(B:0x7)      | 18     | 4      | -      | -      | 48     | 0    | 0    | -    | -    | -     | 0    | 0    | 
|block_interleaver | (PCIN>>17)+A*B | 18     | 15     | -      | -      | 48     | 0    | 0    | -    | -    | -     | 0    | 0    | 
+------------------+----------------+--------+--------+--------+--------+--------+------+------+------+------+-------+------+------+

Note: The table above is a preliminary report that shows the DSPs inferred at the current stage of the synthesis flow. Some DSP may be reimplemented as non DSP primitives later in the synthesis flow. Multiple instantiated DSPs are reported only once.
---------------------------------------------------------------------------------
Finished ROM, RAM, DSP, Shift Register and Retiming Reporting
---------------------------------------------------------------------------------
No constraint files found.
---------------------------------------------------------------------------------
Start Timing Optimization
---------------------------------------------------------------------------------
---------------------------------------------------------------------------------
Finished Timing Optimization : Time (s): cpu = 00:00:12 ; elapsed = 00:00:16 . Memory (MB): peak = 3443.520 ; gain = 343.574 ; free physical = 11555 ; free virtual = 105548
---------------------------------------------------------------------------------
---------------------------------------------------------------------------------
Start ROM, RAM, DSP, Shift Register and Retiming Reporting
---------------------------------------------------------------------------------

Distributed RAM: Final Mapping Report
+------------------+------------+-----------+----------------------+--------------+
|Module Name       | RTL Object | Inference | Size (Depth x Width) | Primitives   | 
+------------------+------------+-----------+----------------------+--------------+
|block_interleaver | memory_reg | Implied   | 64 x 32              | RAM64M8 x 5  | 
+------------------+------------+-----------+----------------------+--------------+

---------------------------------------------------------------------------------
Finished ROM, RAM, DSP, Shift Register and Retiming Reporting
---------------------------------------------------------------------------------
---------------------------------------------------------------------------------
Start Technology Mapping
---------------------------------------------------------------------------------
---------------------------------------------------------------------------------
Finished Technology Mapping : Time (s): cpu = 00:00:12 ; elapsed = 00:00:16 . Memory (MB): peak = 3443.520 ; gain = 343.574 ; free physical = 11554 ; free virtual = 105546
---------------------------------------------------------------------------------
---------------------------------------------------------------------------------
Start IO Insertion
---------------------------------------------------------------------------------
---------------------------------------------------------------------------------
Start Flattening Before IO Insertion
---------------------------------------------------------------------------------
---------------------------------------------------------------------------------
Finished Flattening Before IO Insertion
---------------------------------------------------------------------------------
---------------------------------------------------------------------------------
Start Final Netlist Cleanup
---------------------------------------------------------------------------------
---------------------------------------------------------------------------------
Finished Final Netlist Cleanup
---------------------------------------------------------------------------------
---------------------------------------------------------------------------------
Finished IO Insertion : Time (s): cpu = 00:00:14 ; elapsed = 00:00:18 . Memory (MB): peak = 3443.520 ; gain = 343.574 ; free physical = 11554 ; free virtual = 105547
---------------------------------------------------------------------------------
---------------------------------------------------------------------------------
Start Renaming Generated Instances
---------------------------------------------------------------------------------
---------------------------------------------------------------------------------
Finished Renaming Generated Instances : Time (s): cpu = 00:00:14 ; elapsed = 00:00:18 . Memory (MB): peak = 3443.520 ; gain = 343.574 ; free physical = 11554 ; free virtual = 105547
---------------------------------------------------------------------------------
---------------------------------------------------------------------------------
Start Rebuilding User Hierarchy
---------------------------------------------------------------------------------
---------------------------------------------------------------------------------
Finished Rebuilding User Hierarchy : Time (s): cpu = 00:00:14 ; elapsed = 00:00:18 . Memory (MB): peak = 3443.520 ; gain = 343.574 ; free physical = 11554 ; free virtual = 105547
---------------------------------------------------------------------------------
---------------------------------------------------------------------------------
Start Renaming Generated Ports
---------------------------------------------------------------------------------
---------------------------------------------------------------------------------
Finished Renaming Generated Ports : Time (s): cpu = 00:00:14 ; elapsed = 00:00:18 . Memory (MB): peak = 3443.520 ; gain = 343.574 ; free physical = 11554 ; free virtual = 105547
---------------------------------------------------------------------------------
---------------------------------------------------------------------------------
Start Handling Custom Attributes
---------------------------------------------------------------------------------
---------------------------------------------------------------------------------
Finished Handling Custom Attributes : Time (s): cpu = 00:00:14 ; elapsed = 00:00:18 . Memory (MB): peak = 3443.520 ; gain = 343.574 ; free physical = 11554 ; free virtual = 105547
---------------------------------------------------------------------------------
---------------------------------------------------------------------------------
Start Renaming Generated Nets
---------------------------------------------------------------------------------
---------------------------------------------------------------------------------
Finished Renaming Generated Nets : Time (s): cpu = 00:00:14 ; elapsed = 00:00:18 . Memory (MB): peak = 3443.520 ; gain = 343.574 ; free physical = 11554 ; free virtual = 105547
---------------------------------------------------------------------------------
---------------------------------------------------------------------------------
Start Writing Synthesis Report
---------------------------------------------------------------------------------

Report BlackBoxes: 
+-+--------------+----------+
| |BlackBox name |Instances |
+-+--------------+----------+
+-+--------------+----------+

Report Cell Usage: 
+------+--------+------+
|      |Cell    |Count |
+------+--------+------+
|1     |BUFG    |     1|
|2     |CARRY8  |    12|
|3     |DSP48E2 |     3|
|4     |LUT1    |    32|
|5     |LUT2    |    32|
|6     |LUT3    |    13|
|7     |LUT4    |    12|
|8     |LUT5    |    11|
|9     |LUT6    |    19|
|10    |RAM64M8 |     5|
|11    |FDCE    |    62|
|12    |FDPE    |     1|
|13    |FDRE    |     7|
|14    |IBUF    |    38|
|15    |OBUF    |    36|
+------+--------+------+

Report Instance Areas: 
+------+---------+-------+------+
|      |Instance |Module |Cells |
+------+---------+-------+------+
|1     |top      |       |   284|
+------+---------+-------+------+
---------------------------------------------------------------------------------
Finished Writing Synthesis Report : Time (s): cpu = 00:00:14 ; elapsed = 00:00:18 . Memory (MB): peak = 3443.520 ; gain = 343.574 ; free physical = 11554 ; free virtual = 105547
---------------------------------------------------------------------------------
Synthesis finished with 0 errors, 0 critical warnings and 4 warnings.
Synthesis Optimization Runtime : Time (s): cpu = 00:00:15 ; elapsed = 00:00:18 . Memory (MB): peak = 3443.520 ; gain = 343.574 ; free physical = 11554 ; free virtual = 105547
Synthesis Optimization Complete : Time (s): cpu = 00:00:15 ; elapsed = 00:00:18 . Memory (MB): peak = 3443.527 ; gain = 343.574 ; free physical = 11554 ; free virtual = 105547
INFO: [Project 1-571] Translating synthesized netlist
Netlist sorting complete. Time (s): cpu = 00:00:00 ; elapsed = 00:00:00 . Memory (MB): peak = 3454.426 ; gain = 0.000 ; free physical = 11646 ; free virtual = 105642
INFO: [Netlist 29-17] Analyzing 59 Unisim elements for replacement
INFO: [Netlist 29-28] Unisim Transformation completed in 0 CPU seconds
INFO: [Project 1-570] Preparing netlist for logic optimization
INFO: [Opt 31-138] Pushed 0 inverter(s) to 0 load pin(s).
Netlist sorting complete. Time (s): cpu = 00:00:00 ; elapsed = 00:00:00 . Memory (MB): peak = 3617.891 ; gain = 0.000 ; free physical = 11540 ; free virtual = 105536
INFO: [Project 1-111] Unisim Transformation Summary:
  A total of 47 instances were transformed.
  BUFG => BUFGCE: 1 instance 
  DSP48E2 => DSP48E2 (DSP_ALU, DSP_A_B_DATA, DSP_C_DATA, DSP_MULTIPLIER, DSP_M_DATA, DSP_OUTPUT, DSP_PREADD, DSP_PREADD_DATA): 3 instances
  IBUF => IBUF (IBUFCTRL, INBUF): 38 instances
  RAM64M8 => RAM64M8 (RAMD64E(x8)): 5 instances

Synth Design complete, checksum: 198b7930
INFO: [Common 17-83] Releasing license: Synthesis
27 Infos, 5 Warnings, 0 Critical Warnings and 0 Errors encountered.
synth_design completed successfully
synth_design: Time (s): cpu = 00:00:23 ; elapsed = 00:00:51 . Memory (MB): peak = 3617.891 ; gain = 548.152 ; free physical = 11591 ; free virtual = 105587
INFO: [Common 17-1381] The checkpoint '/home/miglioranza/Interleaver_BB/Interleaver_BB.runs/synth_1/block_interleaver.dcp' has been generated.
INFO: [runtcl-4] Executing : report_utilization -file block_interleaver_utilization_synth.rpt -pb block_interleaver_utilization_synth.pb
INFO: [Common 17-206] Exiting Vivado at Wed Mar 19 10:37:22 2025...
