xmvhdl(64): 20.09-s007: (c) Copyright 1995-2020 Cadence Design Systems, Inc.
TOOL:	xmvhdl(64)	20.09-s007: Started on Jun 05, 2025 at 18:27:48 CEST
xmvhdl
    -V93
    -64bit
    -messages
    -relax
    -logfile .tmp_log
    -update
    -work xil_defaultlib
    ./../../../../Mapper.srcs/sources_1/imports/miglioranza/mapper.vhd
    ./../../../../../mapper_tb.vhd

./../../../../Mapper.srcs/sources_1/imports/miglioranza/mapper.vhd:
	errors: 0, warnings: 0
./../../../../../mapper_tb.vhd:
	errors: 0, warnings: 0
XIL_DEFAULTLIB.MAPPER (entity):
	streams: 21, words: 1986
XIL_DEFAULTLIB.MAPPER:MAPPER_ARCH (architecture):
	streams: 1, words: 717
XIL_DEFAULTLIB.MAPPER_TB:BEHAVIOR (architecture):
	streams: 1, words: 2375
TOOL:	xmvhdl(64)	20.09-s007: Exiting on Jun 05, 2025 at 18:27:50 CEST  (total: 00:00:02)
