
*** Running vivado
    with args -log Design_2_Encoder_0_0.vds -m64 -product Vivado -mode batch -messageDb vivado.pb -notrace -source Design_2_Encoder_0_0.tcl


****** Vivado v2021.2 (64-bit)
  **** SW Build 3367213 on Tue Oct 19 02:47:39 MDT 2021
  **** IP Build 3369179 on Thu Oct 21 08:25:16 MDT 2021
    ** Copyright 1986-2021 Xilinx, Inc. All Rights Reserved.

source Design_2_Encoder_0_0.tcl -notrace
create_project: Time (s): cpu = 00:00:05 ; elapsed = 00:00:06 . Memory (MB): peak = 3081.609 ; gain = 2.016 ; free physical = 47668 ; free virtual = 111796
INFO: [IP_Flow 19-234] Refreshing IP repositories
INFO: [IP_Flow 19-1700] Loaded user IP repository '/home/miglioranza/Scrambler_32bits'.
INFO: [IP_Flow 19-1700] Loaded user IP repository '/home/miglioranza/Control_unit_transmitter'.
INFO: [IP_Flow 19-1700] Loaded user IP repository '/home/miglioranza/Mapper'.
INFO: [IP_Flow 19-1700] Loaded user IP repository '/home/miglioranza/Interleaver_BB'.
INFO: [IP_Flow 19-1700] Loaded user IP repository '/home/miglioranza/Polyphase_Filter_FI'.
INFO: [IP_Flow 19-1700] Loaded user IP repository '/home/miglioranza/Pre-distorsion_filter'.
INFO: [IP_Flow 19-1700] Loaded user IP repository '/home/miglioranza/Mapper_Tx'.
INFO: [IP_Flow 19-1700] Loaded user IP repository '/home/miglioranza/IP_repository'.
INFO: [IP_Flow 19-1700] Loaded user IP repository '/home/miglioranza/Data_splitter'.
INFO: [IP_Flow 19-1700] Loaded user IP repository '/home/miglioranza/FEC'.
INFO: [IP_Flow 19-2313] Loaded Vivado IP repository '/ihpusr/xilinx/vivado2021.2/Vivado/2021.2/data/ip'.
WARNING: [IP_Flow 19-1663] Duplicate IP found for 'user.org:user:Control_unit_top:1.0'. The one found in IP location '/home/miglioranza/Control_unit_transmitter/Control_unit_transmitter.srcs' will take precedence over the same IP in location /home/miglioranza/Control_unit_transmitter/Control_unit_transmitter.srcs/sources_1/new
WARNING: [IP_Flow 19-1663] Duplicate IP found for 'user.org:user:mapper:1.0'. The one found in IP location '/home/miglioranza/Mapper' will take precedence over the same IP in location /home/miglioranza/Mapper/Mapper_1
Command: synth_design -top Design_2_Encoder_0_0 -part xczu28dr-ffvg1517-2-e -mode out_of_context
Starting synth_design
Attempting to get a license for feature 'Synthesis' and/or device 'xczu28dr'
INFO: [Common 17-349] Got license for feature 'Synthesis' and/or device 'xczu28dr'
INFO: [Device 21-403] Loading part xczu28dr-ffvg1517-2-e
INFO: [Synth 8-7079] Multithreading enabled for synth_design using a maximum of 4 processes.
INFO: [Synth 8-7078] Launching helper process for spawning children vivado processes
INFO: [Synth 8-7075] Helper process launched with PID 1187302
---------------------------------------------------------------------------------
Starting RTL Elaboration : Time (s): cpu = 00:00:05 ; elapsed = 00:00:06 . Memory (MB): peak = 3477.133 ; gain = 229.688 ; free physical = 42587 ; free virtual = 106731
---------------------------------------------------------------------------------
INFO: [Synth 8-638] synthesizing module 'Design_2_Encoder_0_0' [/home/miglioranza/Transmitter/Transmitter.gen/sources_1/bd/Design_2/ip/Design_2_Encoder_0_0/synth/Design_2_Encoder_0_0.vhd:79]
INFO: [Synth 8-3491] module 'Encoder' declared at '/home/miglioranza/Transmitter/Transmitter.gen/sources_1/bd/Design_2/ipshared/4916/sources_1/new/Encoder.vhd:35' bound to instance 'U0' of component 'Encoder' [/home/miglioranza/Transmitter/Transmitter.gen/sources_1/bd/Design_2/ip/Design_2_Encoder_0_0/synth/Design_2_Encoder_0_0.vhd:121]
INFO: [Synth 8-638] synthesizing module 'Encoder' [/home/miglioranza/Transmitter/Transmitter.gen/sources_1/bd/Design_2/ipshared/4916/sources_1/new/Encoder.vhd:59]
WARNING: [Synth 8-614] signal 'end_of_frame' is read in the process but is not in the sensitivity list [/home/miglioranza/Transmitter/Transmitter.gen/sources_1/bd/Design_2/ipshared/4916/sources_1/new/Encoder.vhd:202]
WARNING: [Synth 8-614] signal 'finish_encoding' is read in the process but is not in the sensitivity list [/home/miglioranza/Transmitter/Transmitter.gen/sources_1/bd/Design_2/ipshared/4916/sources_1/new/Encoder.vhd:202]
WARNING: [Synth 8-614] signal 'temp' is read in the process but is not in the sensitivity list [/home/miglioranza/Transmitter/Transmitter.gen/sources_1/bd/Design_2/ipshared/4916/sources_1/new/Encoder.vhd:202]
INFO: [Synth 8-3491] module 'Wifi_Input_FSM' declared at '/home/miglioranza/Transmitter/Transmitter.gen/sources_1/bd/Design_2/ipshared/4916/sources_1/new/Wifi_Input_FSM.vhd:35' bound to instance 'FSM_Input' of component 'Wifi_Input_FSM' [/home/miglioranza/Transmitter/Transmitter.gen/sources_1/bd/Design_2/ipshared/4916/sources_1/new/Encoder.vhd:245]
INFO: [Synth 8-638] synthesizing module 'Wifi_Input_FSM' [/home/miglioranza/Transmitter/Transmitter.gen/sources_1/bd/Design_2/ipshared/4916/sources_1/new/Wifi_Input_FSM.vhd:55]
INFO: [Synth 8-226] default block is never used [/home/miglioranza/Transmitter/Transmitter.gen/sources_1/bd/Design_2/ipshared/4916/sources_1/new/Wifi_Input_FSM.vhd:80]
INFO: [Synth 8-226] default block is never used [/home/miglioranza/Transmitter/Transmitter.gen/sources_1/bd/Design_2/ipshared/4916/sources_1/new/Wifi_Input_FSM.vhd:120]
WARNING: [Synth 8-6014] Unused sequential element block_counter_reg was removed.  [/home/miglioranza/Transmitter/Transmitter.gen/sources_1/bd/Design_2/ipshared/4916/sources_1/new/Wifi_Input_FSM.vhd:175]
INFO: [Synth 8-256] done synthesizing module 'Wifi_Input_FSM' (1#1) [/home/miglioranza/Transmitter/Transmitter.gen/sources_1/bd/Design_2/ipshared/4916/sources_1/new/Wifi_Input_FSM.vhd:55]
INFO: [Synth 8-3491] module 'Output_fifo' declared at '/home/miglioranza/Transmitter/Transmitter.gen/sources_1/bd/Design_2/ipshared/4916/sources_1/new/Output_fifo.vhd:35' bound to instance 'out_fifo' of component 'Output_fifo' [/home/miglioranza/Transmitter/Transmitter.gen/sources_1/bd/Design_2/ipshared/4916/sources_1/new/Encoder.vhd:298]
INFO: [Synth 8-638] synthesizing module 'Output_fifo' [/home/miglioranza/Transmitter/Transmitter.gen/sources_1/bd/Design_2/ipshared/4916/sources_1/new/Output_fifo.vhd:55]
INFO: [Synth 8-226] default block is never used [/home/miglioranza/Transmitter/Transmitter.gen/sources_1/bd/Design_2/ipshared/4916/sources_1/new/Output_fifo.vhd:86]
INFO: [Synth 8-3491] module 'fifo_generator_0' declared at '/home/miglioranza/Transmitter/Transmitter.gen/sources_1/bd/Design_2/ip/Design_2_Encoder_0_0/sources_1/ip/fifo_generator_0/synth/fifo_generator_0.vhd:59' bound to instance 'axis_fifo' of component 'fifo_generator_0' [/home/miglioranza/Transmitter/Transmitter.gen/sources_1/bd/Design_2/ipshared/4916/sources_1/new/Output_fifo.vhd:102]
INFO: [Synth 8-638] synthesizing module 'fifo_generator_0' [/home/miglioranza/Transmitter/Transmitter.gen/sources_1/bd/Design_2/ip/Design_2_Encoder_0_0/sources_1/ip/fifo_generator_0/synth/fifo_generator_0.vhd:77]
	Parameter C_COMMON_CLOCK bound to: 1 - type: integer 
	Parameter C_SELECT_XPM bound to: 0 - type: integer 
	Parameter C_COUNT_TYPE bound to: 0 - type: integer 
	Parameter C_DATA_COUNT_WIDTH bound to: 10 - type: integer 
	Parameter C_DEFAULT_VALUE bound to: BlankString - type: string 
	Parameter C_DIN_WIDTH bound to: 18 - type: integer 
	Parameter C_DOUT_RST_VAL bound to: 0 - type: string 
	Parameter C_DOUT_WIDTH bound to: 18 - type: integer 
	Parameter C_ENABLE_RLOCS bound to: 0 - type: integer 
	Parameter C_FAMILY bound to: zynquplus - type: string 
	Parameter C_FULL_FLAGS_RST_VAL bound to: 1 - type: integer 
	Parameter C_HAS_ALMOST_EMPTY bound to: 0 - type: integer 
	Parameter C_HAS_ALMOST_FULL bound to: 0 - type: integer 
	Parameter C_HAS_BACKUP bound to: 0 - type: integer 
	Parameter C_HAS_DATA_COUNT bound to: 0 - type: integer 
	Parameter C_HAS_INT_CLK bound to: 0 - type: integer 
	Parameter C_HAS_MEMINIT_FILE bound to: 0 - type: integer 
	Parameter C_HAS_OVERFLOW bound to: 0 - type: integer 
	Parameter C_HAS_RD_DATA_COUNT bound to: 0 - type: integer 
	Parameter C_HAS_RD_RST bound to: 0 - type: integer 
	Parameter C_HAS_RST bound to: 1 - type: integer 
	Parameter C_HAS_SRST bound to: 0 - type: integer 
	Parameter C_HAS_UNDERFLOW bound to: 0 - type: integer 
	Parameter C_HAS_VALID bound to: 0 - type: integer 
	Parameter C_HAS_WR_ACK bound to: 0 - type: integer 
	Parameter C_HAS_WR_DATA_COUNT bound to: 0 - type: integer 
	Parameter C_HAS_WR_RST bound to: 0 - type: integer 
	Parameter C_IMPLEMENTATION_TYPE bound to: 0 - type: integer 
	Parameter C_INIT_WR_PNTR_VAL bound to: 0 - type: integer 
	Parameter C_MEMORY_TYPE bound to: 1 - type: integer 
	Parameter C_MIF_FILE_NAME bound to: BlankString - type: string 
	Parameter C_OPTIMIZATION_MODE bound to: 0 - type: integer 
	Parameter C_OVERFLOW_LOW bound to: 0 - type: integer 
	Parameter C_PRELOAD_LATENCY bound to: 2 - type: integer 
	Parameter C_PRELOAD_REGS bound to: 1 - type: integer 
	Parameter C_PRIM_FIFO_TYPE bound to: 4kx4 - type: string 
	Parameter C_PROG_EMPTY_THRESH_ASSERT_VAL bound to: 2 - type: integer 
	Parameter C_PROG_EMPTY_THRESH_NEGATE_VAL bound to: 3 - type: integer 
	Parameter C_PROG_EMPTY_TYPE bound to: 0 - type: integer 
	Parameter C_PROG_FULL_THRESH_ASSERT_VAL bound to: 1022 - type: integer 
	Parameter C_PROG_FULL_THRESH_NEGATE_VAL bound to: 1021 - type: integer 
	Parameter C_PROG_FULL_TYPE bound to: 0 - type: integer 
	Parameter C_RD_DATA_COUNT_WIDTH bound to: 10 - type: integer 
	Parameter C_RD_DEPTH bound to: 1024 - type: integer 
	Parameter C_RD_FREQ bound to: 1 - type: integer 
	Parameter C_RD_PNTR_WIDTH bound to: 10 - type: integer 
	Parameter C_UNDERFLOW_LOW bound to: 0 - type: integer 
	Parameter C_USE_DOUT_RST bound to: 1 - type: integer 
	Parameter C_USE_ECC bound to: 0 - type: integer 
	Parameter C_USE_EMBEDDED_REG bound to: 0 - type: integer 
	Parameter C_USE_PIPELINE_REG bound to: 0 - type: integer 
	Parameter C_POWER_SAVING_MODE bound to: 0 - type: integer 
	Parameter C_USE_FIFO16_FLAGS bound to: 0 - type: integer 
	Parameter C_USE_FWFT_DATA_COUNT bound to: 0 - type: integer 
	Parameter C_VALID_LOW bound to: 0 - type: integer 
	Parameter C_WR_ACK_LOW bound to: 0 - type: integer 
	Parameter C_WR_DATA_COUNT_WIDTH bound to: 10 - type: integer 
	Parameter C_WR_DEPTH bound to: 1024 - type: integer 
	Parameter C_WR_FREQ bound to: 1 - type: integer 
	Parameter C_WR_PNTR_WIDTH bound to: 10 - type: integer 
	Parameter C_WR_RESPONSE_LATENCY bound to: 1 - type: integer 
	Parameter C_MSGON_VAL bound to: 1 - type: integer 
	Parameter C_ENABLE_RST_SYNC bound to: 1 - type: integer 
	Parameter C_EN_SAFETY_CKT bound to: 1 - type: integer 
	Parameter C_ERROR_INJECTION_TYPE bound to: 0 - type: integer 
	Parameter C_SYNCHRONIZER_STAGE bound to: 2 - type: integer 
	Parameter C_INTERFACE_TYPE bound to: 1 - type: integer 
	Parameter C_AXI_TYPE bound to: 1 - type: integer 
	Parameter C_HAS_AXI_WR_CHANNEL bound to: 1 - type: integer 
	Parameter C_HAS_AXI_RD_CHANNEL bound to: 1 - type: integer 
	Parameter C_HAS_SLAVE_CE bound to: 0 - type: integer 
	Parameter C_HAS_MASTER_CE bound to: 0 - type: integer 
	Parameter C_ADD_NGC_CONSTRAINT bound to: 0 - type: integer 
	Parameter C_USE_COMMON_OVERFLOW bound to: 0 - type: integer 
	Parameter C_USE_COMMON_UNDERFLOW bound to: 0 - type: integer 
	Parameter C_USE_DEFAULT_SETTINGS bound to: 0 - type: integer 
	Parameter C_AXI_ID_WIDTH bound to: 1 - type: integer 
	Parameter C_AXI_ADDR_WIDTH bound to: 32 - type: integer 
	Parameter C_AXI_DATA_WIDTH bound to: 64 - type: integer 
	Parameter C_AXI_LEN_WIDTH bound to: 8 - type: integer 
	Parameter C_AXI_LOCK_WIDTH bound to: 1 - type: integer 
	Parameter C_HAS_AXI_ID bound to: 0 - type: integer 
	Parameter C_HAS_AXI_AWUSER bound to: 0 - type: integer 
	Parameter C_HAS_AXI_WUSER bound to: 0 - type: integer 
	Parameter C_HAS_AXI_BUSER bound to: 0 - type: integer 
	Parameter C_HAS_AXI_ARUSER bound to: 0 - type: integer 
	Parameter C_HAS_AXI_RUSER bound to: 0 - type: integer 
	Parameter C_AXI_ARUSER_WIDTH bound to: 1 - type: integer 
	Parameter C_AXI_AWUSER_WIDTH bound to: 1 - type: integer 
	Parameter C_AXI_WUSER_WIDTH bound to: 1 - type: integer 
	Parameter C_AXI_BUSER_WIDTH bound to: 1 - type: integer 
	Parameter C_AXI_RUSER_WIDTH bound to: 1 - type: integer 
	Parameter C_HAS_AXIS_TDATA bound to: 1 - type: integer 
	Parameter C_HAS_AXIS_TID bound to: 0 - type: integer 
	Parameter C_HAS_AXIS_TDEST bound to: 0 - type: integer 
	Parameter C_HAS_AXIS_TUSER bound to: 0 - type: integer 
	Parameter C_HAS_AXIS_TREADY bound to: 1 - type: integer 
	Parameter C_HAS_AXIS_TLAST bound to: 1 - type: integer 
	Parameter C_HAS_AXIS_TSTRB bound to: 0 - type: integer 
	Parameter C_HAS_AXIS_TKEEP bound to: 0 - type: integer 
	Parameter C_AXIS_TDATA_WIDTH bound to: 32 - type: integer 
	Parameter C_AXIS_TID_WIDTH bound to: 1 - type: integer 
	Parameter C_AXIS_TDEST_WIDTH bound to: 1 - type: integer 
	Parameter C_AXIS_TUSER_WIDTH bound to: 1 - type: integer 
	Parameter C_AXIS_TSTRB_WIDTH bound to: 4 - type: integer 
	Parameter C_AXIS_TKEEP_WIDTH bound to: 4 - type: integer 
	Parameter C_WACH_TYPE bound to: 0 - type: integer 
	Parameter C_WDCH_TYPE bound to: 0 - type: integer 
	Parameter C_WRCH_TYPE bound to: 0 - type: integer 
	Parameter C_RACH_TYPE bound to: 0 - type: integer 
	Parameter C_RDCH_TYPE bound to: 0 - type: integer 
	Parameter C_AXIS_TYPE bound to: 0 - type: integer 
	Parameter C_IMPLEMENTATION_TYPE_WACH bound to: 2 - type: integer 
	Parameter C_IMPLEMENTATION_TYPE_WDCH bound to: 5 - type: integer 
	Parameter C_IMPLEMENTATION_TYPE_WRCH bound to: 2 - type: integer 
	Parameter C_IMPLEMENTATION_TYPE_RACH bound to: 2 - type: integer 
	Parameter C_IMPLEMENTATION_TYPE_RDCH bound to: 5 - type: integer 
	Parameter C_IMPLEMENTATION_TYPE_AXIS bound to: 1 - type: integer 
	Parameter C_APPLICATION_TYPE_WACH bound to: 0 - type: integer 
	Parameter C_APPLICATION_TYPE_WDCH bound to: 4 - type: integer 
	Parameter C_APPLICATION_TYPE_WRCH bound to: 0 - type: integer 
	Parameter C_APPLICATION_TYPE_RACH bound to: 0 - type: integer 
	Parameter C_APPLICATION_TYPE_RDCH bound to: 4 - type: integer 
	Parameter C_APPLICATION_TYPE_AXIS bound to: 0 - type: integer 
	Parameter C_PRIM_FIFO_TYPE_WACH bound to: 512x36 - type: string 
	Parameter C_PRIM_FIFO_TYPE_WDCH bound to: 1kx36 - type: string 
	Parameter C_PRIM_FIFO_TYPE_WRCH bound to: 512x36 - type: string 
	Parameter C_PRIM_FIFO_TYPE_RACH bound to: 512x36 - type: string 
	Parameter C_PRIM_FIFO_TYPE_RDCH bound to: 1kx36 - type: string 
	Parameter C_PRIM_FIFO_TYPE_AXIS bound to: 4kx9 - type: string 
	Parameter C_USE_ECC_WACH bound to: 0 - type: integer 
	Parameter C_USE_ECC_WDCH bound to: 0 - type: integer 
	Parameter C_USE_ECC_WRCH bound to: 0 - type: integer 
	Parameter C_USE_ECC_RACH bound to: 0 - type: integer 
	Parameter C_USE_ECC_RDCH bound to: 0 - type: integer 
	Parameter C_USE_ECC_AXIS bound to: 0 - type: integer 
	Parameter C_ERROR_INJECTION_TYPE_WACH bound to: 0 - type: integer 
	Parameter C_ERROR_INJECTION_TYPE_WDCH bound to: 0 - type: integer 
	Parameter C_ERROR_INJECTION_TYPE_WRCH bound to: 0 - type: integer 
	Parameter C_ERROR_INJECTION_TYPE_RACH bound to: 0 - type: integer 
	Parameter C_ERROR_INJECTION_TYPE_RDCH bound to: 0 - type: integer 
	Parameter C_ERROR_INJECTION_TYPE_AXIS bound to: 0 - type: integer 
	Parameter C_DIN_WIDTH_WACH bound to: 32 - type: integer 
	Parameter C_DIN_WIDTH_WDCH bound to: 64 - type: integer 
	Parameter C_DIN_WIDTH_WRCH bound to: 2 - type: integer 
	Parameter C_DIN_WIDTH_RACH bound to: 32 - type: integer 
	Parameter C_DIN_WIDTH_RDCH bound to: 64 - type: integer 
	Parameter C_DIN_WIDTH_AXIS bound to: 33 - type: integer 
	Parameter C_WR_DEPTH_WACH bound to: 16 - type: integer 
	Parameter C_WR_DEPTH_WDCH bound to: 1024 - type: integer 
	Parameter C_WR_DEPTH_WRCH bound to: 16 - type: integer 
	Parameter C_WR_DEPTH_RACH bound to: 16 - type: integer 
	Parameter C_WR_DEPTH_RDCH bound to: 1024 - type: integer 
	Parameter C_WR_DEPTH_AXIS bound to: 4096 - type: integer 
	Parameter C_WR_PNTR_WIDTH_WACH bound to: 4 - type: integer 
	Parameter C_WR_PNTR_WIDTH_WDCH bound to: 10 - type: integer 
	Parameter C_WR_PNTR_WIDTH_WRCH bound to: 4 - type: integer 
	Parameter C_WR_PNTR_WIDTH_RACH bound to: 4 - type: integer 
	Parameter C_WR_PNTR_WIDTH_RDCH bound to: 10 - type: integer 
	Parameter C_WR_PNTR_WIDTH_AXIS bound to: 12 - type: integer 
	Parameter C_HAS_DATA_COUNTS_WACH bound to: 0 - type: integer 
	Parameter C_HAS_DATA_COUNTS_WDCH bound to: 0 - type: integer 
	Parameter C_HAS_DATA_COUNTS_WRCH bound to: 0 - type: integer 
	Parameter C_HAS_DATA_COUNTS_RACH bound to: 0 - type: integer 
	Parameter C_HAS_DATA_COUNTS_RDCH bound to: 0 - type: integer 
	Parameter C_HAS_DATA_COUNTS_AXIS bound to: 1 - type: integer 
	Parameter C_HAS_PROG_FLAGS_WACH bound to: 0 - type: integer 
	Parameter C_HAS_PROG_FLAGS_WDCH bound to: 0 - type: integer 
	Parameter C_HAS_PROG_FLAGS_WRCH bound to: 0 - type: integer 
	Parameter C_HAS_PROG_FLAGS_RACH bound to: 0 - type: integer 
	Parameter C_HAS_PROG_FLAGS_RDCH bound to: 0 - type: integer 
	Parameter C_HAS_PROG_FLAGS_AXIS bound to: 0 - type: integer 
	Parameter C_PROG_FULL_TYPE_WACH bound to: 0 - type: integer 
	Parameter C_PROG_FULL_TYPE_WDCH bound to: 0 - type: integer 
	Parameter C_PROG_FULL_TYPE_WRCH bound to: 0 - type: integer 
	Parameter C_PROG_FULL_TYPE_RACH bound to: 0 - type: integer 
	Parameter C_PROG_FULL_TYPE_RDCH bound to: 0 - type: integer 
	Parameter C_PROG_FULL_TYPE_AXIS bound to: 0 - type: integer 
	Parameter C_PROG_FULL_THRESH_ASSERT_VAL_WACH bound to: 15 - type: integer 
	Parameter C_PROG_FULL_THRESH_ASSERT_VAL_WDCH bound to: 1023 - type: integer 
	Parameter C_PROG_FULL_THRESH_ASSERT_VAL_WRCH bound to: 15 - type: integer 
	Parameter C_PROG_FULL_THRESH_ASSERT_VAL_RACH bound to: 15 - type: integer 
	Parameter C_PROG_FULL_THRESH_ASSERT_VAL_RDCH bound to: 1023 - type: integer 
	Parameter C_PROG_FULL_THRESH_ASSERT_VAL_AXIS bound to: 4095 - type: integer 
	Parameter C_PROG_EMPTY_TYPE_WACH bound to: 0 - type: integer 
	Parameter C_PROG_EMPTY_TYPE_WDCH bound to: 0 - type: integer 
	Parameter C_PROG_EMPTY_TYPE_WRCH bound to: 0 - type: integer 
	Parameter C_PROG_EMPTY_TYPE_RACH bound to: 0 - type: integer 
	Parameter C_PROG_EMPTY_TYPE_RDCH bound to: 0 - type: integer 
	Parameter C_PROG_EMPTY_TYPE_AXIS bound to: 0 - type: integer 
	Parameter C_PROG_EMPTY_THRESH_ASSERT_VAL_WACH bound to: 14 - type: integer 
	Parameter C_PROG_EMPTY_THRESH_ASSERT_VAL_WDCH bound to: 1022 - type: integer 
	Parameter C_PROG_EMPTY_THRESH_ASSERT_VAL_WRCH bound to: 14 - type: integer 
	Parameter C_PROG_EMPTY_THRESH_ASSERT_VAL_RACH bound to: 14 - type: integer 
	Parameter C_PROG_EMPTY_THRESH_ASSERT_VAL_RDCH bound to: 1022 - type: integer 
	Parameter C_PROG_EMPTY_THRESH_ASSERT_VAL_AXIS bound to: 4094 - type: integer 
	Parameter C_REG_SLICE_MODE_WACH bound to: 0 - type: integer 
	Parameter C_REG_SLICE_MODE_WDCH bound to: 0 - type: integer 
	Parameter C_REG_SLICE_MODE_WRCH bound to: 0 - type: integer 
	Parameter C_REG_SLICE_MODE_RACH bound to: 0 - type: integer 
	Parameter C_REG_SLICE_MODE_RDCH bound to: 0 - type: integer 
	Parameter C_REG_SLICE_MODE_AXIS bound to: 0 - type: integer 
INFO: [Synth 8-3491] module 'fifo_generator_v13_2_6' declared at '/home/miglioranza/Transmitter/Transmitter.gen/sources_1/bd/Design_2/ip/Design_2_Encoder_0_0/sources_1/ip/fifo_generator_0/hdl/fifo_generator_v13_2_vhsyn_rfs.vhd:38604' bound to instance 'U0' of component 'fifo_generator_v13_2_6' [/home/miglioranza/Transmitter/Transmitter.gen/sources_1/bd/Design_2/ip/Design_2_Encoder_0_0/sources_1/ip/fifo_generator_0/synth/fifo_generator_0.vhd:551]
INFO: [Synth 8-6157] synthesizing module 'xpm_cdc_sync_rst' [/ihpusr/xilinx/vivado2021.2/Vivado/2021.2/data/ip/xpm/xpm_cdc/hdl/xpm_cdc.sv:1059]
INFO: [Synth 8-6155] done synthesizing module 'xpm_cdc_sync_rst' (2#1) [/ihpusr/xilinx/vivado2021.2/Vivado/2021.2/data/ip/xpm/xpm_cdc/hdl/xpm_cdc.sv:1059]
INFO: [Synth 8-256] done synthesizing module 'fifo_generator_0' (29#1) [/home/miglioranza/Transmitter/Transmitter.gen/sources_1/bd/Design_2/ip/Design_2_Encoder_0_0/sources_1/ip/fifo_generator_0/synth/fifo_generator_0.vhd:77]
INFO: [Synth 8-256] done synthesizing module 'Output_fifo' (30#1) [/home/miglioranza/Transmitter/Transmitter.gen/sources_1/bd/Design_2/ipshared/4916/sources_1/new/Output_fifo.vhd:55]
INFO: [Synth 8-3491] module 'LDPC_core' declared at '/home/miglioranza/Transmitter/Transmitter.gen/sources_1/bd/Design_2/ipshared/4916/sources_1/new/LDPC_core.vhd:35' bound to instance 'LDPC_encoder_1x16_inst0' of component 'LDPC_core' [/home/miglioranza/Transmitter/Transmitter.gen/sources_1/bd/Design_2/ipshared/4916/sources_1/new/Encoder.vhd:316]
INFO: [Synth 8-638] synthesizing module 'LDPC_core' [/home/miglioranza/Transmitter/Transmitter.gen/sources_1/bd/Design_2/ipshared/4916/sources_1/new/LDPC_core.vhd:57]
INFO: [Synth 8-3491] module 'sd_fec_0' declared at '/home/miglioranza/Transmitter/Transmitter.gen/sources_1/bd/Design_2/ip/Design_2_Encoder_0_0/sources_1/ip/sd_fec_0/synth/sd_fec_0.sv:59' bound to instance 'ldpc_encoder' of component 'sd_fec_0' [/home/miglioranza/Transmitter/Transmitter.gen/sources_1/bd/Design_2/ipshared/4916/sources_1/new/LDPC_core.vhd:109]
INFO: [Synth 8-6157] synthesizing module 'sd_fec_0' [/home/miglioranza/Transmitter/Transmitter.gen/sources_1/bd/Design_2/ip/Design_2_Encoder_0_0/sources_1/ip/sd_fec_0/synth/sd_fec_0.sv:59]
INFO: [Synth 8-6157] synthesizing module 'xpm_cdc_sync_rst__parameterized0' [/ihpusr/xilinx/vivado2021.2/Vivado/2021.2/data/ip/xpm/xpm_cdc/hdl/xpm_cdc.sv:1059]
INFO: [Synth 8-6155] done synthesizing module 'xpm_cdc_sync_rst__parameterized0' (31#1) [/ihpusr/xilinx/vivado2021.2/Vivado/2021.2/data/ip/xpm/xpm_cdc/hdl/xpm_cdc.sv:1059]
WARNING: [Synth 8-6014] Unused sequential element mem_array_reg was removed. 
INFO: [Synth 8-6157] synthesizing module 'SRL16E' [/ihpusr/xilinx/vivado2021.2/Vivado/2021.2/scripts/rt/data/unisim_comp_diablo.v:107165]
INFO: [Synth 8-6155] done synthesizing module 'SRL16E' (41#1) [/ihpusr/xilinx/vivado2021.2/Vivado/2021.2/scripts/rt/data/unisim_comp_diablo.v:107165]
INFO: [Synth 8-6157] synthesizing module 'xpm_fifo_sync' [/ihpusr/xilinx/vivado2021.2/Vivado/2021.2/data/ip/xpm/xpm_fifo/hdl/xpm_fifo.sv:1951]
INFO: [Synth 8-6157] synthesizing module 'xpm_fifo_base' [/ihpusr/xilinx/vivado2021.2/Vivado/2021.2/data/ip/xpm/xpm_fifo/hdl/xpm_fifo.sv:56]
INFO: [Synth 8-6157] synthesizing module 'xpm_memory_base' [/ihpusr/xilinx/vivado2021.2/Vivado/2021.2/data/ip/xpm/xpm_memory/hdl/xpm_memory.sv:57]
WARNING: [Synth 8-6014] Unused sequential element gen_rd_b.gen_doutb_pipe.enb_pipe_reg[0] was removed.  [/ihpusr/xilinx/vivado2021.2/Vivado/2021.2/data/ip/xpm/xpm_memory/hdl/xpm_memory.sv:3015]
INFO: [Synth 8-6155] done synthesizing module 'xpm_memory_base' (44#1) [/ihpusr/xilinx/vivado2021.2/Vivado/2021.2/data/ip/xpm/xpm_memory/hdl/xpm_memory.sv:57]
INFO: [Synth 8-226] default block is never used [/ihpusr/xilinx/vivado2021.2/Vivado/2021.2/data/ip/xpm/xpm_fifo/hdl/xpm_fifo.sv:1206]
INFO: [Synth 8-226] default block is never used [/ihpusr/xilinx/vivado2021.2/Vivado/2021.2/data/ip/xpm/xpm_fifo/hdl/xpm_fifo.sv:1273]
INFO: [Synth 8-226] default block is never used [/ihpusr/xilinx/vivado2021.2/Vivado/2021.2/data/ip/xpm/xpm_fifo/hdl/xpm_fifo.sv:1295]
INFO: [Synth 8-6157] synthesizing module 'xpm_fifo_reg_bit' [/ihpusr/xilinx/vivado2021.2/Vivado/2021.2/data/ip/xpm/xpm_fifo/hdl/xpm_fifo.sv:1906]
INFO: [Synth 8-6155] done synthesizing module 'xpm_fifo_reg_bit' (45#1) [/ihpusr/xilinx/vivado2021.2/Vivado/2021.2/data/ip/xpm/xpm_fifo/hdl/xpm_fifo.sv:1906]
INFO: [Synth 8-6157] synthesizing module 'xpm_counter_updn' [/ihpusr/xilinx/vivado2021.2/Vivado/2021.2/data/ip/xpm/xpm_fifo/hdl/xpm_fifo.sv:1858]
INFO: [Synth 8-6155] done synthesizing module 'xpm_counter_updn' (46#1) [/ihpusr/xilinx/vivado2021.2/Vivado/2021.2/data/ip/xpm/xpm_fifo/hdl/xpm_fifo.sv:1858]
INFO: [Synth 8-6157] synthesizing module 'xpm_fifo_rst' [/ihpusr/xilinx/vivado2021.2/Vivado/2021.2/data/ip/xpm/xpm_fifo/hdl/xpm_fifo.sv:1618]
INFO: [Synth 8-6155] done synthesizing module 'xpm_fifo_rst' (47#1) [/ihpusr/xilinx/vivado2021.2/Vivado/2021.2/data/ip/xpm/xpm_fifo/hdl/xpm_fifo.sv:1618]
INFO: [Synth 8-6157] synthesizing module 'xpm_counter_updn__parameterized0' [/ihpusr/xilinx/vivado2021.2/Vivado/2021.2/data/ip/xpm/xpm_fifo/hdl/xpm_fifo.sv:1858]
INFO: [Synth 8-6155] done synthesizing module 'xpm_counter_updn__parameterized0' (47#1) [/ihpusr/xilinx/vivado2021.2/Vivado/2021.2/data/ip/xpm/xpm_fifo/hdl/xpm_fifo.sv:1858]
INFO: [Synth 8-6157] synthesizing module 'xpm_counter_updn__parameterized1' [/ihpusr/xilinx/vivado2021.2/Vivado/2021.2/data/ip/xpm/xpm_fifo/hdl/xpm_fifo.sv:1858]
INFO: [Synth 8-6155] done synthesizing module 'xpm_counter_updn__parameterized1' (47#1) [/ihpusr/xilinx/vivado2021.2/Vivado/2021.2/data/ip/xpm/xpm_fifo/hdl/xpm_fifo.sv:1858]
INFO: [Synth 8-6157] synthesizing module 'xpm_counter_updn__parameterized2' [/ihpusr/xilinx/vivado2021.2/Vivado/2021.2/data/ip/xpm/xpm_fifo/hdl/xpm_fifo.sv:1858]
INFO: [Synth 8-6155] done synthesizing module 'xpm_counter_updn__parameterized2' (47#1) [/ihpusr/xilinx/vivado2021.2/Vivado/2021.2/data/ip/xpm/xpm_fifo/hdl/xpm_fifo.sv:1858]
WARNING: [Synth 8-6014] Unused sequential element gen_fwft.empty_fwft_fb_reg was removed.  [/ihpusr/xilinx/vivado2021.2/Vivado/2021.2/data/ip/xpm/xpm_fifo/hdl/xpm_fifo.sv:1390]
INFO: [Synth 8-6155] done synthesizing module 'xpm_fifo_base' (48#1) [/ihpusr/xilinx/vivado2021.2/Vivado/2021.2/data/ip/xpm/xpm_fifo/hdl/xpm_fifo.sv:56]
INFO: [Synth 8-6155] done synthesizing module 'xpm_fifo_sync' (49#1) [/ihpusr/xilinx/vivado2021.2/Vivado/2021.2/data/ip/xpm/xpm_fifo/hdl/xpm_fifo.sv:1951]
INFO: [Synth 8-6157] synthesizing module 'xpm_fifo_sync__parameterized0' [/ihpusr/xilinx/vivado2021.2/Vivado/2021.2/data/ip/xpm/xpm_fifo/hdl/xpm_fifo.sv:1951]
INFO: [Synth 8-6157] synthesizing module 'xpm_fifo_base__parameterized0' [/ihpusr/xilinx/vivado2021.2/Vivado/2021.2/data/ip/xpm/xpm_fifo/hdl/xpm_fifo.sv:56]
INFO: [Synth 8-6157] synthesizing module 'xpm_memory_base__parameterized0' [/ihpusr/xilinx/vivado2021.2/Vivado/2021.2/data/ip/xpm/xpm_memory/hdl/xpm_memory.sv:57]
WARNING: [Synth 8-6014] Unused sequential element gen_rd_b.gen_doutb_pipe.enb_pipe_reg[0] was removed.  [/ihpusr/xilinx/vivado2021.2/Vivado/2021.2/data/ip/xpm/xpm_memory/hdl/xpm_memory.sv:3015]
INFO: [Synth 8-6155] done synthesizing module 'xpm_memory_base__parameterized0' (49#1) [/ihpusr/xilinx/vivado2021.2/Vivado/2021.2/data/ip/xpm/xpm_memory/hdl/xpm_memory.sv:57]
INFO: [Synth 8-226] default block is never used [/ihpusr/xilinx/vivado2021.2/Vivado/2021.2/data/ip/xpm/xpm_fifo/hdl/xpm_fifo.sv:1206]
INFO: [Synth 8-226] default block is never used [/ihpusr/xilinx/vivado2021.2/Vivado/2021.2/data/ip/xpm/xpm_fifo/hdl/xpm_fifo.sv:1273]
INFO: [Synth 8-226] default block is never used [/ihpusr/xilinx/vivado2021.2/Vivado/2021.2/data/ip/xpm/xpm_fifo/hdl/xpm_fifo.sv:1295]
WARNING: [Synth 8-6014] Unused sequential element gen_fwft.empty_fwft_fb_reg was removed.  [/ihpusr/xilinx/vivado2021.2/Vivado/2021.2/data/ip/xpm/xpm_fifo/hdl/xpm_fifo.sv:1390]
INFO: [Synth 8-6155] done synthesizing module 'xpm_fifo_base__parameterized0' (49#1) [/ihpusr/xilinx/vivado2021.2/Vivado/2021.2/data/ip/xpm/xpm_fifo/hdl/xpm_fifo.sv:56]
INFO: [Synth 8-6155] done synthesizing module 'xpm_fifo_sync__parameterized0' (49#1) [/ihpusr/xilinx/vivado2021.2/Vivado/2021.2/data/ip/xpm/xpm_fifo/hdl/xpm_fifo.sv:1951]
INFO: [Synth 8-6157] synthesizing module 'FE' [/ihpusr/xilinx/vivado2021.2/Vivado/2021.2/scripts/rt/data/unisim_comp_diablo.v:28032]
INFO: [Synth 8-6155] done synthesizing module 'FE' (53#1) [/ihpusr/xilinx/vivado2021.2/Vivado/2021.2/scripts/rt/data/unisim_comp_diablo.v:28032]
INFO: [Synth 8-6155] done synthesizing module 'sd_fec_0' (56#1) [/home/miglioranza/Transmitter/Transmitter.gen/sources_1/bd/Design_2/ip/Design_2_Encoder_0_0/sources_1/ip/sd_fec_0/synth/sd_fec_0.sv:59]
INFO: [Synth 8-256] done synthesizing module 'LDPC_core' (57#1) [/home/miglioranza/Transmitter/Transmitter.gen/sources_1/bd/Design_2/ipshared/4916/sources_1/new/LDPC_core.vhd:57]
INFO: [Synth 8-3491] module 'LDPC_core' declared at '/home/miglioranza/Transmitter/Transmitter.gen/sources_1/bd/Design_2/ipshared/4916/sources_1/new/LDPC_core.vhd:35' bound to instance 'LDPC_encoder_1x16_inst1' of component 'LDPC_core' [/home/miglioranza/Transmitter/Transmitter.gen/sources_1/bd/Design_2/ipshared/4916/sources_1/new/Encoder.vhd:337]
INFO: [Synth 8-3491] module 'LDPC_core' declared at '/home/miglioranza/Transmitter/Transmitter.gen/sources_1/bd/Design_2/ipshared/4916/sources_1/new/LDPC_core.vhd:35' bound to instance 'LDPC_encoder_1x16_inst2' of component 'LDPC_core' [/home/miglioranza/Transmitter/Transmitter.gen/sources_1/bd/Design_2/ipshared/4916/sources_1/new/Encoder.vhd:358]
INFO: [Synth 8-3491] module 'LDPC_core' declared at '/home/miglioranza/Transmitter/Transmitter.gen/sources_1/bd/Design_2/ipshared/4916/sources_1/new/LDPC_core.vhd:35' bound to instance 'LDPC_encoder_1x16_inst3' of component 'LDPC_core' [/home/miglioranza/Transmitter/Transmitter.gen/sources_1/bd/Design_2/ipshared/4916/sources_1/new/Encoder.vhd:379]
INFO: [Synth 8-256] done synthesizing module 'Encoder' (58#1) [/home/miglioranza/Transmitter/Transmitter.gen/sources_1/bd/Design_2/ipshared/4916/sources_1/new/Encoder.vhd:59]
INFO: [Synth 8-256] done synthesizing module 'Design_2_Encoder_0_0' (59#1) [/home/miglioranza/Transmitter/Transmitter.gen/sources_1/bd/Design_2/ip/Design_2_Encoder_0_0/synth/Design_2_Encoder_0_0.vhd:79]
WARNING: [Synth 8-7129] Port rd_clk in module xpm_fifo_rst is either unconnected or has no load
WARNING: [Synth 8-7129] Port sleep in module xpm_memory_base__parameterized0 is either unconnected or has no load
WARNING: [Synth 8-7129] Port rsta in module xpm_memory_base__parameterized0 is either unconnected or has no load
WARNING: [Synth 8-7129] Port regcea in module xpm_memory_base__parameterized0 is either unconnected or has no load
WARNING: [Synth 8-7129] Port injectsbiterra in module xpm_memory_base__parameterized0 is either unconnected or has no load
WARNING: [Synth 8-7129] Port injectdbiterra in module xpm_memory_base__parameterized0 is either unconnected or has no load
WARNING: [Synth 8-7129] Port clkb in module xpm_memory_base__parameterized0 is either unconnected or has no load
WARNING: [Synth 8-7129] Port web[0] in module xpm_memory_base__parameterized0 is either unconnected or has no load
WARNING: [Synth 8-7129] Port dinb[17] in module xpm_memory_base__parameterized0 is either unconnected or has no load
WARNING: [Synth 8-7129] Port dinb[16] in module xpm_memory_base__parameterized0 is either unconnected or has no load
WARNING: [Synth 8-7129] Port dinb[15] in module xpm_memory_base__parameterized0 is either unconnected or has no load
WARNING: [Synth 8-7129] Port dinb[14] in module xpm_memory_base__parameterized0 is either unconnected or has no load
WARNING: [Synth 8-7129] Port dinb[13] in module xpm_memory_base__parameterized0 is either unconnected or has no load
WARNING: [Synth 8-7129] Port dinb[12] in module xpm_memory_base__parameterized0 is either unconnected or has no load
WARNING: [Synth 8-7129] Port dinb[11] in module xpm_memory_base__parameterized0 is either unconnected or has no load
WARNING: [Synth 8-7129] Port dinb[10] in module xpm_memory_base__parameterized0 is either unconnected or has no load
WARNING: [Synth 8-7129] Port dinb[9] in module xpm_memory_base__parameterized0 is either unconnected or has no load
WARNING: [Synth 8-7129] Port dinb[8] in module xpm_memory_base__parameterized0 is either unconnected or has no load
WARNING: [Synth 8-7129] Port dinb[7] in module xpm_memory_base__parameterized0 is either unconnected or has no load
WARNING: [Synth 8-7129] Port dinb[6] in module xpm_memory_base__parameterized0 is either unconnected or has no load
WARNING: [Synth 8-7129] Port dinb[5] in module xpm_memory_base__parameterized0 is either unconnected or has no load
WARNING: [Synth 8-7129] Port dinb[4] in module xpm_memory_base__parameterized0 is either unconnected or has no load
WARNING: [Synth 8-7129] Port dinb[3] in module xpm_memory_base__parameterized0 is either unconnected or has no load
WARNING: [Synth 8-7129] Port dinb[2] in module xpm_memory_base__parameterized0 is either unconnected or has no load
WARNING: [Synth 8-7129] Port dinb[1] in module xpm_memory_base__parameterized0 is either unconnected or has no load
WARNING: [Synth 8-7129] Port dinb[0] in module xpm_memory_base__parameterized0 is either unconnected or has no load
WARNING: [Synth 8-7129] Port injectsbiterrb in module xpm_memory_base__parameterized0 is either unconnected or has no load
WARNING: [Synth 8-7129] Port injectdbiterrb in module xpm_memory_base__parameterized0 is either unconnected or has no load
WARNING: [Synth 8-7129] Port sleep in module xpm_memory_base is either unconnected or has no load
WARNING: [Synth 8-7129] Port rsta in module xpm_memory_base is either unconnected or has no load
WARNING: [Synth 8-7129] Port regcea in module xpm_memory_base is either unconnected or has no load
WARNING: [Synth 8-7129] Port injectsbiterra in module xpm_memory_base is either unconnected or has no load
WARNING: [Synth 8-7129] Port injectdbiterra in module xpm_memory_base is either unconnected or has no load
WARNING: [Synth 8-7129] Port clkb in module xpm_memory_base is either unconnected or has no load
WARNING: [Synth 8-7129] Port web[0] in module xpm_memory_base is either unconnected or has no load
WARNING: [Synth 8-7129] Port dinb[31] in module xpm_memory_base is either unconnected or has no load
WARNING: [Synth 8-7129] Port dinb[30] in module xpm_memory_base is either unconnected or has no load
WARNING: [Synth 8-7129] Port dinb[29] in module xpm_memory_base is either unconnected or has no load
WARNING: [Synth 8-7129] Port dinb[28] in module xpm_memory_base is either unconnected or has no load
WARNING: [Synth 8-7129] Port dinb[27] in module xpm_memory_base is either unconnected or has no load
WARNING: [Synth 8-7129] Port dinb[26] in module xpm_memory_base is either unconnected or has no load
WARNING: [Synth 8-7129] Port dinb[25] in module xpm_memory_base is either unconnected or has no load
WARNING: [Synth 8-7129] Port dinb[24] in module xpm_memory_base is either unconnected or has no load
WARNING: [Synth 8-7129] Port dinb[23] in module xpm_memory_base is either unconnected or has no load
WARNING: [Synth 8-7129] Port dinb[22] in module xpm_memory_base is either unconnected or has no load
WARNING: [Synth 8-7129] Port dinb[21] in module xpm_memory_base is either unconnected or has no load
WARNING: [Synth 8-7129] Port dinb[20] in module xpm_memory_base is either unconnected or has no load
WARNING: [Synth 8-7129] Port dinb[19] in module xpm_memory_base is either unconnected or has no load
WARNING: [Synth 8-7129] Port dinb[18] in module xpm_memory_base is either unconnected or has no load
WARNING: [Synth 8-7129] Port dinb[17] in module xpm_memory_base is either unconnected or has no load
WARNING: [Synth 8-7129] Port dinb[16] in module xpm_memory_base is either unconnected or has no load
WARNING: [Synth 8-7129] Port dinb[15] in module xpm_memory_base is either unconnected or has no load
WARNING: [Synth 8-7129] Port dinb[14] in module xpm_memory_base is either unconnected or has no load
WARNING: [Synth 8-7129] Port dinb[13] in module xpm_memory_base is either unconnected or has no load
WARNING: [Synth 8-7129] Port dinb[12] in module xpm_memory_base is either unconnected or has no load
WARNING: [Synth 8-7129] Port dinb[11] in module xpm_memory_base is either unconnected or has no load
WARNING: [Synth 8-7129] Port dinb[10] in module xpm_memory_base is either unconnected or has no load
WARNING: [Synth 8-7129] Port dinb[9] in module xpm_memory_base is either unconnected or has no load
WARNING: [Synth 8-7129] Port dinb[8] in module xpm_memory_base is either unconnected or has no load
WARNING: [Synth 8-7129] Port dinb[7] in module xpm_memory_base is either unconnected or has no load
WARNING: [Synth 8-7129] Port dinb[6] in module xpm_memory_base is either unconnected or has no load
WARNING: [Synth 8-7129] Port dinb[5] in module xpm_memory_base is either unconnected or has no load
WARNING: [Synth 8-7129] Port dinb[4] in module xpm_memory_base is either unconnected or has no load
WARNING: [Synth 8-7129] Port dinb[3] in module xpm_memory_base is either unconnected or has no load
WARNING: [Synth 8-7129] Port dinb[2] in module xpm_memory_base is either unconnected or has no load
WARNING: [Synth 8-7129] Port dinb[1] in module xpm_memory_base is either unconnected or has no load
WARNING: [Synth 8-7129] Port dinb[0] in module xpm_memory_base is either unconnected or has no load
WARNING: [Synth 8-7129] Port injectsbiterrb in module xpm_memory_base is either unconnected or has no load
WARNING: [Synth 8-7129] Port injectdbiterrb in module xpm_memory_base is either unconnected or has no load
WARNING: [Synth 8-7129] Port clk in module ecc_v2_0_13_reg_stage__parameterized1 is either unconnected or has no load
WARNING: [Synth 8-7129] Port reset in module ecc_v2_0_13_reg_stage__parameterized1 is either unconnected or has no load
WARNING: [Synth 8-7129] Port clk_en_in in module ecc_v2_0_13_reg_stage__parameterized1 is either unconnected or has no load
WARNING: [Synth 8-7129] Port clk in module ecc_v2_0_13_reg_stage is either unconnected or has no load
WARNING: [Synth 8-7129] Port reset in module ecc_v2_0_13_reg_stage is either unconnected or has no load
WARNING: [Synth 8-7129] Port clk_en_in in module ecc_v2_0_13_reg_stage is either unconnected or has no load
WARNING: [Synth 8-7129] Port ecc_encode in module ecc_v2_0_13 is either unconnected or has no load
WARNING: [Synth 8-7129] Port reset_n in module sd_fec_v1_1_8_rom_rtl is either unconnected or has no load
WARNING: [Synth 8-7129] Port code_gen_cmd[pf][2] in module sd_fec_v1_1_8_non_5g_code_generator is either unconnected or has no load
WARNING: [Synth 8-7129] Port code_gen_cmd[pf][1] in module sd_fec_v1_1_8_non_5g_code_generator is either unconnected or has no load
WARNING: [Synth 8-7129] Port code_gen_cmd[pf][0] in module sd_fec_v1_1_8_non_5g_code_generator is either unconnected or has no load
WARNING: [Synth 8-7129] Port code_gen_cmd[sdfec_region_idx][3] in module sd_fec_v1_1_8_non_5g_code_generator is either unconnected or has no load
WARNING: [Synth 8-7129] Port code_gen_cmd[sdfec_region_idx][2] in module sd_fec_v1_1_8_non_5g_code_generator is either unconnected or has no load
WARNING: [Synth 8-7129] Port code_gen_cmd[sdfec_region_idx][1] in module sd_fec_v1_1_8_non_5g_code_generator is either unconnected or has no load
WARNING: [Synth 8-7129] Port code_gen_cmd[sdfec_region_idx][0] in module sd_fec_v1_1_8_non_5g_code_generator is either unconnected or has no load
WARNING: [Synth 8-7129] Port code_gen_cmd[psize][8] in module sd_fec_v1_1_8_non_5g_code_generator is either unconnected or has no load
WARNING: [Synth 8-7129] Port code_gen_cmd[psize][7] in module sd_fec_v1_1_8_non_5g_code_generator is either unconnected or has no load
WARNING: [Synth 8-7129] Port code_gen_cmd[psize][6] in module sd_fec_v1_1_8_non_5g_code_generator is either unconnected or has no load
WARNING: [Synth 8-7129] Port code_gen_cmd[psize][5] in module sd_fec_v1_1_8_non_5g_code_generator is either unconnected or has no load
WARNING: [Synth 8-7129] Port code_gen_cmd[psize][4] in module sd_fec_v1_1_8_non_5g_code_generator is either unconnected or has no load
WARNING: [Synth 8-7129] Port code_gen_cmd[psize][3] in module sd_fec_v1_1_8_non_5g_code_generator is either unconnected or has no load
WARNING: [Synth 8-7129] Port code_gen_cmd[psize][2] in module sd_fec_v1_1_8_non_5g_code_generator is either unconnected or has no load
WARNING: [Synth 8-7129] Port code_gen_cmd[psize][1] in module sd_fec_v1_1_8_non_5g_code_generator is either unconnected or has no load
WARNING: [Synth 8-7129] Port code_gen_cmd[psize][0] in module sd_fec_v1_1_8_non_5g_code_generator is either unconnected or has no load
WARNING: [Synth 8-7129] Port code_param_reg[reg3][qc_off][10] in module sd_fec_v1_1_8_non_5g_code_generator is either unconnected or has no load
WARNING: [Synth 8-7129] Port code_param_reg[reg3][qc_off][9] in module sd_fec_v1_1_8_non_5g_code_generator is either unconnected or has no load
WARNING: [Synth 8-7129] Port code_param_reg[reg3][qc_off][8] in module sd_fec_v1_1_8_non_5g_code_generator is either unconnected or has no load
WARNING: [Synth 8-7129] Port code_param_reg[reg3][qc_off][7] in module sd_fec_v1_1_8_non_5g_code_generator is either unconnected or has no load
WARNING: [Synth 8-7129] Port code_param_reg[reg3][qc_off][6] in module sd_fec_v1_1_8_non_5g_code_generator is either unconnected or has no load
WARNING: [Synth 8-7129] Port code_param_reg[reg3][qc_off][5] in module sd_fec_v1_1_8_non_5g_code_generator is either unconnected or has no load
WARNING: [Synth 8-7129] Port code_param_reg[reg3][qc_off][4] in module sd_fec_v1_1_8_non_5g_code_generator is either unconnected or has no load
INFO: [Common 17-14] Message 'Synth 8-7129' appears 100 times and further instances of the messages will be disabled. Use the Tcl command set_msg_config to change the current settings.
---------------------------------------------------------------------------------
Finished RTL Elaboration : Time (s): cpu = 00:00:30 ; elapsed = 00:00:33 . Memory (MB): peak = 3782.688 ; gain = 535.242 ; free physical = 42959 ; free virtual = 107111
---------------------------------------------------------------------------------
---------------------------------------------------------------------------------
Start Handling Custom Attributes
---------------------------------------------------------------------------------
---------------------------------------------------------------------------------
Finished Handling Custom Attributes : Time (s): cpu = 00:00:31 ; elapsed = 00:00:35 . Memory (MB): peak = 3782.688 ; gain = 535.242 ; free physical = 42989 ; free virtual = 107130
---------------------------------------------------------------------------------
---------------------------------------------------------------------------------
Finished RTL Optimization Phase 1 : Time (s): cpu = 00:00:31 ; elapsed = 00:00:35 . Memory (MB): peak = 3782.688 ; gain = 535.242 ; free physical = 42989 ; free virtual = 107130
---------------------------------------------------------------------------------
Netlist sorting complete. Time (s): cpu = 00:00:00.14 ; elapsed = 00:00:00.14 . Memory (MB): peak = 3793.656 ; gain = 0.000 ; free physical = 42957 ; free virtual = 107102
INFO: [Netlist 29-17] Analyzing 24 Unisim elements for replacement
INFO: [Netlist 29-28] Unisim Transformation completed in 0 CPU seconds
INFO: [Project 1-570] Preparing netlist for logic optimization

Processing XDC Constraints
Initializing timing engine
Parsing XDC File [/home/miglioranza/Transmitter/Transmitter.gen/sources_1/bd/Design_2/ip/Design_2_Encoder_0_0/sources_1/ip/fifo_generator_0/fifo_generator_0.xdc] for cell 'U0/out_fifo/axis_fifo/U0'
Finished Parsing XDC File [/home/miglioranza/Transmitter/Transmitter.gen/sources_1/bd/Design_2/ip/Design_2_Encoder_0_0/sources_1/ip/fifo_generator_0/fifo_generator_0.xdc] for cell 'U0/out_fifo/axis_fifo/U0'
Parsing XDC File [/home/miglioranza/Transmitter/Transmitter.runs/Design_2_Encoder_0_0_synth_1/dont_touch.xdc]
Finished Parsing XDC File [/home/miglioranza/Transmitter/Transmitter.runs/Design_2_Encoder_0_0_synth_1/dont_touch.xdc]
INFO: [Project 1-236] Implementation specific constraints were found while reading constraint file [/home/miglioranza/Transmitter/Transmitter.runs/Design_2_Encoder_0_0_synth_1/dont_touch.xdc]. These constraints will be ignored for synthesis but will be used in implementation. Impacted constraints are listed in the file [.Xil/Design_2_Encoder_0_0_propImpl.xdc].
Resolution: To avoid this warning, move constraints listed in [.Xil/Design_2_Encoder_0_0_propImpl.xdc] to another XDC file and exclude this new file from synthesis with the used_in_synthesis property (File Properties dialog in GUI) and re-run elaboration/synthesis.
INFO: [Project 1-236] Implementation specific constraints were found while reading constraint file [/ihpusr/xilinx/vivado2021.2/Vivado/2021.2/data/ip/xpm/xpm_fifo/tcl/xpm_fifo_rst.tcl]. These constraints will be ignored for synthesis but will be used in implementation. Impacted constraints are listed in the file [.Xil/Design_2_Encoder_0_0_propImpl.xdc].
Resolution: To avoid this warning, move constraints listed in [.Xil/Design_2_Encoder_0_0_propImpl.xdc] to another XDC file and exclude this new file from synthesis with the used_in_synthesis property (File Properties dialog in GUI) and re-run elaboration/synthesis.
INFO: [Project 1-1714] 13 XPM XDC files have been applied to the design.
Completed Processing XDC Constraints

Netlist sorting complete. Time (s): cpu = 00:00:00.01 ; elapsed = 00:00:00 . Memory (MB): peak = 3915.469 ; gain = 0.000 ; free physical = 42841 ; free virtual = 106986
INFO: [Project 1-111] Unisim Transformation Summary:
No Unisim elements were transformed.

Constraint Validation Runtime : Time (s): cpu = 00:00:00.34 ; elapsed = 00:00:00.11 . Memory (MB): peak = 3915.469 ; gain = 0.000 ; free physical = 42838 ; free virtual = 106983
---------------------------------------------------------------------------------
Finished Constraint Validation : Time (s): cpu = 00:00:39 ; elapsed = 00:00:44 . Memory (MB): peak = 3915.469 ; gain = 668.023 ; free physical = 43732 ; free virtual = 107877
---------------------------------------------------------------------------------
---------------------------------------------------------------------------------
Start Loading Part and Timing Information
---------------------------------------------------------------------------------
Loading part: xczu28dr-ffvg1517-2-e
INFO: [Synth 8-6742] Reading net delay rules and data
---------------------------------------------------------------------------------
Finished Loading Part and Timing Information : Time (s): cpu = 00:00:39 ; elapsed = 00:00:44 . Memory (MB): peak = 3915.469 ; gain = 668.023 ; free physical = 43809 ; free virtual = 107953
---------------------------------------------------------------------------------
---------------------------------------------------------------------------------
Start Applying 'set_property' XDC Constraints
---------------------------------------------------------------------------------
Applied set_property KEEP_HIERARCHY = SOFT for U0/out_fifo/axis_fifo/U0. (constraint file  /home/miglioranza/Transmitter/Transmitter.runs/Design_2_Encoder_0_0_synth_1/dont_touch.xdc, line 14).
Applied set_property KEEP_HIERARCHY = SOFT for U0/out_fifo/axis_fifo. (constraint file  auto generated constraint).
Applied set_property KEEP_HIERARCHY = SOFT for U0/LDPC_encoder_1x16_inst0/ldpc_encoder. (constraint file  auto generated constraint).
Applied set_property KEEP_HIERARCHY = SOFT for U0/LDPC_encoder_1x16_inst1/ldpc_encoder. (constraint file  auto generated constraint).
Applied set_property KEEP_HIERARCHY = SOFT for U0/LDPC_encoder_1x16_inst2/ldpc_encoder. (constraint file  auto generated constraint).
Applied set_property KEEP_HIERARCHY = SOFT for U0/LDPC_encoder_1x16_inst3/ldpc_encoder. (constraint file  auto generated constraint).
Applied set_property KEEP_HIERARCHY = SOFT for U0/out_fifo/axis_fifo/U0/inst_fifo_gen/\gaxis_fifo.gaxisf.axisf /\grf.rf /rstblk/\ngwrdrst.grst.g7serrst.gsckt_wrst.xpm_cdc_sync_rst_inst_wrst . (constraint file  auto generated constraint).
Applied set_property KEEP_HIERARCHY = SOFT for U0/LDPC_encoder_1x16_inst0/ldpc_encoder/inst/\STD_OTHER_G.STD_OTHER_I /\S_AXI_INITIALIZED_G.NON_5G_CDC_SYNC_RST_I . (constraint file  auto generated constraint).
Applied set_property KEEP_HIERARCHY = SOFT for U0/LDPC_encoder_1x16_inst1/ldpc_encoder/inst/\STD_OTHER_G.STD_OTHER_I /\S_AXI_INITIALIZED_G.NON_5G_CDC_SYNC_RST_I . (constraint file  auto generated constraint).
Applied set_property KEEP_HIERARCHY = SOFT for U0/LDPC_encoder_1x16_inst2/ldpc_encoder/inst/\STD_OTHER_G.STD_OTHER_I /\S_AXI_INITIALIZED_G.NON_5G_CDC_SYNC_RST_I . (constraint file  auto generated constraint).
Applied set_property KEEP_HIERARCHY = SOFT for U0/LDPC_encoder_1x16_inst3/ldpc_encoder/inst/\STD_OTHER_G.STD_OTHER_I /\S_AXI_INITIALIZED_G.NON_5G_CDC_SYNC_RST_I . (constraint file  auto generated constraint).
Applied set_property KEEP_HIERARCHY = SOFT for U0/LDPC_encoder_1x16_inst0/ldpc_encoder/inst/\STD_OTHER_G.STD_OTHER_I /\S_AXI_INITIALIZED_G.SD_FEC_NON_5G_CODE_GEN_I /\LDPC_MODE.AXI_WDATA_IF_I . (constraint file  auto generated constraint).
Applied set_property KEEP_HIERARCHY = SOFT for U0/LDPC_encoder_1x16_inst1/ldpc_encoder/inst/\STD_OTHER_G.STD_OTHER_I /\S_AXI_INITIALIZED_G.SD_FEC_NON_5G_CODE_GEN_I /\LDPC_MODE.AXI_WDATA_IF_I . (constraint file  auto generated constraint).
Applied set_property KEEP_HIERARCHY = SOFT for U0/LDPC_encoder_1x16_inst2/ldpc_encoder/inst/\STD_OTHER_G.STD_OTHER_I /\S_AXI_INITIALIZED_G.SD_FEC_NON_5G_CODE_GEN_I /\LDPC_MODE.AXI_WDATA_IF_I . (constraint file  auto generated constraint).
Applied set_property KEEP_HIERARCHY = SOFT for U0/LDPC_encoder_1x16_inst3/ldpc_encoder/inst/\STD_OTHER_G.STD_OTHER_I /\S_AXI_INITIALIZED_G.SD_FEC_NON_5G_CODE_GEN_I /\LDPC_MODE.AXI_WDATA_IF_I . (constraint file  auto generated constraint).
Applied set_property KEEP_HIERARCHY = SOFT for U0/LDPC_encoder_1x16_inst0/ldpc_encoder/inst/\STD_OTHER_G.STD_OTHER_I /\S_AXI_INITIALIZED_G.SD_FEC_NON_5G_CODE_GEN_I /\LDPC_MODE.AXI_WADDR_IF_I . (constraint file  auto generated constraint).
Applied set_property KEEP_HIERARCHY = SOFT for U0/LDPC_encoder_1x16_inst1/ldpc_encoder/inst/\STD_OTHER_G.STD_OTHER_I /\S_AXI_INITIALIZED_G.SD_FEC_NON_5G_CODE_GEN_I /\LDPC_MODE.AXI_WADDR_IF_I . (constraint file  auto generated constraint).
Applied set_property KEEP_HIERARCHY = SOFT for U0/LDPC_encoder_1x16_inst2/ldpc_encoder/inst/\STD_OTHER_G.STD_OTHER_I /\S_AXI_INITIALIZED_G.SD_FEC_NON_5G_CODE_GEN_I /\LDPC_MODE.AXI_WADDR_IF_I . (constraint file  auto generated constraint).
Applied set_property KEEP_HIERARCHY = SOFT for U0/LDPC_encoder_1x16_inst3/ldpc_encoder/inst/\STD_OTHER_G.STD_OTHER_I /\S_AXI_INITIALIZED_G.SD_FEC_NON_5G_CODE_GEN_I /\LDPC_MODE.AXI_WADDR_IF_I . (constraint file  auto generated constraint).
---------------------------------------------------------------------------------
Finished applying 'set_property' XDC Constraints : Time (s): cpu = 00:00:39 ; elapsed = 00:00:44 . Memory (MB): peak = 3915.469 ; gain = 668.023 ; free physical = 45708 ; free virtual = 109853
---------------------------------------------------------------------------------
INFO: [Synth 8-802] inferred FSM for state register 'gpregsm1.curr_fwft_state_reg' in module 'rd_fwft'
INFO: [Synth 8-802] inferred FSM for state register 'sm_5g_code_manage_reg' in module 'sd_fec_v1_1_8_non_5g_code_manager'
INFO: [Synth 8-802] inferred FSM for state register 'gen_fwft.curr_fwft_state_reg' in module 'xpm_fifo_base'
INFO: [Synth 8-802] inferred FSM for state register 'gen_fwft.curr_fwft_state_reg' in module 'xpm_fifo_base__parameterized0'
INFO: [Synth 8-802] inferred FSM for state register 'LDPC_MODE.sm_5g_code_gen_reg' in module 'sd_fec_v1_1_8_non_5g_code_generator__xdcDup__1'
INFO: [Synth 8-802] inferred FSM for state register 'LDPC_MODE.sm_axi4_reg' in module 'sd_fec_v1_1_8_non_5g_code_generator__xdcDup__1'
INFO: [Synth 8-802] inferred FSM for state register 'sm_arb_reg' in module 'sd_fec_v1_1_8_arbiter'
INFO: [Synth 8-802] inferred FSM for state register 'LDPC_MODE.sm_5g_code_gen_reg' in module 'sd_fec_v1_1_8_non_5g_code_generator__xdcDup__2'
INFO: [Synth 8-802] inferred FSM for state register 'LDPC_MODE.sm_axi4_reg' in module 'sd_fec_v1_1_8_non_5g_code_generator__xdcDup__2'
INFO: [Synth 8-802] inferred FSM for state register 'LDPC_MODE.sm_5g_code_gen_reg' in module 'sd_fec_v1_1_8_non_5g_code_generator__xdcDup__3'
INFO: [Synth 8-802] inferred FSM for state register 'LDPC_MODE.sm_axi4_reg' in module 'sd_fec_v1_1_8_non_5g_code_generator__xdcDup__3'
INFO: [Synth 8-802] inferred FSM for state register 'LDPC_MODE.sm_5g_code_gen_reg' in module 'sd_fec_v1_1_8_non_5g_code_generator'
INFO: [Synth 8-802] inferred FSM for state register 'LDPC_MODE.sm_axi4_reg' in module 'sd_fec_v1_1_8_non_5g_code_generator'
INFO: [Synth 8-6904] The RAM "Wifi_Input_FSM:/data_input_reg" of size (depth=4 x width=32) is automatically implemented using LUTRAM. BRAM implementation would be inefficient 
INFO: [Synth 8-6159] Found Keep on FSM register 'gpregsm1.curr_fwft_state_reg' in module 'rd_fwft', re-encoding will not be performed
---------------------------------------------------------------------------------------------------
                   State |                     New Encoding |                Previous Encoding 
---------------------------------------------------------------------------------------------------
                 invalid |                               00 |                               00
            stage1_valid |                               10 |                               10
       both_stages_valid |                               11 |                               11
            stage2_valid |                               01 |                               01
---------------------------------------------------------------------------------------------------
---------------------------------------------------------------------------------------------------
                   State |                     New Encoding |                Previous Encoding 
---------------------------------------------------------------------------------------------------
             MANAGE_IDLE |                      00000000001 |                             0000
     COMPUTE_CODE_PARAMS |                      00000000010 |                             0011
           CHK_CODE_LOG0 |                      00000000100 |                             0001
           CHK_CODE_LOG1 |                      00000001000 |                             0010
         COMPUTE_OFFSETS |                      00000010000 |                             0100
        SC_TABLE_CMD_GEN |                      00000100000 |                             0110
        SC_TABLE_CMD_EXE |                      00001000000 |                             0111
        LA_TABLE_CMD_GEN |                      00010000000 |                             0101
        QC_TABLE_CMD_GEN |                      00100000000 |                             1000
      CODE_TABLE_CMD_GEN |                      01000000000 |                             1001
            CODE_STATUS0 |                      10000000000 |                             1100
---------------------------------------------------------------------------------------------------
INFO: [Synth 8-3354] encoded FSM with state register 'sm_5g_code_manage_reg' using encoding 'one-hot' in module 'sd_fec_v1_1_8_non_5g_code_manager'
---------------------------------------------------------------------------------------------------
                   State |                     New Encoding |                Previous Encoding 
---------------------------------------------------------------------------------------------------
                 invalid |                               00 |                               00
            stage1_valid |                               01 |                               10
       both_stages_valid |                               10 |                               11
            stage2_valid |                               11 |                               01
---------------------------------------------------------------------------------------------------
INFO: [Synth 8-3354] encoded FSM with state register 'gen_fwft.curr_fwft_state_reg' using encoding 'sequential' in module 'xpm_fifo_base'
---------------------------------------------------------------------------------------------------
                   State |                     New Encoding |                Previous Encoding 
---------------------------------------------------------------------------------------------------
                 invalid |                               00 |                               00
            stage1_valid |                               01 |                               10
       both_stages_valid |                               10 |                               11
            stage2_valid |                               11 |                               01
---------------------------------------------------------------------------------------------------
INFO: [Synth 8-3354] encoded FSM with state register 'gen_fwft.curr_fwft_state_reg' using encoding 'sequential' in module 'xpm_fifo_base__parameterized0'
---------------------------------------------------------------------------------------------------
                   State |                     New Encoding |                Previous Encoding 
---------------------------------------------------------------------------------------------------
                GEN_IDLE |                             0001 |                              000
              OFFSET_GEN |                             0010 |                              010
             ADDRESS_GEN |                             0100 |                              011
            END_CODE_GEN |                             1000 |                              100
---------------------------------------------------------------------------------------------------
INFO: [Synth 8-3354] encoded FSM with state register 'LDPC_MODE.sm_5g_code_gen_reg' using encoding 'one-hot' in module 'sd_fec_v1_1_8_non_5g_code_generator__xdcDup__1'
---------------------------------------------------------------------------------------------------
                   State |                     New Encoding |                Previous Encoding 
---------------------------------------------------------------------------------------------------
                AXI_IDLE |                             0000 |                             0000
               AXI_INIT0 |                             0001 |                             0001
               AXI_INIT1 |                             0010 |                             0010
               AXI_READY |                             0011 |                             0011
              AXI_OFFSET |                             0100 |                             0100
               AXI_WRITE |                             0101 |                             0101
                AXI_WAIT |                             0110 |                             1000
                AXI_READ |                             0111 |                             0110
            AXI_READDATA |                             1000 |                             0111
---------------------------------------------------------------------------------------------------
INFO: [Synth 8-3354] encoded FSM with state register 'LDPC_MODE.sm_axi4_reg' using encoding 'sequential' in module 'sd_fec_v1_1_8_non_5g_code_generator__xdcDup__1'
---------------------------------------------------------------------------------------------------
                   State |                     New Encoding |                Previous Encoding 
---------------------------------------------------------------------------------------------------
                ARB_IDLE |                               00 |                               00
            ARB_AGNT1_WR |                               01 |                               10
               ARB_AGNT0 |                               10 |                               01
---------------------------------------------------------------------------------------------------
INFO: [Synth 8-3354] encoded FSM with state register 'sm_arb_reg' using encoding 'sequential' in module 'sd_fec_v1_1_8_arbiter'
---------------------------------------------------------------------------------------------------
                   State |                     New Encoding |                Previous Encoding 
---------------------------------------------------------------------------------------------------
                GEN_IDLE |                             0001 |                              000
              OFFSET_GEN |                             0010 |                              010
             ADDRESS_GEN |                             0100 |                              011
            END_CODE_GEN |                             1000 |                              100
---------------------------------------------------------------------------------------------------
INFO: [Synth 8-3354] encoded FSM with state register 'LDPC_MODE.sm_5g_code_gen_reg' using encoding 'one-hot' in module 'sd_fec_v1_1_8_non_5g_code_generator__xdcDup__2'
---------------------------------------------------------------------------------------------------
                   State |                     New Encoding |                Previous Encoding 
---------------------------------------------------------------------------------------------------
                AXI_IDLE |                             0000 |                             0000
               AXI_INIT0 |                             0001 |                             0001
               AXI_INIT1 |                             0010 |                             0010
               AXI_READY |                             0011 |                             0011
              AXI_OFFSET |                             0100 |                             0100
               AXI_WRITE |                             0101 |                             0101
                AXI_WAIT |                             0110 |                             1000
                AXI_READ |                             0111 |                             0110
            AXI_READDATA |                             1000 |                             0111
---------------------------------------------------------------------------------------------------
INFO: [Synth 8-3354] encoded FSM with state register 'LDPC_MODE.sm_axi4_reg' using encoding 'sequential' in module 'sd_fec_v1_1_8_non_5g_code_generator__xdcDup__2'
---------------------------------------------------------------------------------------------------
                   State |                     New Encoding |                Previous Encoding 
---------------------------------------------------------------------------------------------------
                GEN_IDLE |                             0001 |                              000
              OFFSET_GEN |                             0010 |                              010
             ADDRESS_GEN |                             0100 |                              011
            END_CODE_GEN |                             1000 |                              100
---------------------------------------------------------------------------------------------------
INFO: [Synth 8-3354] encoded FSM with state register 'LDPC_MODE.sm_5g_code_gen_reg' using encoding 'one-hot' in module 'sd_fec_v1_1_8_non_5g_code_generator__xdcDup__3'
---------------------------------------------------------------------------------------------------
                   State |                     New Encoding |                Previous Encoding 
---------------------------------------------------------------------------------------------------
                AXI_IDLE |                             0000 |                             0000
               AXI_INIT0 |                             0001 |                             0001
               AXI_INIT1 |                             0010 |                             0010
               AXI_READY |                             0011 |                             0011
              AXI_OFFSET |                             0100 |                             0100
               AXI_WRITE |                             0101 |                             0101
                AXI_WAIT |                             0110 |                             1000
                AXI_READ |                             0111 |                             0110
            AXI_READDATA |                             1000 |                             0111
---------------------------------------------------------------------------------------------------
INFO: [Synth 8-3354] encoded FSM with state register 'LDPC_MODE.sm_axi4_reg' using encoding 'sequential' in module 'sd_fec_v1_1_8_non_5g_code_generator__xdcDup__3'
---------------------------------------------------------------------------------------------------
                   State |                     New Encoding |                Previous Encoding 
---------------------------------------------------------------------------------------------------
                GEN_IDLE |                             0001 |                              000
              OFFSET_GEN |                             0010 |                              010
             ADDRESS_GEN |                             0100 |                              011
            END_CODE_GEN |                             1000 |                              100
---------------------------------------------------------------------------------------------------
INFO: [Synth 8-3354] encoded FSM with state register 'LDPC_MODE.sm_5g_code_gen_reg' using encoding 'one-hot' in module 'sd_fec_v1_1_8_non_5g_code_generator'
---------------------------------------------------------------------------------------------------
                   State |                     New Encoding |                Previous Encoding 
---------------------------------------------------------------------------------------------------
                AXI_IDLE |                             0000 |                             0000
               AXI_INIT0 |                             0001 |                             0001
               AXI_INIT1 |                             0010 |                             0010
               AXI_READY |                             0011 |                             0011
              AXI_OFFSET |                             0100 |                             0100
               AXI_WRITE |                             0101 |                             0101
                AXI_WAIT |                             0110 |                             1000
                AXI_READ |                             0111 |                             0110
            AXI_READDATA |                             1000 |                             0111
---------------------------------------------------------------------------------------------------
INFO: [Synth 8-3354] encoded FSM with state register 'LDPC_MODE.sm_axi4_reg' using encoding 'sequential' in module 'sd_fec_v1_1_8_non_5g_code_generator'
---------------------------------------------------------------------------------
Finished RTL Optimization Phase 2 : Time (s): cpu = 00:00:43 ; elapsed = 00:00:50 . Memory (MB): peak = 3915.469 ; gain = 668.023 ; free physical = 47446 ; free virtual = 111590
---------------------------------------------------------------------------------
---------------------------------------------------------------------------------
Start RTL Component Statistics 
---------------------------------------------------------------------------------
---------------------------------------------------------------------------------
Finished RTL Component Statistics 
---------------------------------------------------------------------------------
---------------------------------------------------------------------------------
Start Part Resource Summary
---------------------------------------------------------------------------------
Part Resources:
DSPs: 4272 (col length:192)
BRAMs: 2160 (col length: RAMB18 192 RAMB36 96)
---------------------------------------------------------------------------------
Finished Part Resource Summary
---------------------------------------------------------------------------------
---------------------------------------------------------------------------------
Start Cross Boundary and Area Optimization
---------------------------------------------------------------------------------
WARNING: [Synth 8-7080] Parallel synthesis criteria is not met
INFO: [Synth 8-6904] The RAM "U0/FSM_Input/data_input_reg" of size (depth=4 x width=32) is automatically implemented using LUTRAM. BRAM implementation would be inefficient 
INFO: [Synth 8-6904] The RAM "Design_2_Encoder_0_0/U0/FSM_Input/data_input_reg" of size (depth=4 x width=32) is automatically implemented using LUTRAM. BRAM implementation would be inefficient 
WARNING: [Synth 8-3332] Sequential element (STD_OTHER_G.STD_OTHER_I/S_AXI_INITIALIZED_G.SD_FEC_NON_5G_ARBITER_I/FSM_sequential_sm_arb_reg[0]) is unused and will be removed from module sd_fec_v1_1_8__xdcDup__1.
WARNING: [Synth 8-3332] Sequential element (STD_OTHER_G.STD_OTHER_I/S_AXI_INITIALIZED_G.SD_FEC_NON_5G_ARBITER_I/FSM_sequential_sm_arb_reg[0]) is unused and will be removed from module sd_fec_v1_1_8__xdcDup__2.
WARNING: [Synth 8-3332] Sequential element (STD_OTHER_G.STD_OTHER_I/S_AXI_INITIALIZED_G.SD_FEC_NON_5G_ARBITER_I/FSM_sequential_sm_arb_reg[0]) is unused and will be removed from module sd_fec_v1_1_8__xdcDup__3.
WARNING: [Synth 8-3332] Sequential element (STD_OTHER_G.STD_OTHER_I/S_AXI_INITIALIZED_G.SD_FEC_NON_5G_ARBITER_I/FSM_sequential_sm_arb_reg[0]) is unused and will be removed from module sd_fec_v1_1_8.
---------------------------------------------------------------------------------
Finished Cross Boundary and Area Optimization : Time (s): cpu = 00:00:59 ; elapsed = 00:01:07 . Memory (MB): peak = 3915.469 ; gain = 668.023 ; free physical = 47424 ; free virtual = 111584
---------------------------------------------------------------------------------
---------------------------------------------------------------------------------
Start Applying XDC Timing Constraints
---------------------------------------------------------------------------------
---------------------------------------------------------------------------------
Finished Applying XDC Timing Constraints : Time (s): cpu = 00:01:08 ; elapsed = 00:01:18 . Memory (MB): peak = 4068.379 ; gain = 820.934 ; free physical = 46898 ; free virtual = 111058
---------------------------------------------------------------------------------
---------------------------------------------------------------------------------
Start Timing Optimization
---------------------------------------------------------------------------------
---------------------------------------------------------------------------------
Finished Timing Optimization : Time (s): cpu = 00:01:08 ; elapsed = 00:01:18 . Memory (MB): peak = 4088.387 ; gain = 840.941 ; free physical = 46886 ; free virtual = 111045
---------------------------------------------------------------------------------
---------------------------------------------------------------------------------
Start Technology Mapping
---------------------------------------------------------------------------------
Found timing loop:
     0: i_410/O (LUT2)
      [/home/miglioranza/Transmitter/Transmitter.gen/sources_1/bd/Design_2/ipshared/4916/sources_1/new/Wifi_Input_FSM.vhd:120]
     1: i_410/I1 (LUT2)
     2: i_363/O (LUT3)
      [/home/miglioranza/Transmitter/Transmitter.gen/sources_1/bd/Design_2/ipshared/4916/sources_1/new/Wifi_Input_FSM.vhd:120]
     3: i_363/I0 (LUT3)
     4: i_410/O (LUT2)
      [/home/miglioranza/Transmitter/Transmitter.gen/sources_1/bd/Design_2/ipshared/4916/sources_1/new/Wifi_Input_FSM.vhd:120]
CRITICAL WARNING: [Synth 8-295] found timing loop. [/home/miglioranza/Transmitter/Transmitter.gen/sources_1/bd/Design_2/ip/Design_2_Encoder_0_0/synth/Design_2_Encoder_0_0.vhd:56]
Inferred a: "set_disable_timing -from I1 -to O i_410"
Found timing loop:
     0: i_410/O (LUT2)
      [/home/miglioranza/Transmitter/Transmitter.gen/sources_1/bd/Design_2/ipshared/4916/sources_1/new/Wifi_Input_FSM.vhd:120]
     1: i_410/I0 (LUT2)
     2: i_411/O (LUT2)
      [/home/miglioranza/Transmitter/Transmitter.gen/sources_1/bd/Design_2/ipshared/4916/sources_1/new/Wifi_Input_FSM.vhd:120]
     3: i_411/I0 (LUT2)
     4: i_410/O (LUT2)
      [/home/miglioranza/Transmitter/Transmitter.gen/sources_1/bd/Design_2/ipshared/4916/sources_1/new/Wifi_Input_FSM.vhd:120]
CRITICAL WARNING: [Synth 8-295] found timing loop. [/home/miglioranza/Transmitter/Transmitter.gen/sources_1/bd/Design_2/ip/Design_2_Encoder_0_0/synth/Design_2_Encoder_0_0.vhd:56]
Inferred a: "set_disable_timing -from I0 -to O i_410"
INFO: [Synth 8-7052] The timing for the instance U0/LDPC_encoder_1x16_inst0/ldpc_encoder/inst/RD_LAT_NZ_G.rdata_d_reg[1]_0 (implemented as a Block RAM) might be sub-optimal as no optional output register could be merged into the ram block. Providing additional output register may help in improving timing.
INFO: [Synth 8-7052] The timing for the instance U0/LDPC_encoder_1x16_inst0/ldpc_encoder/inst/RD_LAT_NZ_G.rdata_d_reg[1]_1 (implemented as a Block RAM) might be sub-optimal as no optional output register could be merged into the ram block. Providing additional output register may help in improving timing.
INFO: [Synth 8-7052] The timing for the instance U0/LDPC_encoder_1x16_inst0/ldpc_encoder/inst/RD_LAT_NZ_G.rdata_d_reg[1]_2 (implemented as a Block RAM) might be sub-optimal as no optional output register could be merged into the ram block. Providing additional output register may help in improving timing.
INFO: [Synth 8-7052] The timing for the instance U0/LDPC_encoder_1x16_inst0/ldpc_encoder/inst/RD_LAT_NZ_G.rdata_d_reg[1]_3 (implemented as a Block RAM) might be sub-optimal as no optional output register could be merged into the ram block. Providing additional output register may help in improving timing.
INFO: [Synth 8-7052] The timing for the instance U0/LDPC_encoder_1x16_inst1/ldpc_encoder/inst/RD_LAT_NZ_G.rdata_d_reg[1]_0 (implemented as a Block RAM) might be sub-optimal as no optional output register could be merged into the ram block. Providing additional output register may help in improving timing.
INFO: [Synth 8-7052] The timing for the instance U0/LDPC_encoder_1x16_inst1/ldpc_encoder/inst/RD_LAT_NZ_G.rdata_d_reg[1]_1 (implemented as a Block RAM) might be sub-optimal as no optional output register could be merged into the ram block. Providing additional output register may help in improving timing.
INFO: [Synth 8-7052] The timing for the instance U0/LDPC_encoder_1x16_inst1/ldpc_encoder/inst/RD_LAT_NZ_G.rdata_d_reg[1]_2 (implemented as a Block RAM) might be sub-optimal as no optional output register could be merged into the ram block. Providing additional output register may help in improving timing.
INFO: [Synth 8-7052] The timing for the instance U0/LDPC_encoder_1x16_inst1/ldpc_encoder/inst/RD_LAT_NZ_G.rdata_d_reg[1]_3 (implemented as a Block RAM) might be sub-optimal as no optional output register could be merged into the ram block. Providing additional output register may help in improving timing.
INFO: [Synth 8-7052] The timing for the instance U0/LDPC_encoder_1x16_inst2/ldpc_encoder/inst/RD_LAT_NZ_G.rdata_d_reg[1]_0 (implemented as a Block RAM) might be sub-optimal as no optional output register could be merged into the ram block. Providing additional output register may help in improving timing.
INFO: [Synth 8-7052] The timing for the instance U0/LDPC_encoder_1x16_inst2/ldpc_encoder/inst/RD_LAT_NZ_G.rdata_d_reg[1]_1 (implemented as a Block RAM) might be sub-optimal as no optional output register could be merged into the ram block. Providing additional output register may help in improving timing.
INFO: [Synth 8-7052] The timing for the instance U0/LDPC_encoder_1x16_inst2/ldpc_encoder/inst/RD_LAT_NZ_G.rdata_d_reg[1]_2 (implemented as a Block RAM) might be sub-optimal as no optional output register could be merged into the ram block. Providing additional output register may help in improving timing.
INFO: [Synth 8-7052] The timing for the instance U0/LDPC_encoder_1x16_inst2/ldpc_encoder/inst/RD_LAT_NZ_G.rdata_d_reg[1]_3 (implemented as a Block RAM) might be sub-optimal as no optional output register could be merged into the ram block. Providing additional output register may help in improving timing.
INFO: [Synth 8-7052] The timing for the instance U0/LDPC_encoder_1x16_inst3/ldpc_encoder/inst/RD_LAT_NZ_G.rdata_d_reg[1]_0 (implemented as a Block RAM) might be sub-optimal as no optional output register could be merged into the ram block. Providing additional output register may help in improving timing.
INFO: [Synth 8-7052] The timing for the instance U0/LDPC_encoder_1x16_inst3/ldpc_encoder/inst/RD_LAT_NZ_G.rdata_d_reg[1]_1 (implemented as a Block RAM) might be sub-optimal as no optional output register could be merged into the ram block. Providing additional output register may help in improving timing.
INFO: [Synth 8-7052] The timing for the instance U0/LDPC_encoder_1x16_inst3/ldpc_encoder/inst/RD_LAT_NZ_G.rdata_d_reg[1]_2 (implemented as a Block RAM) might be sub-optimal as no optional output register could be merged into the ram block. Providing additional output register may help in improving timing.
INFO: [Synth 8-7052] The timing for the instance U0/LDPC_encoder_1x16_inst3/ldpc_encoder/inst/RD_LAT_NZ_G.rdata_d_reg[1]_3 (implemented as a Block RAM) might be sub-optimal as no optional output register could be merged into the ram block. Providing additional output register may help in improving timing.
---------------------------------------------------------------------------------
Finished Technology Mapping : Time (s): cpu = 00:01:10 ; elapsed = 00:01:21 . Memory (MB): peak = 4115.426 ; gain = 867.980 ; free physical = 46885 ; free virtual = 111045
---------------------------------------------------------------------------------
---------------------------------------------------------------------------------
Start IO Insertion
---------------------------------------------------------------------------------
---------------------------------------------------------------------------------
Start Flattening Before IO Insertion
---------------------------------------------------------------------------------
---------------------------------------------------------------------------------
Finished Flattening Before IO Insertion
---------------------------------------------------------------------------------
---------------------------------------------------------------------------------
Start Final Netlist Cleanup
---------------------------------------------------------------------------------
---------------------------------------------------------------------------------
Finished Final Netlist Cleanup
---------------------------------------------------------------------------------
---------------------------------------------------------------------------------
Finished IO Insertion : Time (s): cpu = 00:01:13 ; elapsed = 00:01:23 . Memory (MB): peak = 4115.426 ; gain = 867.980 ; free physical = 46883 ; free virtual = 111043
---------------------------------------------------------------------------------
---------------------------------------------------------------------------------
Start Renaming Generated Instances
---------------------------------------------------------------------------------
---------------------------------------------------------------------------------
Finished Renaming Generated Instances : Time (s): cpu = 00:01:13 ; elapsed = 00:01:23 . Memory (MB): peak = 4115.426 ; gain = 867.980 ; free physical = 46883 ; free virtual = 111043
---------------------------------------------------------------------------------
Found timing loop:
     0: last_frame_INST_0/O (LUT3)
      [/home/miglioranza/Transmitter/Transmitter.gen/sources_1/bd/Design_2/ipshared/4916/sources_1/new/Wifi_Input_FSM.vhd:120]
     1: last_frame_INST_0/I2 (LUT3)
     2: last_frame_INST_0/O (LUT3)
CRITICAL WARNING: [Synth 8-295] found timing loop. [/home/miglioranza/Transmitter/Transmitter.gen/sources_1/bd/Design_2/ip/Design_2_Encoder_0_0/synth/Design_2_Encoder_0_0.vhd:56]
Inferred a: "set_disable_timing -from I2 -to O last_frame_INST_0"
---------------------------------------------------------------------------------
Start Rebuilding User Hierarchy
---------------------------------------------------------------------------------
---------------------------------------------------------------------------------
Finished Rebuilding User Hierarchy : Time (s): cpu = 00:01:13 ; elapsed = 00:01:23 . Memory (MB): peak = 4115.426 ; gain = 867.980 ; free physical = 46883 ; free virtual = 111043
---------------------------------------------------------------------------------
---------------------------------------------------------------------------------
Start Renaming Generated Ports
---------------------------------------------------------------------------------
---------------------------------------------------------------------------------
Finished Renaming Generated Ports : Time (s): cpu = 00:01:13 ; elapsed = 00:01:23 . Memory (MB): peak = 4115.426 ; gain = 867.980 ; free physical = 46883 ; free virtual = 111043
---------------------------------------------------------------------------------
---------------------------------------------------------------------------------
Start Handling Custom Attributes
---------------------------------------------------------------------------------
---------------------------------------------------------------------------------
Finished Handling Custom Attributes : Time (s): cpu = 00:01:13 ; elapsed = 00:01:23 . Memory (MB): peak = 4115.426 ; gain = 867.980 ; free physical = 46883 ; free virtual = 111043
---------------------------------------------------------------------------------
---------------------------------------------------------------------------------
Start Renaming Generated Nets
---------------------------------------------------------------------------------
---------------------------------------------------------------------------------
Finished Renaming Generated Nets : Time (s): cpu = 00:01:13 ; elapsed = 00:01:24 . Memory (MB): peak = 4115.426 ; gain = 867.980 ; free physical = 46883 ; free virtual = 111043
---------------------------------------------------------------------------------
---------------------------------------------------------------------------------
Start Writing Synthesis Report
---------------------------------------------------------------------------------

Report BlackBoxes: 
+-+--------------+----------+
| |BlackBox name |Instances |
+-+--------------+----------+
+-+--------------+----------+

Report Cell Usage: 
+------+---------+------+
|      |Cell     |Count |
+------+---------+------+
|1     |CARRY8   |    74|
|2     |FE       |     4|
|3     |LUT1     |   133|
|4     |LUT2     |   457|
|5     |LUT3     |   319|
|6     |LUT4     |   301|
|7     |LUT5     |   251|
|8     |LUT6     |   907|
|9     |MUXCY    |    24|
|10    |RAM32M   |    12|
|11    |RAM32M16 |    20|
|12    |RAMB36E2 |    20|
|17    |SRL16E   |   129|
|18    |FDCE     |    57|
|19    |FDRE     |  2165|
|20    |FDSE     |   136|
+------+---------+------+
---------------------------------------------------------------------------------
Finished Writing Synthesis Report : Time (s): cpu = 00:01:13 ; elapsed = 00:01:24 . Memory (MB): peak = 4115.426 ; gain = 867.980 ; free physical = 46883 ; free virtual = 111043
---------------------------------------------------------------------------------
Synthesis finished with 0 errors, 3 critical warnings and 1454 warnings.
Synthesis Optimization Runtime : Time (s): cpu = 00:01:09 ; elapsed = 00:01:20 . Memory (MB): peak = 4115.426 ; gain = 735.199 ; free physical = 46912 ; free virtual = 111075
Synthesis Optimization Complete : Time (s): cpu = 00:01:13 ; elapsed = 00:01:24 . Memory (MB): peak = 4115.434 ; gain = 867.980 ; free physical = 46907 ; free virtual = 111071
INFO: [Project 1-571] Translating synthesized netlist
Netlist sorting complete. Time (s): cpu = 00:00:00.08 ; elapsed = 00:00:00.09 . Memory (MB): peak = 4115.434 ; gain = 0.000 ; free physical = 47009 ; free virtual = 111169
INFO: [Netlist 29-17] Analyzing 130 Unisim elements for replacement
INFO: [Netlist 29-28] Unisim Transformation completed in 0 CPU seconds
INFO: [Project 1-570] Preparing netlist for logic optimization
INFO: [Opt 31-138] Pushed 0 inverter(s) to 0 load pin(s).
Netlist sorting complete. Time (s): cpu = 00:00:00 ; elapsed = 00:00:00 . Memory (MB): peak = 4206.102 ; gain = 0.000 ; free physical = 46920 ; free virtual = 111080
INFO: [Project 1-111] Unisim Transformation Summary:
  A total of 36 instances were transformed.
  (CARRY4) => CARRY8: 4 instances
  RAM32M => RAM32M (RAMD32(x6), RAMS32(x2)): 12 instances
  RAM32M16 => RAM32M16 (RAMD32(x14), RAMS32(x2)): 20 instances

Synth Design complete, checksum: b6258428
INFO: [Common 17-83] Releasing license: Synthesis
143 Infos, 116 Warnings, 3 Critical Warnings and 0 Errors encountered.
synth_design completed successfully
synth_design: Time (s): cpu = 00:01:29 ; elapsed = 00:02:06 . Memory (MB): peak = 4206.102 ; gain = 1098.344 ; free physical = 47131 ; free virtual = 111291
INFO: [Common 17-1381] The checkpoint '/home/miglioranza/Transmitter/Transmitter.runs/Design_2_Encoder_0_0_synth_1/Design_2_Encoder_0_0.dcp' has been generated.
INFO: [runtcl-6] Synthesis results are not added to the cache due to CRITICAL_WARNING
INFO: [Coretcl 2-1174] Renamed 188 cell refs.
INFO: [Common 17-1381] The checkpoint '/home/miglioranza/Transmitter/Transmitter.runs/Design_2_Encoder_0_0_synth_1/Design_2_Encoder_0_0.dcp' has been generated.
INFO: [runtcl-4] Executing : report_utilization -file Design_2_Encoder_0_0_utilization_synth.rpt -pb Design_2_Encoder_0_0_utilization_synth.pb
INFO: [Common 17-206] Exiting Vivado at Mon Jun  2 15:58:17 2025...
