INFO: [VRFC 10-2263] Analyzing SystemVerilog file "/home/miglioranza/Transmitter/Transmitter.ip_user_files/bd/Design_2/ip/Design_2_Encoder_0_0/sources_1/ip/sd_fec_0/sim/sd_fec_0.sv" into library xil_defaultlib
INFO: [VRFC 10-311] analyzing module sd_fec_0
INFO: [VRFC 10-2263] Analyzing Verilog file "/home/miglioranza/Transmitter/Transmitter.ip_user_files/bd/Design_2/ip/Design_2_Encoder_0_0/sources_1/ip/fifo_generator_0/sim/fifo_generator_0.v" into library xil_defaultlib
INFO: [VRFC 10-311] analyzing module fifo_generator_0
INFO: [VRFC 10-163] Analyzing VHDL file "/home/miglioranza/Transmitter/Transmitter.ip_user_files/bd/Design_2/ipshared/ea30/sources_1/new/LDPC_core.vhd" into library xil_defaultlib
INFO: [VRFC 10-3107] analyzing entity 'LDPC_core'
INFO: [VRFC 10-163] Analyzing VHDL file "/home/miglioranza/Transmitter/Transmitter.ip_user_files/bd/Design_2/ipshared/ea30/sources_1/new/Output_fifo.vhd" into library xil_defaultlib
INFO: [VRFC 10-3107] analyzing entity 'Output_fifo'
INFO: [VRFC 10-163] Analyzing VHDL file "/home/miglioranza/Transmitter/Transmitter.ip_user_files/bd/Design_2/ipshared/ea30/sources_1/new/Wifi_Input_FSM.vhd" into library xil_defaultlib
INFO: [VRFC 10-3107] analyzing entity 'Wifi_Input_FSM'
INFO: [VRFC 10-163] Analyzing VHDL file "/home/miglioranza/Transmitter/Transmitter.ip_user_files/bd/Design_2/ipshared/ea30/sources_1/new/Encoder.vhd" into library xil_defaultlib
INFO: [VRFC 10-3107] analyzing entity 'Encoder'
INFO: [VRFC 10-163] Analyzing VHDL file "/home/miglioranza/Transmitter/Transmitter.ip_user_files/bd/Design_2/ip/Design_2_Encoder_0_0/sim/Design_2_Encoder_0_0.vhd" into library xil_defaultlib
INFO: [VRFC 10-3107] analyzing entity 'Design_2_Encoder_0_0'
INFO: [VRFC 10-163] Analyzing VHDL file "/home/miglioranza/Transmitter/Transmitter.ip_user_files/bd/Design_2/ipshared/4023/sources_1/new/Interleaver.vhd" into library xil_defaultlib
INFO: [VRFC 10-3107] analyzing entity 'block_interleaver'
INFO: [VRFC 10-163] Analyzing VHDL file "/home/miglioranza/Transmitter/Transmitter.ip_user_files/bd/Design_2/ip/Design_2_block_interleaver_0_0/sim/Design_2_block_interleaver_0_0.vhd" into library xil_defaultlib
INFO: [VRFC 10-3107] analyzing entity 'Design_2_block_interleaver_0_0'
INFO: [VRFC 10-163] Analyzing VHDL file "/home/miglioranza/Transmitter/Transmitter.ip_user_files/bd/Design_2/sim/Design_2.vhd" into library xil_defaultlib
INFO: [VRFC 10-3107] analyzing entity 'Design_2'
INFO: [VRFC 10-163] Analyzing VHDL file "/home/miglioranza/Transmitter/Transmitter.gen/sources_1/bd/Design_2/hdl/Design_2_wrapper.vhd" into library xil_defaultlib
INFO: [VRFC 10-3107] analyzing entity 'Design_2_wrapper'
INFO: [VRFC 10-163] Analyzing VHDL file "/home/miglioranza/Transmitter/Transmitter.srcs/sim_1/new/tb_design_1_wrapper.vhd" into library xil_defaultlib
INFO: [VRFC 10-3107] analyzing entity 'tb_design_1_wrapper'
